   Compiling version_check v0.9.5
   Compiling lexical-util v1.0.7
   Compiling proc-macro2 v1.0.107
   Compiling unicode-ident v1.0.24
   Compiling libc v0.2.189
   Compiling quote v1.0.47
   Compiling cfg-if v1.0.4
   Compiling syn v1.0.109
   Compiling autocfg v1.5.1
   Compiling once_cell v1.21.4
   Compiling typenum v1.20.1
   Compiling smallvec v1.15.2
   Compiling utf8-decode v1.0.1
   Compiling decoded-char v0.1.1
   Compiling locspan v0.8.2
   Compiling cpufeatures v0.3.0
   Compiling rack v0.1.0 (/home/bl/misofm/engine-rt8-plan/crates/rack)
   Compiling builtins v0.1.0 (/home/bl/misofm/engine-rt8-plan/crates/builtins)
   Compiling proc-macro-error-attr v1.0.4
   Compiling ahash v0.7.8
   Compiling proc-macro-error v1.0.4
   Compiling smallstr v0.3.1
   Compiling indexmap v1.9.3
   Compiling rack-compiler v0.1.0 (/home/bl/misofm/engine-rt8-plan/crates/rack-compiler)
   Compiling graph v0.1.0 (/home/bl/misofm/engine-rt8-plan/crates/graph)
   Compiling lexical-parse-integer v1.0.6
   Compiling lexical-write-integer v1.0.6
   Compiling hybrid-array v0.4.14
   Compiling lexical-parse-float v1.0.6
   Compiling lexical-write-float v1.0.6
   Compiling getrandom v0.2.17
   Compiling lexical-core v1.0.6
   Compiling lexical v7.0.5
   Compiling block-buffer v0.12.1
   Compiling crypto-common v0.2.2
   Compiling json-number v0.4.10
   Compiling hashbrown v0.12.3
   Compiling digest v0.11.3
   Compiling sha2 v0.11.0
   Compiling locspan-derive v0.6.0
   Compiling json-syntax v0.12.5
   Compiling session v0.1.0 (/home/bl/misofm/engine-rt8-plan/crates/session)
   Compiling builtins-compiler v0.1.0 (/home/bl/misofm/engine-rt8-plan/crates/builtins-compiler)
    Finished `release` profile [optimized + debuginfo] target(s) in 26.80s
     Running tests/allocation_tracker.rs (target/release/deps/allocation_tracker-07c444198b779b67)
