   Compiling effect-contract v0.1.0 (/home/bl/misofm/engine-rt8-plan/crates/effect-contract)
   Compiling session v0.1.0 (/home/bl/misofm/engine-rt8-plan/crates/session)
   Compiling rack v0.1.0 (/home/bl/misofm/engine-rt8-plan/crates/rack)
   Compiling true-peak-limiter v0.1.0 (/home/bl/misofm/engine-rt8-plan/crates/true-peak-limiter)
   Compiling soft-clip v0.1.0 (/home/bl/misofm/engine-rt8-plan/crates/soft-clip)
   Compiling multiband-compressor v0.1.0 (/home/bl/misofm/engine-rt8-plan/crates/multiband-compressor)
   Compiling parametric-eq v0.1.0 (/home/bl/misofm/engine-rt8-plan/crates/parametric-eq)
   Compiling builtins v0.1.0 (/home/bl/misofm/engine-rt8-plan/crates/builtins)
   Compiling transient-shaper v0.1.0 (/home/bl/misofm/engine-rt8-plan/crates/transient-shaper)
   Compiling delay v0.1.0 (/home/bl/misofm/engine-rt8-plan/crates/delay)
   Compiling gate-expander v0.1.0 (/home/bl/misofm/engine-rt8-plan/crates/gate-expander)
   Compiling compressor v0.1.0 (/home/bl/misofm/engine-rt8-plan/crates/compressor)
   Compiling conformance v0.1.0 (/home/bl/misofm/engine-rt8-plan/crates/conformance)
   Compiling graph v0.1.0 (/home/bl/misofm/engine-rt8-plan/crates/graph)
   Compiling rack-compiler v0.1.0 (/home/bl/misofm/engine-rt8-plan/crates/rack-compiler)
   Compiling effect-package v0.1.0 (/home/bl/misofm/engine-rt8-plan/crates/effect-package)
   Compiling builtins-compiler v0.1.0 (/home/bl/misofm/engine-rt8-plan/crates/builtins-compiler)
   Compiling effect-compiler v0.1.0 (/home/bl/misofm/engine-rt8-plan/crates/effect-compiler)
   Compiling graph-compiler v0.1.0 (/home/bl/misofm/engine-rt8-plan/crates/graph-compiler)
    Finished `test` profile [unoptimized + debuginfo] target(s) in 6.63s
     Running unittests src/lib.rs (target/debug/deps/graph_compiler-12dea0a01d43bb77)
