   Compiling bytemuck v1.25.2
   Compiling engine v0.1.0 (/home/bl/misofm/engine-238-plan/crates/engine)
   Compiling lexical-util v1.0.7
   Compiling cfg-if v1.0.4
   Compiling once_cell v1.21.4
   Compiling typenum v1.20.1
   Compiling smallvec v1.15.2
   Compiling locspan v0.8.2
   Compiling decoded-char v0.1.1
   Compiling utf8-decode v1.0.1
   Compiling cpufeatures v0.3.0
   Compiling libc v0.2.189
   Compiling safe_arch v1.2.0
   Compiling smallstr v0.3.1
   Compiling lexical-parse-integer v1.0.6
   Compiling lexical-write-integer v1.0.6
   Compiling wide v1.6.1
   Compiling getrandom v0.2.17
   Compiling lexical-parse-float v1.0.6
   Compiling hybrid-array v0.4.14
   Compiling lexical-write-float v1.0.6
   Compiling ahash v0.7.8
   Compiling hashbrown v0.12.3
   Compiling lexical-core v1.0.6
   Compiling lexical v7.0.5
   Compiling block-buffer v0.12.1
   Compiling crypto-common v0.2.2
   Compiling json-number v0.4.10
   Compiling indexmap v1.9.3
   Compiling digest v0.11.3
   Compiling json-syntax v0.12.5
   Compiling sha2 v0.11.0
   Compiling session v0.1.0 (/home/bl/misofm/engine-238-plan/crates/session)
   Compiling protocol v0.1.0 (/home/bl/misofm/engine-238-plan/crates/protocol)
   Compiling lane v0.1.0 (/home/bl/misofm/engine-238-plan/crates/lane)
   Compiling math v0.1.0 (/home/bl/misofm/engine-238-plan/crates/math)
   Compiling effect-contract v0.1.0 (/home/bl/misofm/engine-238-plan/crates/effect-contract)
   Compiling effect-runtime v0.1.0 (/home/bl/misofm/engine-238-plan/crates/effect-runtime)
   Compiling rack v0.1.0 (/home/bl/misofm/engine-238-plan/crates/rack)
   Compiling true-peak-limiter v0.1.0 (/home/bl/misofm/engine-238-plan/crates/true-peak-limiter)
   Compiling multiband-compressor v0.1.0 (/home/bl/misofm/engine-238-plan/crates/multiband-compressor)
   Compiling soft-clip v0.1.0 (/home/bl/misofm/engine-238-plan/crates/soft-clip)
   Compiling transient-shaper v0.1.0 (/home/bl/misofm/engine-238-plan/crates/transient-shaper)
   Compiling parametric-eq v0.1.0 (/home/bl/misofm/engine-238-plan/crates/parametric-eq)
   Compiling delay v0.1.0 (/home/bl/misofm/engine-238-plan/crates/delay)
   Compiling compressor v0.1.0 (/home/bl/misofm/engine-238-plan/crates/compressor)
   Compiling builtins v0.1.0 (/home/bl/misofm/engine-238-plan/crates/builtins)
   Compiling gate-expander v0.1.0 (/home/bl/misofm/engine-238-plan/crates/gate-expander)
   Compiling graph v0.1.0 (/home/bl/misofm/engine-238-plan/crates/graph)
   Compiling rack-compiler v0.1.0 (/home/bl/misofm/engine-238-plan/crates/rack-compiler)
   Compiling builtins-compiler v0.1.0 (/home/bl/misofm/engine-238-plan/crates/builtins-compiler)
   Compiling source v0.1.0 (/home/bl/misofm/engine-238-plan/crates/source)
   Compiling effect-package v0.1.0 (/home/bl/misofm/engine-238-plan/crates/effect-package)
   Compiling effect-compiler v0.1.0 (/home/bl/misofm/engine-238-plan/crates/effect-compiler)
   Compiling graph-compiler v0.1.0 (/home/bl/misofm/engine-238-plan/crates/graph-compiler)
   Compiling host-core v0.1.0 (/home/bl/misofm/engine-238-plan/crates/host-core)
   Compiling capi v0.1.0 (/home/bl/misofm/engine-238-plan/crates/capi)
    Finished `release` profile [optimized + debuginfo] target(s) in 39.26s
     Running tests/resource_lifecycle.rs (/tmp/engine-238-native-qualified/release/deps/resource_lifecycle-c3764b7a4fd38077)

running 4 tests
test render_diagnostic_egress_reuses_eager_capi_storage_without_allocation ... ok
test tiny_control_frame_still_accounts_three_provider_counters_exactly ... ok
test exported_c_candidates_replay_render_and_both_destroy_orders_balance_exactly ... ok
test external_primitive_double_live_oracle_drives_exact_and_one_below_c_caps ... ok

test result: ok. 4 passed; 0 failed; 0 ignored; 0 measured; 0 filtered out; finished in 0.03s

