    Checking engine v0.1.0 (/home/bl/misofm/engine-483-floor-parity/crates/engine)
    Checking lane v0.1.0 (/home/bl/misofm/engine-483-floor-parity/crates/lane)
    Checking dsp-reference v0.1.0 (/home/bl/misofm/engine-483-floor-parity/crates/dsp-reference)
    Checking math v0.1.0 (/home/bl/misofm/engine-483-floor-parity/crates/math)
    Checking session v0.1.0 (/home/bl/misofm/engine-483-floor-parity/crates/session)
    Checking bench-support v0.1.0 (/home/bl/misofm/engine-483-floor-parity/tools/bench-support)
    Checking effect-contract v0.1.0 (/home/bl/misofm/engine-483-floor-parity/crates/effect-contract)
    Checking effect-runtime v0.1.0 (/home/bl/misofm/engine-483-floor-parity/crates/effect-runtime)
    Checking protocol v0.1.0 (/home/bl/misofm/engine-483-floor-parity/crates/protocol)
    Checking rack v0.1.0 (/home/bl/misofm/engine-483-floor-parity/crates/rack)
    Checking builtins v0.1.0 (/home/bl/misofm/engine-483-floor-parity/crates/builtins)
    Checking effect-package v0.1.0 (/home/bl/misofm/engine-483-floor-parity/crates/effect-package)
    Checking true-peak-limiter v0.1.0 (/home/bl/misofm/engine-483-floor-parity/crates/true-peak-limiter)
    Checking gate-expander v0.1.0 (/home/bl/misofm/engine-483-floor-parity/crates/gate-expander)
    Checking transient-shaper v0.1.0 (/home/bl/misofm/engine-483-floor-parity/crates/transient-shaper)
    Checking multiband-compressor v0.1.0 (/home/bl/misofm/engine-483-floor-parity/crates/multiband-compressor)
    Checking compressor v0.1.0 (/home/bl/misofm/engine-483-floor-parity/crates/compressor)
    Checking soft-clip v0.1.0 (/home/bl/misofm/engine-483-floor-parity/crates/soft-clip)
    Checking delay v0.1.0 (/home/bl/misofm/engine-483-floor-parity/crates/delay)
    Checking parametric-eq v0.1.0 (/home/bl/misofm/engine-483-floor-parity/crates/parametric-eq)
    Checking conformance v0.1.0 (/home/bl/misofm/engine-483-floor-parity/crates/conformance)
    Checking rack-compiler v0.1.0 (/home/bl/misofm/engine-483-floor-parity/crates/rack-compiler)
    Checking graph v0.1.0 (/home/bl/misofm/engine-483-floor-parity/crates/graph)
    Checking effect-compiler v0.1.0 (/home/bl/misofm/engine-483-floor-parity/crates/effect-compiler)
    Checking builtins-compiler v0.1.0 (/home/bl/misofm/engine-483-floor-parity/crates/builtins-compiler)
    Checking graph-compiler v0.1.0 (/home/bl/misofm/engine-483-floor-parity/crates/graph-compiler)
    Checking console-workload v0.1.0 (/home/bl/misofm/engine-483-floor-parity/tools/console-workload)
    Checking bench v0.1.0 (/home/bl/misofm/engine-483-floor-parity/tools/bench)
    Finished `dev` profile [unoptimized + debuginfo] target(s) in 1.89s
