    Blocking waiting for file lock on build directory
   Compiling bytemuck v1.25.2
   Compiling cfg-if v1.0.4
   Compiling engine v0.1.0 (/home/bl/misofm/engine-slot-reservation/crates/engine)
   Compiling math v0.1.0 (/home/bl/misofm/engine-slot-reservation/crates/math)
   Compiling typenum v1.20.1
   Compiling cpufeatures v0.3.0
   Compiling getrandom v0.2.17
   Compiling ahash v0.7.8
   Compiling safe_arch v1.2.0
   Compiling hashbrown v0.12.3
   Compiling wide v1.6.1
   Compiling hybrid-array v0.4.14
   Compiling indexmap v1.9.3
   Compiling block-buffer v0.12.1
   Compiling crypto-common v0.2.2
   Compiling json-syntax v0.12.5
   Compiling digest v0.11.3
   Compiling session v0.1.0 (/home/bl/misofm/engine-slot-reservation/crates/session)
   Compiling sha2 v0.11.0
   Compiling lane v0.1.0 (/home/bl/misofm/engine-slot-reservation/crates/lane)
   Compiling effect-contract v0.1.0 (/home/bl/misofm/engine-slot-reservation/crates/effect-contract)
   Compiling rack v0.1.0 (/home/bl/misofm/engine-slot-reservation/crates/rack)
   Compiling builtins v0.1.0 (/home/bl/misofm/engine-slot-reservation/crates/builtins)
   Compiling graph v0.1.0 (/home/bl/misofm/engine-slot-reservation/crates/graph)
   Compiling rack-compiler v0.1.0 (/home/bl/misofm/engine-slot-reservation/crates/rack-compiler)
   Compiling builtins-compiler v0.1.0 (/home/bl/misofm/engine-slot-reservation/crates/builtins-compiler)
    Finished `release` profile [optimized + debuginfo] target(s) in 39.48s
     Running tests/allocation_tracker.rs (target/release/deps/allocation_tracker-07c444198b779b67)

running 1 test
test actual_runtime_bank_slot_owners_fit_retained_largest_and_conversion_reservation ... ok

test result: ok. 1 passed; 0 failed; 0 ignored; 0 measured; 6 filtered out; finished in 0.00s

