    Checking math v0.1.0 (/home/bl/misofm/engine-slot-reservation/crates/math)
    Checking session v0.1.0 (/home/bl/misofm/engine-slot-reservation/crates/session)
    Checking effect-contract v0.1.0 (/home/bl/misofm/engine-slot-reservation/crates/effect-contract)
    Checking effect-runtime v0.1.0 (/home/bl/misofm/engine-slot-reservation/crates/effect-runtime)
    Checking rack v0.1.0 (/home/bl/misofm/engine-slot-reservation/crates/rack)
    Checking compressor v0.1.0 (/home/bl/misofm/engine-slot-reservation/crates/compressor)
    Checking soft-clip v0.1.0 (/home/bl/misofm/engine-slot-reservation/crates/soft-clip)
    Checking effect-package v0.1.0 (/home/bl/misofm/engine-slot-reservation/crates/effect-package)
    Checking transient-shaper v0.1.0 (/home/bl/misofm/engine-slot-reservation/crates/transient-shaper)
    Checking builtins v0.1.0 (/home/bl/misofm/engine-slot-reservation/crates/builtins)
    Checking true-peak-limiter v0.1.0 (/home/bl/misofm/engine-slot-reservation/crates/true-peak-limiter)
    Checking parametric-eq v0.1.0 (/home/bl/misofm/engine-slot-reservation/crates/parametric-eq)
    Checking multiband-compressor v0.1.0 (/home/bl/misofm/engine-slot-reservation/crates/multiband-compressor)
    Checking gate-expander v0.1.0 (/home/bl/misofm/engine-slot-reservation/crates/gate-expander)
    Checking delay v0.1.0 (/home/bl/misofm/engine-slot-reservation/crates/delay)
    Checking conformance v0.1.0 (/home/bl/misofm/engine-slot-reservation/crates/conformance)
    Checking rack-compiler v0.1.0 (/home/bl/misofm/engine-slot-reservation/crates/rack-compiler)
    Checking graph v0.1.0 (/home/bl/misofm/engine-slot-reservation/crates/graph)
    Checking effect-compiler v0.1.0 (/home/bl/misofm/engine-slot-reservation/crates/effect-compiler)
    Checking builtins-compiler v0.1.0 (/home/bl/misofm/engine-slot-reservation/crates/builtins-compiler)
    Checking graph-compiler v0.1.0 (/home/bl/misofm/engine-slot-reservation/crates/graph-compiler)
error: digits grouped inconsistently by underscores
    --> crates/graph-compiler/src/lib.rs:2399:44
     |
2399 |         let mut estimate = compile_fixture(511_0).report.estimate;
     |                                            ^^^^^ help: consider: `5_110`
     |
     = help: for further information visit https://rust-lang.github.io/rust-clippy/rust-1.97.0/index.html#inconsistent_digit_grouping
     = note: `-D clippy::inconsistent-digit-grouping` implied by `-D clippy::all`
     = help: to override `-D clippy::all` add `#[allow(clippy::inconsistent_digit_grouping)]`

error: digits grouped inconsistently by underscores
    --> crates/graph-compiler/src/lib.rs:2454:22
     |
2454 |             plan_id: 511_1,
     |                      ^^^^^ help: consider: `5_111`
     |
     = help: for further information visit https://rust-lang.github.io/rust-clippy/rust-1.97.0/index.html#inconsistent_digit_grouping

error: digits grouped inconsistently by underscores
    --> crates/graph-compiler/src/lib.rs:2494:22
     |
2494 |             plan_id: 511_2,
     |                      ^^^^^ help: consider: `5_112`
     |
     = help: for further information visit https://rust-lang.github.io/rust-clippy/rust-1.97.0/index.html#inconsistent_digit_grouping

error: digits grouped inconsistently by underscores
    --> crates/graph-compiler/src/lib.rs:2510:22
     |
2510 |             plan_id: 511_5,
     |                      ^^^^^ help: consider: `5_115`
     |
     = help: for further information visit https://rust-lang.github.io/rust-clippy/rust-1.97.0/index.html#inconsistent_digit_grouping

error: digits grouped inconsistently by underscores
    --> crates/graph-compiler/src/lib.rs:2543:26
     |
2543 |                 plan_id: 511_3,
     |                          ^^^^^ help: consider: `5_113`
     |
     = help: for further information visit https://rust-lang.github.io/rust-clippy/rust-1.97.0/index.html#inconsistent_digit_grouping

error: digits grouped inconsistently by underscores
    --> crates/graph-compiler/src/lib.rs:2563:26
     |
2563 |                 plan_id: 511_4,
     |                          ^^^^^ help: consider: `5_114`
     |
     = help: for further information visit https://rust-lang.github.io/rust-clippy/rust-1.97.0/index.html#inconsistent_digit_grouping

error: could not compile `graph-compiler` (lib test) due to 6 previous errors
