Issue393 mixed calls: 250 result-zero, send IDs 2..251, adjacent, observe single allocation
web AudioWorklet hermetic tests passed
web AudioWorklet hermetic tests passed
safe-integer allocator boundary and red mutation passed
web AudioWorklet opcode-policy mutations passed
miso_engine_web_v1_render: closure=2 traps=0 trap_owners=[] entries=[]
kernel shape: f32x4_arith=3 kernels=1 pattern='render_next'
  roster ok   vector=3 scalar=0 budget=8.0 ceiling=0.1 render-next
miso_engine_web_v1_render: closure=3 traps=0 trap_owners=[] entries=[]
miso_engine_web_v1_render: closure=2 traps=1 trap_owners=['render_next'] entries=[]
miso_engine_web_v1_render: closure=2 traps=1 trap_owners=['render_next'] entries=[]
miso_engine_web_v1_render: closure=2 traps=1 trap_owners=['render_next'] entries=[]
miso_engine_web_v1_render: closure=3 traps=0 trap_owners=[] entries=[]
miso_engine_web_v1_render: closure=2 traps=1 trap_owners=['render_next'] entries=[]
miso_engine_web_v1_render: closure=3 traps=0 trap_owners=[] entries=[]
miso_engine_web_v1_render: closure=2 traps=1 trap_owners=['_ZN18PreparedRenderPlan12render_innerE'] entries=[]
miso_engine_web_v1_render: closure=3 traps=1 trap_owners=[] entries=['_ZN4core9panicking16slice_index_failE']
kernel shape: f32x4_arith=100 kernels=1 pattern='render_next'
  roster FAIL vector=100 scalar=40 budget=10.0 ceiling=0.1 partly
kernel shape: f32x4_arith=100 kernels=1 pattern='render_next'
kernel shape: f32x4_arith=381 kernels=1 pattern='render_next'
  roster ok   vector=381 scalar=72 budget=144.8 ceiling=0.38 transient-shaper
kernel shape: f32x4_arith=3 kernels=1 pattern='render_next'
kernel shape: f32x4_arith=80 kernels=2 pattern='render_next'
kernel shape: f32x4_arith=25 kernels=1 pattern='render_next'
  roster ok   vector=25 scalar=8 budget=8.0 ceiling=0.1 soft-clip
kernel shape: f32x4_arith=25 kernels=1 pattern='render_next'
  roster FAIL vector=25 scalar=9 budget=8.0 ceiling=0.1 soft-clip
  roster ok   entry=0/0 direct=yes vector=25 scalar=0 budget=8.0 ceiling=0.1 true-peak-limiter f32x4 collapsed
  roster ok   entry=0/0 direct=no vector=25 scalar=0 budget=8.0 ceiling=0.1 true-peak-limiter f32x4 collapsed
  roster ok   entry=0/0 direct=yes vector=25 scalar=0 budget=8.0 ceiling=0.1 true-peak-limiter f32x4 collapsed
  roster FAIL entry=0/0 direct=yes vector=25 scalar=9 budget=8.0 ceiling=0.1 true-peak-limiter f32x4 collapsed
kernel shape: f32x4_arith=3 kernels=1 pattern='render_next'
  roster ok   vector=3 scalar=3 budget=8.0 ceiling=0.1 render-next
kernel shape: f32x4_arith=3 kernels=1 pattern='render_next|write_lane_words'
  roster ok   vector=3 scalar=0 budget=8.0 ceiling=0.1 render-next
kernel shape: f32x4_arith=3 kernels=1 pattern='render_next'
  roster ok   vector=3 scalar=0 budget=8.0 ceiling=0.1 render-next
web AudioWorklet call-graph analyser self-test passed
web AudioWorklet WebDriver response tests passed
web AudioWorklet WebDriver null-response mutation passed
web AudioWorklet transitive process-policy mutations passed
web AudioWorklet console policy mutations passed
parameter metadata schema self-test passed
web AudioWorklet parameter-metadata gates passed
command-reason vocabulary self-test passed (20 red mutations)
command-reason vocabulary agrees across every spelling
web AudioWorklet command-reason vocabulary gates passed
command-kind vocabulary self-test passed (32 red mutations)
command-kind vocabulary agrees across every spelling
web AudioWorklet command-kind vocabulary gates passed
session-map shape self-test passed (15 mutations caught)
session-map shape is one shape across the Rust FFI, the gate list, the JS and the .d.ts
web AudioWorklet session-map shape gates passed
