    Checking bytemuck v1.25.2
    Checking typenum v1.20.1
    Checking engine v0.1.0 (/home/bl/misofm/engine-cp4-bind-coverage/crates/engine)
    Checking math v0.1.0 (/home/bl/misofm/engine-cp4-bind-coverage/crates/math)
    Checking cfg-if v1.0.4
    Checking cpufeatures v0.3.0
    Checking dsp-reference v0.1.0 (/home/bl/misofm/engine-cp4-bind-coverage/crates/dsp-reference)
    Checking safe_arch v1.2.0
warning: `math::fast_db::fast_level_db` does not refer to a reachable function
  --> /home/bl/misofm/engine-cp4-bind-coverage/clippy.toml:81:5
   |
81 |     { path = "math::fast_db::fast_level_db", reason = "fast dB tier (#144 item 5); admitted only at a named FAST-DB-CROSSING site" },
   |     ^^^^^^^^^^^^^^^^^^^^^^^^^^^^^^^^^^^^^^^^^^^^^^^^^^^^^^^^^^^^^^^^^^^^^^^^^^^^^^^^^^^^^^^^^^^^^^^^^^^^^^^^^^^^^^^^^^^^^^^^^^^^^^^^
   |
   = help: add `allow-invalid = true` to the entry to suppress this warning

warning: `math::fast_db::fast_gain_from_db` does not refer to a reachable function
  --> /home/bl/misofm/engine-cp4-bind-coverage/clippy.toml:82:5
   |
82 |     { path = "math::fast_db::fast_gain_from_db", reason = "fast dB tier (#144 item 5); admitted only at a named FAST-DB-CROSSING site" },
   |     ^^^^^^^^^^^^^^^^^^^^^^^^^^^^^^^^^^^^^^^^^^^^^^^^^^^^^^^^^^^^^^^^^^^^^^^^^^^^^^^^^^^^^^^^^^^^^^^^^^^^^^^^^^^^^^^^^^^^^^^^^^^^^^^^^^^^
   |
   = help: add `allow-invalid = true` to the entry to suppress this warning

warning: `math` (lib) generated 2 warnings
    Checking wide v1.6.1
    Checking hybrid-array v0.4.14
    Checking block-buffer v0.12.1
    Checking crypto-common v0.2.2
    Checking digest v0.11.3
    Checking sha2 v0.11.0
    Checking bench-support v0.1.0 (/home/bl/misofm/engine-cp4-bind-coverage/tools/bench-support)
    Checking lane v0.1.0 (/home/bl/misofm/engine-cp4-bind-coverage/crates/lane)
error: lane requires x86-64-v3: build with -C target-feature=+avx2,+fma (the workspace .cargo/config.toml sets this). Master plan #83 D4: there is no runtime SIMD dispatch and no silent scalar fallback.
  --> crates/lane/src/lib.rs:67:1
   |
67 | / compile_error!(
68 | |     "lane requires x86-64-v3: build with -C target-feature=+avx2,+fma (the workspace \
69 | |      .cargo/config.toml sets this). Master plan #83 D4: there is no runtime SIMD dispatch and no \
70 | |      silent scalar fallback."
71 | | );
   | |_^

error: could not compile `lane` (lib) due to 1 previous error
STATUS: 101
