Script started on 2026-09-06 02:08:37+00:00 [COMMAND="PATH=/home/bl/.cargo/bin:$PATH cargo test --locked --release -p graph --lib program::tests::runtime_units_match_literal_bank_schedules -- --exact" <not executed on terminal>]
   Compiling bytemuck v1.25.2
   Compiling typenum v1.20.1
   Compiling engine v0.1.0 (/home/bl/misofm/engine-488-schedule-oracle/crates/engine)
   Compiling math v0.1.0 (/home/bl/misofm/engine-488-schedule-oracle/crates/math)
   Compiling cfg-if v1.0.4
   Compiling cpufeatures v0.3.0
   Compiling dsp-reference v0.1.0 (/home/bl/misofm/engine-488-schedule-oracle/crates/dsp-reference)
   Compiling safe_arch v1.2.0
   Compiling wide v1.6.1
   Compiling hybrid-array v0.4.14
   Compiling crypto-common v0.2.2
   Compiling block-buffer v0.12.1
   Compiling digest v0.11.3
   Compiling sha2 v0.11.0
   Compiling bench-support v0.1.0 (/home/bl/misofm/engine-488-schedule-oracle/tools/bench-support)
   Compiling lane v0.1.0 (/home/bl/misofm/engine-488-schedule-oracle/crates/lane)
   Compiling effect-contract v0.1.0 (/home/bl/misofm/engine-488-schedule-oracle/crates/effect-contract)
   Compiling conformance v0.1.0 (/home/bl/misofm/engine-488-schedule-oracle/crates/conformance)
   Compiling rack v0.1.0 (/home/bl/misofm/engine-488-schedule-oracle/crates/rack)
   Compiling graph v0.1.0 (/home/bl/misofm/engine-488-schedule-oracle/crates/graph)
    Finished `release` profile [optimized + debuginfo] target(s) in 24.93s
     Running unittests src/lib.rs (target/release/deps/graph-82147ccc67a4cb2f)

running 1 test
test program::tests::runtime_units_match_literal_bank_schedules ... ok

test result: ok. 1 passed; 0 failed; 0 ignored; 0 measured; 55 filtered out; finished in 0.00s


Script done on 2026-09-06 02:09:02+00:00 [COMMAND_EXIT_CODE="0"]
