   Compiling libc v0.2.189
   Compiling stable_deref_trait v1.2.1
   Compiling smallvec v1.15.2
   Compiling serde_core v1.0.228
   Compiling once_cell v1.21.4
   Compiling serde v1.0.228
   Compiling litemap v0.8.3
   Compiling memchr v2.8.3
   Compiling writeable v0.6.4
   Compiling utf8_iter v1.0.4
   Compiling icu_properties_data v2.3.0
   Compiling icu_normalizer_data v2.3.0
   Compiling parking_lot_core v0.9.12
   Compiling zmij v1.0.23
   Compiling getrandom v0.3.4
   Compiling zerocopy v0.8.56
   Compiling ref-cast v1.0.27
   Compiling ahash v0.8.12
   Compiling serde_json v1.0.151
   Compiling regex-syntax v0.8.11
   Compiling scopeguard v1.2.0
   Compiling bit-vec v0.8.0
   Compiling borrow-or-share v0.2.4
   Compiling itoa v1.0.18
   Compiling vsimd v0.8.0
   Compiling lazy_static v1.5.0
   Compiling percent-encoding v2.3.2
   Compiling outref v0.5.2
   Compiling uuid v1.26.0
   Compiling engine v0.1.0 (/home/bl/misofm/engine-490-route-mapping/crates/engine)
   Compiling bytecount v0.6.9
   Compiling base64 v0.22.1
   Compiling num-cmp v0.1.0
   Compiling syn v2.0.119
   Compiling syn v3.0.3
   Compiling num-traits v0.2.19
   Compiling lock_api v0.4.14
   Compiling json-number v0.4.10
   Compiling smallstr v0.3.1
   Compiling bit-set v0.8.0
   Compiling uuid-simd v0.8.0
   Compiling aho-corasick v1.1.5
   Compiling num-integer v0.1.47
   Compiling num-complex v0.4.6
   Compiling num-bigint v0.4.8
   Compiling num-iter v0.1.46
   Compiling getrandom v0.2.17
   Compiling ahash v0.7.8
   Compiling parking_lot v0.12.5
   Compiling hashbrown v0.12.3
   Compiling regex-automata v0.4.18
   Compiling indexmap v1.9.3
   Compiling json-syntax v0.12.5
   Compiling num-rational v0.4.2
   Compiling zerovec-derive v0.11.6
   Compiling displaydoc v0.2.7
   Compiling ref-cast-impl v1.0.27
   Compiling synstructure v0.13.2
   Compiling num v0.4.3
   Compiling fraction v0.15.4
   Compiling serde_derive v1.0.228
   Compiling zerofrom-derive v0.1.7
   Compiling yoke-derive v0.8.2
   Compiling session v0.1.0 (/home/bl/misofm/engine-490-route-mapping/crates/session)
   Compiling zerofrom v0.1.8
   Compiling yoke v0.8.3
   Compiling zerovec v0.11.8
   Compiling zerotrie v0.2.5
   Compiling tinystr v0.8.4
   Compiling potential_utf v0.1.6
   Compiling icu_collections v2.3.0
   Compiling icu_locale_core v2.3.0
   Compiling icu_provider v2.3.1
   Compiling icu_normalizer v2.3.0
   Compiling icu_properties v2.3.0
   Compiling regex v1.13.1
   Compiling fancy-regex v0.16.2
   Compiling fluent-uri v0.3.2
   Compiling email_address v0.2.9
   Compiling referencing v0.33.0
   Compiling idna_adapter v1.2.2
   Compiling idna v1.1.0
   Compiling jsonschema v0.33.0
    Finished `test` profile [unoptimized + debuginfo] target(s) in 3.68s
     Running tests/diagnostic_parity.rs (target/debug/deps/diagnostic_parity-d6e2b1f7b72aa9a3)

running 1 test
test parse_canonical_and_compile_diagnostics_have_code_path_and_span_parity ... ok

test result: ok. 1 passed; 0 failed; 0 ignored; 0 measured; 0 filtered out; finished in 0.03s

     Running tests/invalid_matrix.rs (target/debug/deps/invalid_matrix-d8bf723d34b2d9dc)

running 14 tests
test corpus_distribution_totals_124_cases ... ok
test compile_caps_reject_before_semantic_validation ... ok
test configured_resource_category_has_4_distinct_cases ... ok
test empty_third_party_cid_is_reported_at_the_identity_leaf ... ok
test tagged_route_roles_are_structurally_closed ... ok
test dead_resource_caps_cannot_refuse_any_session ... ok
test parser_registry_covers_right_lane_and_f32_representation ... ok
test u64_model_fields_accept_the_full_unsigned_domain ... ok
test schema_version_and_type_category_has_16_distinct_cases ... ok
test automation_category_has_20_distinct_cases ... ok
test schema_owned_reference_category_has_20_distinct_cases ... ok
test source_identity_and_shape_category_has_20_distinct_cases ... ok
test stable_id_category_has_20_distinct_cases ... ok
test finite_unit_and_local_range_category_has_24_distinct_cases ... ok

test result: ok. 14 passed; 0 failed; 0 ignored; 0 measured; 0 filtered out; finished in 0.01s

