    Checking bytemuck v1.25.2
    Checking engine v0.1.0 (/home/bl/misofm/engine-490-route-mapping/crates/engine)
    Checking lexical-util v1.0.7
    Checking cfg-if v1.0.4
    Checking typenum v1.20.1
    Checking once_cell v1.21.4
    Checking smallvec v1.15.2
    Checking decoded-char v0.1.1
    Checking utf8-decode v1.0.1
    Checking locspan v0.8.2
    Checking cpufeatures v0.3.0
    Checking dsp-reference v0.1.0 (/home/bl/misofm/engine-490-route-mapping/crates/dsp-reference)
    Checking libc v0.2.189
    Checking safe_arch v1.2.0
    Checking smallstr v0.3.1
    Checking wide v1.6.1
    Checking lexical-write-integer v1.0.6
    Checking lexical-parse-integer v1.0.6
    Checking lexical-parse-float v1.0.6
    Checking hybrid-array v0.4.14
    Checking lexical-write-float v1.0.6
    Checking getrandom v0.2.17
    Checking ahash v0.7.8
    Checking lexical-core v1.0.6
    Checking hashbrown v0.12.3
    Checking lexical v7.0.5
    Checking json-number v0.4.10
    Checking crypto-common v0.2.2
    Checking block-buffer v0.12.1
    Checking indexmap v1.9.3
    Checking digest v0.11.3
    Checking json-syntax v0.12.5
    Checking sha2 v0.11.0
    Checking session v0.1.0 (/home/bl/misofm/engine-490-route-mapping/crates/session)
    Checking lane v0.1.0 (/home/bl/misofm/engine-490-route-mapping/crates/lane)
    Checking math v0.1.0 (/home/bl/misofm/engine-490-route-mapping/crates/math)
    Checking effect-contract v0.1.0 (/home/bl/misofm/engine-490-route-mapping/crates/effect-contract)
    Checking effect-runtime v0.1.0 (/home/bl/misofm/engine-490-route-mapping/crates/effect-runtime)
    Checking rack v0.1.0 (/home/bl/misofm/engine-490-route-mapping/crates/rack)
    Checking true-peak-limiter v0.1.0 (/home/bl/misofm/engine-490-route-mapping/crates/true-peak-limiter)
    Checking parametric-eq v0.1.0 (/home/bl/misofm/engine-490-route-mapping/crates/parametric-eq)
    Checking builtins v0.1.0 (/home/bl/misofm/engine-490-route-mapping/crates/builtins)
    Checking multiband-compressor v0.1.0 (/home/bl/misofm/engine-490-route-mapping/crates/multiband-compressor)
    Checking compressor v0.1.0 (/home/bl/misofm/engine-490-route-mapping/crates/compressor)
    Checking effect-package v0.1.0 (/home/bl/misofm/engine-490-route-mapping/crates/effect-package)
    Checking gate-expander v0.1.0 (/home/bl/misofm/engine-490-route-mapping/crates/gate-expander)
    Checking soft-clip v0.1.0 (/home/bl/misofm/engine-490-route-mapping/crates/soft-clip)
    Checking delay v0.1.0 (/home/bl/misofm/engine-490-route-mapping/crates/delay)
    Checking transient-shaper v0.1.0 (/home/bl/misofm/engine-490-route-mapping/crates/transient-shaper)
    Checking conformance v0.1.0 (/home/bl/misofm/engine-490-route-mapping/crates/conformance)
    Checking graph v0.1.0 (/home/bl/misofm/engine-490-route-mapping/crates/graph)
    Checking rack-compiler v0.1.0 (/home/bl/misofm/engine-490-route-mapping/crates/rack-compiler)
    Checking effect-compiler v0.1.0 (/home/bl/misofm/engine-490-route-mapping/crates/effect-compiler)
    Checking builtins-compiler v0.1.0 (/home/bl/misofm/engine-490-route-mapping/crates/builtins-compiler)
    Checking graph-compiler v0.1.0 (/home/bl/misofm/engine-490-route-mapping/crates/graph-compiler)
    Finished `dev` profile [unoptimized + debuginfo] target(s) in 4.65s
