    Checking cfg-if v1.0.4
    Checking engine v0.1.0 (/home/bl/misofm/engine-rt8-plan/crates/engine)
    Checking lexical-util v1.0.7
warning: `math::fast_db::fast_level_db` does not refer to a reachable function
  --> /home/bl/misofm/engine-rt8-plan/clippy.toml:81:5
   |
81 |     { path = "math::fast_db::fast_level_db", reason = "fast dB tier (#144 item 5); admitted only at a named FAST-DB-CROSSING site" },
   |     ^^^^^^^^^^^^^^^^^^^^^^^^^^^^^^^^^^^^^^^^^^^^^^^^^^^^^^^^^^^^^^^^^^^^^^^^^^^^^^^^^^^^^^^^^^^^^^^^^^^^^^^^^^^^^^^^^^^^^^^^^^^^^^^^
   |
   = help: add `allow-invalid = true` to the entry to suppress this warning

warning: `math::fast_db::fast_gain_from_db` does not refer to a reachable function
  --> /home/bl/misofm/engine-rt8-plan/clippy.toml:82:5
   |
82 |     { path = "math::fast_db::fast_gain_from_db", reason = "fast dB tier (#144 item 5); admitted only at a named FAST-DB-CROSSING site" },
   |     ^^^^^^^^^^^^^^^^^^^^^^^^^^^^^^^^^^^^^^^^^^^^^^^^^^^^^^^^^^^^^^^^^^^^^^^^^^^^^^^^^^^^^^^^^^^^^^^^^^^^^^^^^^^^^^^^^^^^^^^^^^^^^^^^^^^^
   |
   = help: add `allow-invalid = true` to the entry to suppress this warning

    Checking typenum v1.20.1
    Checking once_cell v1.21.4
    Checking cpufeatures v0.3.0
    Checking smallvec v1.15.2
    Checking utf8-decode v1.0.1
    Checking decoded-char v0.1.1
    Checking locspan v0.8.2
    Checking dsp-reference v0.1.0 (/home/bl/misofm/engine-rt8-plan/crates/dsp-reference)
warning: `math` (lib) generated 2 warnings
    Checking libc v0.2.189
    Checking smallstr v0.3.1
    Checking effect-contract v0.1.0 (/home/bl/misofm/engine-rt8-plan/crates/effect-contract)
    Checking lexical-write-integer v1.0.6
    Checking lexical-parse-integer v1.0.6
    Checking lexical-parse-float v1.0.6
    Checking lexical-write-float v1.0.6
    Checking hybrid-array v0.4.14
    Checking getrandom v0.2.17
    Checking ahash v0.7.8
    Checking lexical-core v1.0.6
    Checking hashbrown v0.12.3
    Checking lexical v7.0.5
    Checking json-number v0.4.10
    Checking block-buffer v0.12.1
    Checking crypto-common v0.2.2
warning: `effect-contract` (lib) generated 2 warnings (2 duplicates)
    Checking rack v0.1.0 (/home/bl/misofm/engine-rt8-plan/crates/rack)
    Checking builtins v0.1.0 (/home/bl/misofm/engine-rt8-plan/crates/builtins)
    Checking conformance v0.1.0 (/home/bl/misofm/engine-rt8-plan/crates/conformance)
    Checking indexmap v1.9.3
warning: `rack` (lib) generated 2 warnings (2 duplicates)
    Checking graph v0.1.0 (/home/bl/misofm/engine-rt8-plan/crates/graph)
    Checking rack-compiler v0.1.0 (/home/bl/misofm/engine-rt8-plan/crates/rack-compiler)
warning: `conformance` (lib) generated 2 warnings (2 duplicates)
    Checking json-syntax v0.12.5
    Checking digest v0.11.3
warning: `rack-compiler` (lib) generated 2 warnings (2 duplicates)
    Checking sha2 v0.11.0
warning: `builtins` (lib) generated 2 warnings (2 duplicates)
    Checking session v0.1.0 (/home/bl/misofm/engine-rt8-plan/crates/session)
    Checking bench-support v0.1.0 (/home/bl/misofm/engine-rt8-plan/tools/bench-support)
warning: `graph` (lib) generated 2 warnings (2 duplicates)
warning: `graph` (test "rt1_direct_bank_alloc") generated 2 warnings (2 duplicates)
    Checking builtins-compiler v0.1.0 (/home/bl/misofm/engine-rt8-plan/crates/builtins-compiler)
warning: `builtins-compiler` (lib) generated 2 warnings (2 duplicates)
warning: `builtins-compiler` (test "builtin_automation_targets") generated 2 warnings (2 duplicates)
warning: `builtins-compiler` (test "input_drain") generated 2 warnings (2 duplicates)
warning: `builtins-compiler` (test "track_delay_domain") generated 2 warnings (2 duplicates)
warning: `builtins-compiler` (test "scale") generated 2 warnings (2 duplicates)
warning: `builtins-compiler` (test "allocation_tracker") generated 2 warnings (2 duplicates)
warning: `builtins-compiler` (lib test) generated 2 warnings (2 duplicates)
warning: `graph` (lib test) generated 2 warnings (2 duplicates)
    Finished `dev` profile [unoptimized + debuginfo] target(s) in 1.88s
