   Compiling math v0.1.0 (/home/bl/misofm/engine-rt8-plan/crates/math)
   Compiling protocol v0.1.0 (/home/bl/misofm/engine-rt8-plan/crates/protocol)
   Compiling effect-contract v0.1.0 (/home/bl/misofm/engine-rt8-plan/crates/effect-contract)
   Compiling effect-runtime v0.1.0 (/home/bl/misofm/engine-rt8-plan/crates/effect-runtime)
   Compiling rack v0.1.0 (/home/bl/misofm/engine-rt8-plan/crates/rack)
   Compiling delay v0.1.0 (/home/bl/misofm/engine-rt8-plan/crates/delay)
   Compiling builtins v0.1.0 (/home/bl/misofm/engine-rt8-plan/crates/builtins)
   Compiling transient-shaper v0.1.0 (/home/bl/misofm/engine-rt8-plan/crates/transient-shaper)
   Compiling soft-clip v0.1.0 (/home/bl/misofm/engine-rt8-plan/crates/soft-clip)
   Compiling true-peak-limiter v0.1.0 (/home/bl/misofm/engine-rt8-plan/crates/true-peak-limiter)
   Compiling multiband-compressor v0.1.0 (/home/bl/misofm/engine-rt8-plan/crates/multiband-compressor)
   Compiling parametric-eq v0.1.0 (/home/bl/misofm/engine-rt8-plan/crates/parametric-eq)
   Compiling gate-expander v0.1.0 (/home/bl/misofm/engine-rt8-plan/crates/gate-expander)
   Compiling compressor v0.1.0 (/home/bl/misofm/engine-rt8-plan/crates/compressor)
   Compiling graph v0.1.0 (/home/bl/misofm/engine-rt8-plan/crates/graph)
   Compiling rack-compiler v0.1.0 (/home/bl/misofm/engine-rt8-plan/crates/rack-compiler)
   Compiling effect-package v0.1.0 (/home/bl/misofm/engine-rt8-plan/crates/effect-package)
   Compiling effect-compiler v0.1.0 (/home/bl/misofm/engine-rt8-plan/crates/effect-compiler)
   Compiling builtins-compiler v0.1.0 (/home/bl/misofm/engine-rt8-plan/crates/builtins-compiler)
   Compiling source v0.1.0 (/home/bl/misofm/engine-rt8-plan/crates/source)
   Compiling graph-compiler v0.1.0 (/home/bl/misofm/engine-rt8-plan/crates/graph-compiler)
   Compiling host-core v0.1.0 (/home/bl/misofm/engine-rt8-plan/crates/host-core)
   Compiling capi v0.1.0 (/home/bl/misofm/engine-rt8-plan/crates/capi)
    Finished `test` profile [unoptimized + debuginfo] target(s) in 3.43s
     Running tests/resource_lifecycle.rs (target/debug/deps/resource_lifecycle-0cec28eebe6161b8)
