    Checking bytemuck v1.25.2
    Checking math v0.1.0 (/home/bl/misofm/engine-rt8-plan/crates/math)
    Checking engine v0.1.0 (/home/bl/misofm/engine-rt8-plan/crates/engine)
    Checking safe_arch v1.2.0
warning: `math::fast_db::fast_level_db` does not refer to a reachable function
  --> /home/bl/misofm/engine-rt8-plan/clippy.toml:81:5
   |
81 |     { path = "math::fast_db::fast_level_db", reason = "fast dB tier (#144 item 5); admitted only at a named FAST-DB-CROSSING site" },
   |     ^^^^^^^^^^^^^^^^^^^^^^^^^^^^^^^^^^^^^^^^^^^^^^^^^^^^^^^^^^^^^^^^^^^^^^^^^^^^^^^^^^^^^^^^^^^^^^^^^^^^^^^^^^^^^^^^^^^^^^^^^^^^^^^^
   |
   = help: add `allow-invalid = true` to the entry to suppress this warning

warning: `math::fast_db::fast_gain_from_db` does not refer to a reachable function
  --> /home/bl/misofm/engine-rt8-plan/clippy.toml:82:5
   |
82 |     { path = "math::fast_db::fast_gain_from_db", reason = "fast dB tier (#144 item 5); admitted only at a named FAST-DB-CROSSING site" },
   |     ^^^^^^^^^^^^^^^^^^^^^^^^^^^^^^^^^^^^^^^^^^^^^^^^^^^^^^^^^^^^^^^^^^^^^^^^^^^^^^^^^^^^^^^^^^^^^^^^^^^^^^^^^^^^^^^^^^^^^^^^^^^^^^^^^^^^
   |
   = help: add `allow-invalid = true` to the entry to suppress this warning

warning: `math` (lib) generated 2 warnings
    Checking wide v1.6.1
    Checking lane v0.1.0 (/home/bl/misofm/engine-rt8-plan/crates/lane)
    Checking effect-contract v0.1.0 (/home/bl/misofm/engine-rt8-plan/crates/effect-contract)
warning: `effect-contract` (lib) generated 2 warnings (2 duplicates)
    Checking rack v0.1.0 (/home/bl/misofm/engine-rt8-plan/crates/rack)
warning: `rack` (lib) generated 2 warnings (2 duplicates)
warning: `rack` (test "mono_reengage") generated 2 warnings (2 duplicates)
warning: `rack` (test "console_bank") generated 2 warnings (2 duplicates)
warning: `rack` (lib test) generated 2 warnings (2 duplicates)
    Finished `dev` profile [unoptimized + debuginfo] target(s) in 2.99s
