   Compiling version_check v0.9.5
   Compiling proc-macro2 v1.0.107
    Checking lexical-util v1.0.7
   Compiling libc v0.2.189
   Compiling unicode-ident v1.0.24
   Compiling quote v1.0.47
   Compiling syn v1.0.109
    Checking cfg-if v1.0.4
   Compiling autocfg v1.5.1
    Checking once_cell v1.21.4
    Checking smallvec v1.15.2
    Checking locspan v0.8.2
    Checking decoded-char v0.1.1
    Checking utf8-decode v1.0.1
    Checking engine v0.1.0 (/home/bl/misofm/engine-controller-delivery/crates/engine)
    Checking smallstr v0.3.1
   Compiling ahash v0.7.8
   Compiling proc-macro-error-attr v1.0.4
   Compiling proc-macro-error v1.0.4
   Compiling indexmap v1.9.3
    Checking lexical-parse-integer v1.0.6
    Checking lexical-write-integer v1.0.6
    Checking lexical-parse-float v1.0.6
    Checking lexical-write-float v1.0.6
    Checking lexical-core v1.0.6
    Checking getrandom v0.2.17
    Checking lexical v7.0.5
    Checking json-number v0.4.10
    Checking hashbrown v0.12.3
   Compiling locspan-derive v0.6.0
    Checking json-syntax v0.12.5
    Checking session v0.1.0 (/home/bl/misofm/engine-controller-delivery/crates/session)
    Checking protocol v0.1.0 (/home/bl/misofm/engine-controller-delivery/crates/protocol)
    Finished `dev` profile [unoptimized + debuginfo] target(s) in 3.69s
