   Compiling lexical-util v1.0.7
   Compiling cfg-if v1.0.4
   Compiling once_cell v1.21.4
   Compiling smallvec v1.15.2
   Compiling decoded-char v0.1.1
   Compiling locspan v0.8.2
   Compiling utf8-decode v1.0.1
   Compiling engine v0.1.0 (/home/bl/misofm/engine-controller-delivery/crates/engine)
   Compiling libc v0.2.189
   Compiling smallstr v0.3.1
   Compiling lexical-parse-integer v1.0.6
   Compiling lexical-write-integer v1.0.6
   Compiling lexical-parse-float v1.0.6
   Compiling lexical-write-float v1.0.6
   Compiling getrandom v0.2.17
   Compiling ahash v0.7.8
   Compiling hashbrown v0.12.3
   Compiling lexical-core v1.0.6
   Compiling lexical v7.0.5
   Compiling json-number v0.4.10
   Compiling indexmap v1.9.3
   Compiling json-syntax v0.12.5
   Compiling session v0.1.0 (/home/bl/misofm/engine-controller-delivery/crates/session)
   Compiling protocol v0.1.0 (/home/bl/misofm/engine-controller-delivery/crates/protocol)
    Finished `test` profile [unoptimized + debuginfo] target(s) in 4.21s
     Running tests/delivery_ownership.rs (/tmp/issue530-target/debug/deps/delivery_ownership-b36c91296938c21c)
