    Checking protocol v0.1.0 (/home/bl/misofm/engine-140-ownership/crates/protocol)
error: unsafe impl missing a safety comment
  --> crates/protocol/tests/delivery_ownership.rs:23:1
   |
23 | unsafe impl GlobalAlloc for CountingAllocator {
   | ^^^^^^^^^^^^^^^^^^^^^^^^^^^^^^^^^^^^^^^^^^^^^^^
   |
   = help: consider adding a safety comment on the preceding line
   = help: for further information visit https://rust-lang.github.io/rust-clippy/rust-1.97.0/index.html#undocumented_unsafe_blocks
   = note: requested on the command line with `-D clippy::undocumented-unsafe-blocks`

error: unsafe block missing a safety comment
  --> crates/protocol/tests/delivery_ownership.rs:25:23
   |
25 |         let pointer = unsafe { System.alloc(layout) };
   |                       ^^^^^^^^^^^^^^^^^^^^^^^^^^^^^^^
   |
   = help: consider adding a safety comment on the preceding line
   = help: for further information visit https://rust-lang.github.io/rust-clippy/rust-1.97.0/index.html#undocumented_unsafe_blocks

error: unsafe block missing a safety comment
  --> crates/protocol/tests/delivery_ownership.rs:43:9
   |
43 |         unsafe { System.dealloc(pointer, layout) }
   |         ^^^^^^^^^^^^^^^^^^^^^^^^^^^^^^^^^^^^^^^^^^
   |
   = help: consider adding a safety comment on the preceding line
   = help: for further information visit https://rust-lang.github.io/rust-clippy/rust-1.97.0/index.html#undocumented_unsafe_blocks

error: could not compile `protocol` (test "delivery_ownership") due to 3 previous errors
warning: build failed, waiting for other jobs to finish...
