   Compiling engine v0.1.0 (/home/bl/misofm/engine-435-plan/crates/engine)
   Compiling effect-contract v0.1.0 (/home/bl/misofm/engine-435-plan/crates/effect-contract)
   Compiling bench-support v0.1.0 (/home/bl/misofm/engine-435-plan/tools/bench-support)
   Compiling rack v0.1.0 (/home/bl/misofm/engine-435-plan/crates/rack)
   Compiling conformance v0.1.0 (/home/bl/misofm/engine-435-plan/crates/conformance)
   Compiling graph v0.1.0 (/home/bl/misofm/engine-435-plan/crates/graph)
    Finished `test` profile [unoptimized + debuginfo] target(s) in 0.67s
     Running unittests src/lib.rs (/tmp/luna435-target/debug/deps/graph-8a9a24e95701fbaa)

running 16 tests
test runtime::tests::a_single_in_place_input_is_left_untouched ... ok
test runtime::tests::a_later_folded_cohort_continues_from_the_live_master_in_d9_order ... ok
test runtime::tests::bank_gather_source_admits_only_the_dedication_copy ... ok
test runtime::tests::all_active_folded_bank_chain_dispatches_the_real_graph_cohort ... ok
test runtime::tests::arena_members_direct_scatter_preserves_redirected_identity_bits ... ok
test runtime::tests::a_folded_epilogue_is_the_route_and_the_reduction_bit_for_bit ... ok
test runtime::tests::malformed_folded_cohorts_are_rejected_before_route_or_master_mutation ... ok
test runtime::tests::reduction_preserves_repeated_silence_self_and_unrelated_buffers ... ok
test runtime::tests::a_delay_line_is_a_pure_shift_at_every_partitioning ... ok
test runtime::tests::the_fan_in_zero_fill_is_dead_only_under_a_bound_source ... ok
test runtime::tests::the_node_witness_agrees_with_its_line ... ok
test runtime::tests::the_first_contributor_stores_so_a_negative_zero_master_keeps_its_sign ... ok
test runtime::tests::route_applies_folded_gain_with_frozen_op_order ... ok
test runtime::tests::every_lane_width_matches_the_frozen_old_kernel_on_hostile_values ... ok
test runtime::tests::reduction_is_left_to_right_bit_identical_to_scalar_reference ... ok
test runtime::tests::compensation_delay_is_partition_invariant_and_matches_per_sample_reference ... ok

test result: ok. 16 passed; 0 failed; 0 ignored; 0 measured; 36 filtered out; finished in 0.01s

     Running tests/rt1_direct_bank_alloc.rs (/tmp/luna435-target/debug/deps/rt1_direct_bank_alloc-33a0caff0faefd7b)

running 0 tests

test result: ok. 0 passed; 0 failed; 0 ignored; 0 measured; 1 filtered out; finished in 0.00s

