   Compiling rustversion v1.0.23
   Compiling find-msvc-tools v0.1.11
   Compiling once_cell v1.21.4
   Compiling shlex v2.0.1
   Compiling cfg-if v1.0.4
   Compiling log v0.4.33
   Compiling libc v0.2.189
   Compiling regex-syntax v0.8.11
   Compiling lazy_static v1.5.0
   Compiling pin-project-lite v0.2.17
   Compiling smallvec v1.15.2
   Compiling nu-ansi-term v0.50.3
   Compiling scoped-tls v1.0.1
   Compiling engine v0.1.0 (/home/bl/misofm/engine-435-plan/crates/engine)
   Compiling thread_local v1.1.10
   Compiling sharded-slab v0.1.7
   Compiling cc v1.4.3
   Compiling tracing-core v0.1.36
   Compiling tracing v0.1.44
   Compiling tracing-log v0.2.0
   Compiling generator v0.8.9
   Compiling regex-automata v0.4.18
   Compiling matchers v0.2.0
   Compiling tracing-subscriber v0.3.23
   Compiling loom v0.7.2
    Finished `test` profile [unoptimized + debuginfo] target(s) in 3.09s
     Running unittests src/lib.rs (/tmp/luna435-target/debug/deps/engine-cecc5c57830c1cdc)

running 9 tests
test realtime::disjoint::tests::a_read_from_the_same_wave_is_rejected ... ok
test realtime::disjoint::tests::a_lease_may_read_the_buffers_it_writes_itself ... 
thread 'realtime::disjoint::tests::release_read_id_bounds_check_rejects_unreserved_buffer' (1883856) panicked at crates/engine/src/realtime/disjoint.rs:178:14:
read of an unreserved buffer
oknote: run with `RUST_BACKTRACE=1` environment variable to display a backtrace

test realtime::disjoint::tests::a_write_then_a_later_wave_read_carries_the_audio ... ok
test realtime::disjoint::tests::a_write_to_the_silence_buffer_is_rejected ... ok
test realtime::disjoint::tests::an_unproduced_read_is_rejected ... ok
test realtime::disjoint::tests::overlapping_writes_are_rejected ... ok
test realtime::disjoint::tests::stereo_many_rejects_every_invalid_shape_without_partial_writes ... ok
test realtime::disjoint::tests::release_read_id_bounds_check_rejects_unreserved_buffer ... ok
test realtime::disjoint::tests::concurrent_leases_never_write_a_foreign_word ... ok

test result: ok. 9 passed; 0 failed; 0 ignored; 0 measured; 23 filtered out; finished in 0.02s

     Running tests/observation_transport.rs (/tmp/luna435-target/debug/deps/observation_transport-c0e2653f32a413c2)

running 0 tests

test result: ok. 0 passed; 0 failed; 0 ignored; 0 measured; 3 filtered out; finished in 0.00s

