
running 15 tests
test delivery::tests::generic_copy_core_transfers_layout_independent_payload ... ok
test delivery::tests::generic_core_rejected_identities_preserve_pending_and_terminal_owner ... ok
test delivery::tests::applied_only_cancel_emits_zero_and_resets_generation_and_ordering ... ok
test delivery::tests::automation_progress_rejections_preserve_exact_pending_and_terminal_ownership ... ok
test delivery::tests::cancellation_publication_uses_admission_order_after_physical_slot_reuse ... ok
test delivery::tests::cancellation_refusals_are_transactional_and_events_keep_admission_order ... ok
test delivery::tests::occupied_reliable_capacity_refuses_next_cancel_without_mutation ... ok
test delivery::tests::wide_cancellation_accounting_has_no_u16_boundary_or_saturation ... ok
test delivery::tests::ordered_cancel_reconciles_handed_off_and_partial_at_actual_boundary ... ok
test delivery::tests::unsupported_head_blocks_fifo_and_cancel_ack_publishes_event ... ok
test delivery::tests::retained_admission_survives_handoff_until_terminal_consumption ... ok
test delivery::tests::total_outstanding_bound_and_terminal_collection_are_the_only_reuse_credit ... ok
test delivery::tests::rejected_admission_preserves_the_exact_batch_and_service_state ... ok
test delivery::tests::logical_record_bounds_and_resource_report_are_exactly_composed ... ok
test delivery::tests::generic_core_slot_identity_covers_capacity_above_u16 ... ok

test result: ok. 15 passed; 0 failed; 0 ignored; 0 measured; 124 filtered out; finished in 8.77s


running 0 tests

test result: ok. 0 passed; 0 failed; 0 ignored; 0 measured; 0 filtered out; finished in 0.00s


running 0 tests

test result: ok. 0 passed; 0 failed; 0 ignored; 0 measured; 3 filtered out; finished in 0.00s


running 0 tests

test result: ok. 0 passed; 0 failed; 0 ignored; 0 measured; 1 filtered out; finished in 0.00s


running 0 tests

test result: ok. 0 passed; 0 failed; 0 ignored; 0 measured; 2 filtered out; finished in 0.00s


running 0 tests

test result: ok. 0 passed; 0 failed; 0 ignored; 0 measured; 1 filtered out; finished in 0.00s


running 0 tests

test result: ok. 0 passed; 0 failed; 0 ignored; 0 measured; 3 filtered out; finished in 0.00s

