Merge made by the 'ort' strategy.
 .github/ISSUE_SPECS/403-tool-11-evidence-scans.md  |   71 +
 .../453-benchmark-dependency-scan-completion.md    |  316 ++
 .../454-native-runner-seal-scan-completion.md      |   81 +
 .../455-interchange-authority-scan-completion.md   |   51 +
 .../456-rack-fixture-scan-completion.md            |   47 +
 .../462-dependency-scan-execution-error-cases.md   |  189 ++
 .../453-check-audit.log                            |    1 +
 .../453-check-audit.status                         |    1 +
 .../453-check-bench.log                            |    1 +
 .../453-check-bench.status                         |    1 +
 .../453-diff-check.log                             |    0
 .../453-diff-check.status                          |    1 +
 .../issue453-dependency-discovery/453-syntax.log   |    0
 .../453-syntax.status                              |    1 +
 .../453-test-audit.log                             |   21 +
 .../453-test-audit.status                          |    1 +
 .../453-test-bench.log                             |    1 +
 .../453-test-bench.status                          |    1 +
 .../462-check-audit.log                            |    1 +
 .../462-check-audit.status                         |    1 +
 .../462-check-bench.log                            |    1 +
 .../462-check-bench.status                         |    1 +
 .../462-diff-check.log                             |    0
 .../462-diff-check.status                          |    1 +
 .../462-root-relocation-validation.log             |    5 +
 .../462-sol2-diff-check.log                        |    0
 .../462-sol2-diff-check.status                     |    1 +
 .../462-sol2-hardcoded-search.log                  |    0
 .../462-sol2-hardcoded-search.status               |    1 +
 .../462-sol2-ordinary-suite.log                    |   22 +
 .../462-sol2-ordinary-suite.status                 |    1 +
 .../462-sol2-relocation-assertions.log             |    5 +
 .../462-sol2-relocation-assertions.status          |    1 +
 .../462-sol2-relocation-suite.log                  |   22 +
 .../462-sol2-relocation-suite.status               |    1 +
 .../462-sol2-syntax.log                            |    0
 .../462-sol2-syntax.status                         |    1 +
 .../462-sol2-trace.log                             |   78 +
 .../462-sol2-wrapper-text.sh                       |    5 +
 .../462-sol3-audit-suite.log                       |   22 +
 .../462-sol3-audit-suite.status                    |    1 +
 .../462-sol3-bench-suite.log                       |   91 +
 .../462-sol3-bench-suite.status                    |    1 +
 .../462-sol3-diff-check.log                        |    0
 .../462-sol3-diff-check.status                     |    1 +
 .../462-sol3-real-bench-scanner.log                |    1 +
 .../462-sol3-real-bench-scanner.status             |    1 +
 .../462-sol3-syntax.log                            |    0
 .../462-sol3-syntax.status                         |    1 +
 .../issue453-dependency-discovery/462-syntax.log   |    0
 .../462-syntax.status                              |    1 +
 .../462-test-audit.log                             |   22 +
 .../462-test-audit.status                          |    1 +
 .../462-test-bench.log                             |    1 +
 .../462-test-bench.status                          |    1 +
 .../462-verify-relocation.py                       |   11 +
 artifacts/issue453-dependency-discovery/README.md  |   15 +
 .../astra-453-462-initial-pr-review.md             |   15 +
 .../astra-453-attempt1-review.md                   |   45 +
 .../astra-453-attempt2-review.md                   |   47 +
 .../astra-453-attempt3-review.md                   |   30 +
 .../astra-453-numbered-scope-review.md             |   19 +
 .../astra-462-attempt1-review.md                   |   18 +
 .../astra-462-attempt2-review.md                   |   13 +
 .../astra-462-attempt3-review.md                   |   13 +
 .../astra-462-cargo-portability-ruling.md          |   29 +
 .../astra-462-ci-order-portability-ruling.md       |   30 +
 .../astra-462-numbered-scope-review.md             |   11 +
 .../engine-462-candidate-workspace.log             | 3301 ++++++++++++++++++++
 .../engine-462-runtime-input-identity.json         |   16 +
 .../engine-462-workspace-invocation.json           |    8 +
 .../engine-462-workspace-summary.json              |   10 +
 .../engine-464-failed-run-status.json              |    1 +
 .../engine-464-policy-ci.log                       |  578 ++++
 .../issue453-dependency-discovery/manifest.json    |  347 ++
 scripts/check-bench-policy.sh                      |  107 +-
 scripts/check-realtime-audit-leak.sh               |   56 +-
 scripts/test-bench-policy.sh                       |  226 +-
 scripts/test-realtime-audit-leak.sh                |  188 +-
 79 files changed, 6180 insertions(+), 32 deletions(-)
 create mode 100644 .github/ISSUE_SPECS/453-benchmark-dependency-scan-completion.md
 create mode 100644 .github/ISSUE_SPECS/454-native-runner-seal-scan-completion.md
 create mode 100644 .github/ISSUE_SPECS/455-interchange-authority-scan-completion.md
 create mode 100644 .github/ISSUE_SPECS/456-rack-fixture-scan-completion.md
 create mode 100644 .github/ISSUE_SPECS/462-dependency-scan-execution-error-cases.md
 create mode 100644 artifacts/issue453-dependency-discovery/453-check-audit.log
 create mode 100644 artifacts/issue453-dependency-discovery/453-check-audit.status
 create mode 100644 artifacts/issue453-dependency-discovery/453-check-bench.log
 create mode 100644 artifacts/issue453-dependency-discovery/453-check-bench.status
 create mode 100644 artifacts/issue453-dependency-discovery/453-diff-check.log
 create mode 100644 artifacts/issue453-dependency-discovery/453-diff-check.status
 create mode 100644 artifacts/issue453-dependency-discovery/453-syntax.log
 create mode 100644 artifacts/issue453-dependency-discovery/453-syntax.status
 create mode 100644 artifacts/issue453-dependency-discovery/453-test-audit.log
 create mode 100644 artifacts/issue453-dependency-discovery/453-test-audit.status
 create mode 100644 artifacts/issue453-dependency-discovery/453-test-bench.log
 create mode 100644 artifacts/issue453-dependency-discovery/453-test-bench.status
 create mode 100644 artifacts/issue453-dependency-discovery/462-check-audit.log
 create mode 100644 artifacts/issue453-dependency-discovery/462-check-audit.status
 create mode 100644 artifacts/issue453-dependency-discovery/462-check-bench.log
 create mode 100644 artifacts/issue453-dependency-discovery/462-check-bench.status
 create mode 100644 artifacts/issue453-dependency-discovery/462-diff-check.log
 create mode 100644 artifacts/issue453-dependency-discovery/462-diff-check.status
 create mode 100644 artifacts/issue453-dependency-discovery/462-root-relocation-validation.log
 create mode 100644 artifacts/issue453-dependency-discovery/462-sol2-diff-check.log
 create mode 100644 artifacts/issue453-dependency-discovery/462-sol2-diff-check.status
 create mode 100644 artifacts/issue453-dependency-discovery/462-sol2-hardcoded-search.log
 create mode 100644 artifacts/issue453-dependency-discovery/462-sol2-hardcoded-search.status
 create mode 100644 artifacts/issue453-dependency-discovery/462-sol2-ordinary-suite.log
 create mode 100644 artifacts/issue453-dependency-discovery/462-sol2-ordinary-suite.status
 create mode 100644 artifacts/issue453-dependency-discovery/462-sol2-relocation-assertions.log
 create mode 100644 artifacts/issue453-dependency-discovery/462-sol2-relocation-assertions.status
 create mode 100644 artifacts/issue453-dependency-discovery/462-sol2-relocation-suite.log
 create mode 100644 artifacts/issue453-dependency-discovery/462-sol2-relocation-suite.status
 create mode 100644 artifacts/issue453-dependency-discovery/462-sol2-syntax.log
 create mode 100644 artifacts/issue453-dependency-discovery/462-sol2-syntax.status
 create mode 100644 artifacts/issue453-dependency-discovery/462-sol2-trace.log
 create mode 100644 artifacts/issue453-dependency-discovery/462-sol2-wrapper-text.sh
 create mode 100644 artifacts/issue453-dependency-discovery/462-sol3-audit-suite.log
 create mode 100644 artifacts/issue453-dependency-discovery/462-sol3-audit-suite.status
 create mode 100644 artifacts/issue453-dependency-discovery/462-sol3-bench-suite.log
 create mode 100644 artifacts/issue453-dependency-discovery/462-sol3-bench-suite.status
 create mode 100644 artifacts/issue453-dependency-discovery/462-sol3-diff-check.log
 create mode 100644 artifacts/issue453-dependency-discovery/462-sol3-diff-check.status
 create mode 100644 artifacts/issue453-dependency-discovery/462-sol3-real-bench-scanner.log
 create mode 100644 artifacts/issue453-dependency-discovery/462-sol3-real-bench-scanner.status
 create mode 100644 artifacts/issue453-dependency-discovery/462-sol3-syntax.log
 create mode 100644 artifacts/issue453-dependency-discovery/462-sol3-syntax.status
 create mode 100644 artifacts/issue453-dependency-discovery/462-syntax.log
 create mode 100644 artifacts/issue453-dependency-discovery/462-syntax.status
 create mode 100644 artifacts/issue453-dependency-discovery/462-test-audit.log
 create mode 100644 artifacts/issue453-dependency-discovery/462-test-audit.status
 create mode 100644 artifacts/issue453-dependency-discovery/462-test-bench.log
 create mode 100644 artifacts/issue453-dependency-discovery/462-test-bench.status
 create mode 100644 artifacts/issue453-dependency-discovery/462-verify-relocation.py
 create mode 100644 artifacts/issue453-dependency-discovery/README.md
 create mode 100644 artifacts/issue453-dependency-discovery/astra-453-462-initial-pr-review.md
 create mode 100644 artifacts/issue453-dependency-discovery/astra-453-attempt1-review.md
 create mode 100644 artifacts/issue453-dependency-discovery/astra-453-attempt2-review.md
 create mode 100644 artifacts/issue453-dependency-discovery/astra-453-attempt3-review.md
 create mode 100644 artifacts/issue453-dependency-discovery/astra-453-numbered-scope-review.md
 create mode 100644 artifacts/issue453-dependency-discovery/astra-462-attempt1-review.md
 create mode 100644 artifacts/issue453-dependency-discovery/astra-462-attempt2-review.md
 create mode 100644 artifacts/issue453-dependency-discovery/astra-462-attempt3-review.md
 create mode 100644 artifacts/issue453-dependency-discovery/astra-462-cargo-portability-ruling.md
 create mode 100644 artifacts/issue453-dependency-discovery/astra-462-ci-order-portability-ruling.md
 create mode 100644 artifacts/issue453-dependency-discovery/astra-462-numbered-scope-review.md
 create mode 100644 artifacts/issue453-dependency-discovery/engine-462-candidate-workspace.log
 create mode 100644 artifacts/issue453-dependency-discovery/engine-462-runtime-input-identity.json
 create mode 100644 artifacts/issue453-dependency-discovery/engine-462-workspace-invocation.json
 create mode 100644 artifacts/issue453-dependency-discovery/engine-462-workspace-summary.json
 create mode 100644 artifacts/issue453-dependency-discovery/engine-464-failed-run-status.json
 create mode 100644 artifacts/issue453-dependency-discovery/engine-464-policy-ci.log
 create mode 100644 artifacts/issue453-dependency-discovery/manifest.json
