Diff in /home/bl/misofm/engine-cp7-diagnostics/crates/host-core/src/prepare.rs:1019:
         let bounded = effect_diagnostics(many).into_bytes();
         let mut expected = String::new();
         for index in 0..64 {
-            expected.push_str(&format!(
-                "effect.too_many\t$.effects[index={index:02}]\n"
-            ));
+            expected.push_str(&format!("effect.too_many\t$.effects[index={index:02}]\n"));
         }
         assert_eq!(bounded, expected.into_bytes());
 
Diff in /home/bl/misofm/engine-cp7-diagnostics/crates/host-core/src/prepare.rs:1063:
         let bounded = session_diagnostics(many).into_bytes();
         let mut expected = String::new();
         for index in 0..64 {
-            expected.push_str(&format!(
-                "schema.unknown_field\t$.unexpected_{index:02}\n"
-            ));
+            expected.push_str(&format!("schema.unknown_field\t$.unexpected_{index:02}\n"));
         }
         assert_eq!(bounded, expected.into_bytes());
     }
