   Compiling bytemuck v1.25.2
   Compiling engine v0.1.0 (/home/bl/misofm/engine-cp7-diagnostics/crates/engine)
   Compiling version_check v0.9.5
   Compiling proc-macro2 v1.0.107
   Compiling lexical-util v1.0.7
   Compiling quote v1.0.47
   Compiling cfg-if v1.0.4
   Compiling unicode-ident v1.0.24
   Compiling libc v0.2.189
   Compiling syn v1.0.109
   Compiling typenum v1.20.1
   Compiling autocfg v1.5.1
   Compiling once_cell v1.21.4
   Compiling smallvec v1.15.2
   Compiling decoded-char v0.1.1
   Compiling locspan v0.8.2
   Compiling utf8-decode v1.0.1
   Compiling cpufeatures v0.3.0
   Compiling safe_arch v1.2.0
   Compiling ahash v0.7.8
   Compiling proc-macro-error-attr v1.0.4
   Compiling proc-macro-error v1.0.4
   Compiling smallstr v0.3.1
   Compiling indexmap v1.9.3
   Compiling lexical-parse-integer v1.0.6
   Compiling lexical-write-integer v1.0.6
   Compiling wide v1.6.1
   Compiling lexical-parse-float v1.0.6
   Compiling hybrid-array v0.4.14
   Compiling lexical-write-float v1.0.6
   Compiling getrandom v0.2.17
   Compiling lexical-core v1.0.6
   Compiling lexical v7.0.5
   Compiling crypto-common v0.2.2
   Compiling block-buffer v0.12.1
   Compiling json-number v0.4.10
   Compiling hashbrown v0.12.3
   Compiling digest v0.11.3
   Compiling sha2 v0.11.0
   Compiling locspan-derive v0.6.0
   Compiling json-syntax v0.12.5
   Compiling session v0.1.0 (/home/bl/misofm/engine-cp7-diagnostics/crates/session)
   Compiling lane v0.1.0 (/home/bl/misofm/engine-cp7-diagnostics/crates/lane)
   Compiling math v0.1.0 (/home/bl/misofm/engine-cp7-diagnostics/crates/math)
   Compiling effect-contract v0.1.0 (/home/bl/misofm/engine-cp7-diagnostics/crates/effect-contract)
   Compiling effect-runtime v0.1.0 (/home/bl/misofm/engine-cp7-diagnostics/crates/effect-runtime)
   Compiling rack v0.1.0 (/home/bl/misofm/engine-cp7-diagnostics/crates/rack)
   Compiling delay v0.1.0 (/home/bl/misofm/engine-cp7-diagnostics/crates/delay)
   Compiling true-peak-limiter v0.1.0 (/home/bl/misofm/engine-cp7-diagnostics/crates/true-peak-limiter)
   Compiling transient-shaper v0.1.0 (/home/bl/misofm/engine-cp7-diagnostics/crates/transient-shaper)
   Compiling soft-clip v0.1.0 (/home/bl/misofm/engine-cp7-diagnostics/crates/soft-clip)
   Compiling gate-expander v0.1.0 (/home/bl/misofm/engine-cp7-diagnostics/crates/gate-expander)
   Compiling multiband-compressor v0.1.0 (/home/bl/misofm/engine-cp7-diagnostics/crates/multiband-compressor)
   Compiling compressor v0.1.0 (/home/bl/misofm/engine-cp7-diagnostics/crates/compressor)
   Compiling parametric-eq v0.1.0 (/home/bl/misofm/engine-cp7-diagnostics/crates/parametric-eq)
   Compiling builtins v0.1.0 (/home/bl/misofm/engine-cp7-diagnostics/crates/builtins)
   Compiling graph v0.1.0 (/home/bl/misofm/engine-cp7-diagnostics/crates/graph)
   Compiling rack-compiler v0.1.0 (/home/bl/misofm/engine-cp7-diagnostics/crates/rack-compiler)
   Compiling builtins-compiler v0.1.0 (/home/bl/misofm/engine-cp7-diagnostics/crates/builtins-compiler)
   Compiling source v0.1.0 (/home/bl/misofm/engine-cp7-diagnostics/crates/source)
   Compiling effect-package v0.1.0 (/home/bl/misofm/engine-cp7-diagnostics/crates/effect-package)
   Compiling effect-compiler v0.1.0 (/home/bl/misofm/engine-cp7-diagnostics/crates/effect-compiler)
   Compiling graph-compiler v0.1.0 (/home/bl/misofm/engine-cp7-diagnostics/crates/graph-compiler)
   Compiling host-core v0.1.0 (/home/bl/misofm/engine-cp7-diagnostics/crates/host-core)
    Finished `release` profile [optimized + debuginfo] target(s) in 32.34s
     Running tests/prepare.rs (/tmp/492-luna1-target/release/deps/prepare-75318f1d1f0c168b)

running 13 tests
test contract_types_are_send_and_not_sync ... ok
test dense_refusal_diagnostics_finish_under_one_second_in_release ... ignored, release-mode budget; runs nightly
test default_ring_derivation_covers_the_stall_and_two_in_flight_quanta ... ok
test dense_refusal_diagnostics_are_count_bounded ... ok
test console_attaches_bounded_control_and_meter_halves_in_canonical_track_order ... ok
test retained_bytes_projection_matches_the_live_set ... ok
test source_control_errors_are_typed ... ok
test prepare_reports_the_session_shape_and_feeds_sources_independently ... ok
test source_channel_cap_is_optional ... ok
test no_console_request_attaches_nothing_and_charges_nothing ... ok
test session_validation_owns_the_launch_rate_set ... ok
test shape_policy_pins_rate_and_quantum ... ok
test every_byte_cap_admits_its_reported_row_and_rejects_one_byte_below ... ok

test result: ok. 12 passed; 0 failed; 1 ignored; 0 measured; 0 filtered out; finished in 0.01s

