   Compiling bytemuck v1.25.2
   Compiling engine v0.1.0 (/home/bl/misofm/engine-cp7-diagnostics/crates/engine)
   Compiling lexical-util v1.0.7
   Compiling cfg-if v1.0.4
   Compiling once_cell v1.21.4
   Compiling typenum v1.20.1
   Compiling smallvec v1.15.2
   Compiling locspan v0.8.2
   Compiling decoded-char v0.1.1
   Compiling utf8-decode v1.0.1
   Compiling cpufeatures v0.3.0
   Compiling libc v0.2.189
   Compiling safe_arch v1.2.0
   Compiling smallstr v0.3.1
   Compiling wide v1.6.1
   Compiling lexical-parse-integer v1.0.6
   Compiling lexical-write-integer v1.0.6
   Compiling lexical-parse-float v1.0.6
   Compiling lexical-write-float v1.0.6
   Compiling hybrid-array v0.4.14
   Compiling getrandom v0.2.17
   Compiling ahash v0.7.8
   Compiling lexical-core v1.0.6
   Compiling hashbrown v0.12.3
   Compiling lexical v7.0.5
   Compiling json-number v0.4.10
   Compiling crypto-common v0.2.2
   Compiling block-buffer v0.12.1
   Compiling indexmap v1.9.3
   Compiling json-syntax v0.12.5
   Compiling digest v0.11.3
   Compiling sha2 v0.11.0
   Compiling session v0.1.0 (/home/bl/misofm/engine-cp7-diagnostics/crates/session)
   Compiling lane v0.1.0 (/home/bl/misofm/engine-cp7-diagnostics/crates/lane)
   Compiling math v0.1.0 (/home/bl/misofm/engine-cp7-diagnostics/crates/math)
   Compiling effect-contract v0.1.0 (/home/bl/misofm/engine-cp7-diagnostics/crates/effect-contract)
   Compiling effect-runtime v0.1.0 (/home/bl/misofm/engine-cp7-diagnostics/crates/effect-runtime)
   Compiling rack v0.1.0 (/home/bl/misofm/engine-cp7-diagnostics/crates/rack)
   Compiling compressor v0.1.0 (/home/bl/misofm/engine-cp7-diagnostics/crates/compressor)
   Compiling gate-expander v0.1.0 (/home/bl/misofm/engine-cp7-diagnostics/crates/gate-expander)
   Compiling parametric-eq v0.1.0 (/home/bl/misofm/engine-cp7-diagnostics/crates/parametric-eq)
   Compiling delay v0.1.0 (/home/bl/misofm/engine-cp7-diagnostics/crates/delay)
   Compiling builtins v0.1.0 (/home/bl/misofm/engine-cp7-diagnostics/crates/builtins)
   Compiling soft-clip v0.1.0 (/home/bl/misofm/engine-cp7-diagnostics/crates/soft-clip)
   Compiling transient-shaper v0.1.0 (/home/bl/misofm/engine-cp7-diagnostics/crates/transient-shaper)
   Compiling true-peak-limiter v0.1.0 (/home/bl/misofm/engine-cp7-diagnostics/crates/true-peak-limiter)
   Compiling multiband-compressor v0.1.0 (/home/bl/misofm/engine-cp7-diagnostics/crates/multiband-compressor)
   Compiling graph v0.1.0 (/home/bl/misofm/engine-cp7-diagnostics/crates/graph)
   Compiling rack-compiler v0.1.0 (/home/bl/misofm/engine-cp7-diagnostics/crates/rack-compiler)
   Compiling effect-package v0.1.0 (/home/bl/misofm/engine-cp7-diagnostics/crates/effect-package)
   Compiling builtins-compiler v0.1.0 (/home/bl/misofm/engine-cp7-diagnostics/crates/builtins-compiler)
   Compiling source v0.1.0 (/home/bl/misofm/engine-cp7-diagnostics/crates/source)
   Compiling effect-compiler v0.1.0 (/home/bl/misofm/engine-cp7-diagnostics/crates/effect-compiler)
   Compiling graph-compiler v0.1.0 (/home/bl/misofm/engine-cp7-diagnostics/crates/graph-compiler)
   Compiling host-core v0.1.0 (/home/bl/misofm/engine-cp7-diagnostics/crates/host-core)
error[E0599]: no method named `matches` found for struct `Vec<u8>` in the current scope
    --> crates/host-core/src/prepare.rs:1013:28
     |
1013 |         assert_eq!(bounded.matches('\n').count(), 64);
     |                            ^^^^^^^ method not found in `Vec<u8>`

For more information about this error, try `rustc --explain E0599`.
error: could not compile `host-core` (lib test) due to 1 previous error
