    Checking bytemuck v1.25.2
    Checking engine v0.1.0 (/home/bl/misofm/engine-idle-admission-clear/crates/engine)
    Checking lexical-util v1.0.7
    Checking cfg-if v1.0.4
    Checking once_cell v1.21.4
    Checking typenum v1.20.1
    Checking smallvec v1.15.2
    Checking utf8-decode v1.0.1
    Checking decoded-char v0.1.1
    Checking locspan v0.8.2
    Checking cpufeatures v0.3.0
    Checking libc v0.2.189
    Checking safe_arch v1.2.0
    Checking smallstr v0.3.1
    Checking lexical-write-integer v1.0.6
    Checking lexical-parse-integer v1.0.6
    Checking wide v1.6.1
    Checking lexical-parse-float v1.0.6
    Checking lexical-write-float v1.0.6
    Checking hybrid-array v0.4.14
    Checking getrandom v0.2.17
    Checking ahash v0.7.8
    Checking lexical-core v1.0.6
    Checking hashbrown v0.12.3
    Checking lexical v7.0.5
    Checking json-number v0.4.10
    Checking crypto-common v0.2.2
    Checking block-buffer v0.12.1
    Checking indexmap v1.9.3
    Checking digest v0.11.3
    Checking json-syntax v0.12.5
    Checking sha2 v0.11.0
    Checking session v0.1.0 (/home/bl/misofm/engine-idle-admission-clear/crates/session)
    Checking lane v0.1.0 (/home/bl/misofm/engine-idle-admission-clear/crates/lane)
    Checking math v0.1.0 (/home/bl/misofm/engine-idle-admission-clear/crates/math)
    Checking effect-contract v0.1.0 (/home/bl/misofm/engine-idle-admission-clear/crates/effect-contract)
    Checking effect-runtime v0.1.0 (/home/bl/misofm/engine-idle-admission-clear/crates/effect-runtime)
    Checking rack v0.1.0 (/home/bl/misofm/engine-idle-admission-clear/crates/rack)
    Checking parametric-eq v0.1.0 (/home/bl/misofm/engine-idle-admission-clear/crates/parametric-eq)
    Checking gate-expander v0.1.0 (/home/bl/misofm/engine-idle-admission-clear/crates/gate-expander)
    Checking builtins v0.1.0 (/home/bl/misofm/engine-idle-admission-clear/crates/builtins)
    Checking soft-clip v0.1.0 (/home/bl/misofm/engine-idle-admission-clear/crates/soft-clip)
    Checking transient-shaper v0.1.0 (/home/bl/misofm/engine-idle-admission-clear/crates/transient-shaper)
    Checking delay v0.1.0 (/home/bl/misofm/engine-idle-admission-clear/crates/delay)
    Checking effect-package v0.1.0 (/home/bl/misofm/engine-idle-admission-clear/crates/effect-package)
    Checking multiband-compressor v0.1.0 (/home/bl/misofm/engine-idle-admission-clear/crates/multiband-compressor)
    Checking compressor v0.1.0 (/home/bl/misofm/engine-idle-admission-clear/crates/compressor)
    Checking true-peak-limiter v0.1.0 (/home/bl/misofm/engine-idle-admission-clear/crates/true-peak-limiter)
    Checking graph v0.1.0 (/home/bl/misofm/engine-idle-admission-clear/crates/graph)
    Checking rack-compiler v0.1.0 (/home/bl/misofm/engine-idle-admission-clear/crates/rack-compiler)
    Checking effect-compiler v0.1.0 (/home/bl/misofm/engine-idle-admission-clear/crates/effect-compiler)
    Checking builtins-compiler v0.1.0 (/home/bl/misofm/engine-idle-admission-clear/crates/builtins-compiler)
    Checking source v0.1.0 (/home/bl/misofm/engine-idle-admission-clear/crates/source)
    Checking graph-compiler v0.1.0 (/home/bl/misofm/engine-idle-admission-clear/crates/graph-compiler)
    Checking host-core v0.1.0 (/home/bl/misofm/engine-idle-admission-clear/crates/host-core)
    Checking host-web v0.1.0 (/home/bl/misofm/engine-idle-admission-clear/hosts/host-web)
error: casting to the same type is unnecessary (`u32` -> `u32`)
    --> hosts/host-web/src/tests.rs:1818:9
     |
1818 |         DEFAULT_COMMAND_QUEUE_RECORDS as u32
     |         ^^^^^^^^^^^^^^^^^^^^^^^^^^^^^^^^^^^^ help: try: `DEFAULT_COMMAND_QUEUE_RECORDS`
     |
     = help: for further information visit https://rust-lang.github.io/rust-clippy/rust-1.97.0/index.html#unnecessary_cast
     = note: `-D clippy::unnecessary-cast` implied by `-D clippy::all`
     = help: to override `-D clippy::all` add `#[allow(clippy::unnecessary_cast)]`

error: casting to the same type is unnecessary (`u32` -> `u32`)
    --> hosts/host-web/src/tests.rs:1837:9
     |
1837 |         DEFAULT_COMMAND_QUEUE_RECORDS as u32
     |         ^^^^^^^^^^^^^^^^^^^^^^^^^^^^^^^^^^^^ help: try: `DEFAULT_COMMAND_QUEUE_RECORDS`
     |
     = help: for further information visit https://rust-lang.github.io/rust-clippy/rust-1.97.0/index.html#unnecessary_cast

error: could not compile `host-web` (lib test) due to 2 previous errors
