   Compiling bytemuck v1.25.2
   Compiling dsp-reference v0.1.0 (/home/bl/misofm/engine-shared-hex-authority/crates/dsp-reference)
   Compiling session v0.1.0 (/home/bl/misofm/engine-shared-hex-authority/crates/session)
   Compiling safe_arch v1.2.0
   Compiling wide v1.6.1
   Compiling lane v0.1.0 (/home/bl/misofm/engine-shared-hex-authority/crates/lane)
   Compiling math v0.1.0 (/home/bl/misofm/engine-shared-hex-authority/crates/math)
   Compiling effect-contract v0.1.0 (/home/bl/misofm/engine-shared-hex-authority/crates/effect-contract)
   Compiling effect-runtime v0.1.0 (/home/bl/misofm/engine-shared-hex-authority/crates/effect-runtime)
   Compiling rack v0.1.0 (/home/bl/misofm/engine-shared-hex-authority/crates/rack)
   Compiling delay v0.1.0 (/home/bl/misofm/engine-shared-hex-authority/crates/delay)
   Compiling compressor v0.1.0 (/home/bl/misofm/engine-shared-hex-authority/crates/compressor)
   Compiling true-peak-limiter v0.1.0 (/home/bl/misofm/engine-shared-hex-authority/crates/true-peak-limiter)
   Compiling soft-clip v0.1.0 (/home/bl/misofm/engine-shared-hex-authority/crates/soft-clip)
   Compiling builtins v0.1.0 (/home/bl/misofm/engine-shared-hex-authority/crates/builtins)
   Compiling multiband-compressor v0.1.0 (/home/bl/misofm/engine-shared-hex-authority/crates/multiband-compressor)
   Compiling parametric-eq v0.1.0 (/home/bl/misofm/engine-shared-hex-authority/crates/parametric-eq)
   Compiling gate-expander v0.1.0 (/home/bl/misofm/engine-shared-hex-authority/crates/gate-expander)
   Compiling transient-shaper v0.1.0 (/home/bl/misofm/engine-shared-hex-authority/crates/transient-shaper)
   Compiling conformance v0.1.0 (/home/bl/misofm/engine-shared-hex-authority/crates/conformance)
   Compiling graph v0.1.0 (/home/bl/misofm/engine-shared-hex-authority/crates/graph)
   Compiling rack-compiler v0.1.0 (/home/bl/misofm/engine-shared-hex-authority/crates/rack-compiler)
   Compiling effect-package v0.1.0 (/home/bl/misofm/engine-shared-hex-authority/crates/effect-package)
   Compiling effect-compiler v0.1.0 (/home/bl/misofm/engine-shared-hex-authority/crates/effect-compiler)
   Compiling builtins-compiler v0.1.0 (/home/bl/misofm/engine-shared-hex-authority/crates/builtins-compiler)
   Compiling graph-compiler v0.1.0 (/home/bl/misofm/engine-shared-hex-authority/crates/graph-compiler)
    Finished `test` profile [unoptimized + debuginfo] target(s) in 10.61s
     Running unittests src/lib.rs (/tmp/issue543-target/debug/deps/graph_compiler-12dea0a01d43bb77)
     Running unittests src/bin/graph_fixture.rs (/tmp/issue543-target/debug/deps/graph_fixture-c48e2ea9e79f7bb1)
     Running unittests src/bin/rack_fixture.rs (/tmp/issue543-target/debug/deps/rack_fixture-0b94c5c544eb423a)
     Running tests/route_gain.rs (/tmp/issue543-target/debug/deps/route_gain-40ec4399b6e159d9)
     Running tests/scale.rs (/tmp/issue543-target/debug/deps/scale-416bef8c6a13b9e7)
     Running tests/track_delay.rs (/tmp/issue543-target/debug/deps/track_delay-2ca14df59774be9b)
   Doc-tests graph_compiler
