
running 19 tests
test tests::cli_is_closed_and_exact ... ok
test tests::identity_grammar_is_closed ... ok
test tests::portable_publication_state_machine_freezes_every_race_and_failure ... ok
test tests::encoder_preserves_signed_zero_and_publication_is_no_clobber ... ok
test tests::unsupported_platform_stops_before_output_source_engine_or_publication ... ok
test tests::source_symlink_is_rejected_and_sentinel_preserved ... ok
test tests::post_create_partial_replacements_are_preserved_and_never_published ... ok
test tests::final_collisions_inserted_immediately_before_publication_are_preserved ... ok
test tests::reversed_source_declarations_submit_in_canonical_id_order ... ok
test tests::scalar_caps_precede_resolution_and_cover_overflow_and_unsupported_rate ... ok
test tests::resolver_rejects_integer_and_float_depth_mismatches_both_directions_precompile ... ok
test tests::missing_mismatched_and_truncated_riff_sources_are_exact_precompile_failures ... ok
test tests::preflight_and_resolution_fail_before_compile_or_output ... ok
test tests::injected_create_write_and_publish_failures_are_terminal ... ok
test tests::shared_runner_orders_short_final_submission_and_terminal_failures ... ok
test tests::resolver_rejects_identity_shape_file_shape_and_declaration_mismatches_precompile ... ok
test tests::publication_refuses_every_preexisting_final_and_partial_kind ... ok
test tests::real_output_faults_remove_only_the_owned_partial ... ok
test tests::real_c_abi_riff_and_rf64_render_exact_block_planar_outputs ... ok

test result: ok. 19 passed; 0 failed; 0 ignored; 0 measured; 0 filtered out; finished in 0.56s


running 0 tests

test result: ok. 0 passed; 0 failed; 0 ignored; 0 measured; 0 filtered out; finished in 0.00s


running 0 tests

test result: ok. 0 passed; 0 failed; 0 ignored; 0 measured; 0 filtered out; finished in 0.00s

