   Compiling serde_core v1.0.228
   Compiling foldhash v0.2.0
   Compiling libm v0.2.16
   Compiling serde v1.0.228
   Compiling wasmtime-internal-core v47.0.3
   Compiling log v0.4.33
   Compiling cranelift-srcgen v0.134.4
   Compiling thiserror v2.0.20
   Compiling cranelift-isle v0.134.3
   Compiling equivalent v1.0.2
   Compiling cranelift-codegen-shared v0.134.4
   Compiling target-lexicon v0.13.5
   Compiling heck v0.5.0
   Compiling hashbrown v0.16.1
   Compiling allocator-api2 v0.2.21
   Compiling bitflags v2.13.1
   Compiling cpufeatures v0.2.17
   Compiling fnv v1.0.7
   Compiling crc32fast v1.5.1
   Compiling arbitrary v1.4.2
   Compiling rustc-hash v2.1.3
   Compiling anyhow v1.0.104
   Compiling object v0.39.1
   Compiling termcolor v1.4.1
   Compiling leb128fmt v0.1.0
   Compiling generic-array v0.14.7
   Compiling syn v2.0.119
   Compiling syn v3.0.3
   Compiling wasmtime-internal-unwinder v47.0.3
   Compiling wasmtime-internal-component-util v47.0.3
   Compiling rustix v1.1.4
   Compiling hashbrown v0.17.1
   Compiling linux-raw-sys v0.12.1
   Compiling either v1.18.0
   Compiling wasmtime-internal-cranelift v47.0.3
   Compiling wasm-gate-corpus v0.1.0 (/home/bl/misofm/engine-shared-hex-authority/tools/wasm-gate-corpus)
   Compiling bench-support v0.1.0 (/home/bl/misofm/engine-shared-hex-authority/tools/bench-support)
   Compiling cranelift-assembler-x64-meta v0.134.4
   Compiling wasm-encoder v0.252.0
   Compiling itertools v0.14.0
   Compiling bumpalo v3.20.3
   Compiling cranelift-control v0.134.4
   Compiling block-buffer v0.10.4
   Compiling crypto-common v0.1.7
   Compiling digest v0.10.7
   Compiling sha2 v0.10.9
   Compiling cranelift-assembler-x64 v0.134.4
   Compiling cranelift-bitset v0.134.3
   Compiling memfd v0.6.5
   Compiling semver v1.0.28
   Compiling serde_derive v1.0.228
   Compiling pulley-macros v47.0.3
   Compiling wasmtime-internal-versioned-export-macros v47.0.3
   Compiling pulley-interpreter v47.0.3
   Compiling wasmtime v47.0.3
   Compiling indexmap v2.14.0
   Compiling thiserror-impl v2.0.20
   Compiling async-trait v0.1.92
   Compiling gimli v0.33.0
   Compiling cobs v0.3.0
   Compiling cranelift-codegen-meta v0.134.3
   Compiling smallvec v1.15.2
   Compiling postcard v1.1.3
   Compiling wasmparser v0.252.0
   Compiling regalloc2 v0.15.2
   Compiling wasmtime-internal-jit-icache-coherence v47.0.3
   Compiling cranelift-entity v0.134.3
   Compiling cranelift-bforest v0.134.3
   Compiling cranelift-codegen v0.134.3
   Compiling wasmprinter v0.252.0
   Compiling wasmtime-environ v47.0.3
   Compiling cranelift-native v0.134.3
   Compiling cranelift-frontend v0.134.3
   Compiling wasm-gates v0.1.0 (/home/bl/misofm/engine-shared-hex-authority/tools/wasm-gates)
    Finished `test` profile [unoptimized + debuginfo] target(s) in 28.39s
     Running unittests src/lib.rs (/tmp/issue543-target/debug/deps/wasm_gates-64e58ba45dc3ea68)
     Running unittests src/main.rs (/tmp/issue543-target/debug/deps/wasm_gates-e8b49278197d0380)
     Running tests/g5_native_corpus.rs (/tmp/issue543-target/debug/deps/g5_native_corpus-466522876552bd45)
     Running tests/g6_full_corpus_ftz.rs (/tmp/issue543-target/debug/deps/g6_full_corpus_ftz-951d71776014ea1d)
   Doc-tests wasm_gates
