    Checking bytemuck v1.25.2
    Checking engine v0.1.0 (/home/bl/misofm/engine-shared-hex-authority/crates/engine)
    Checking lexical-util v1.0.7
    Checking cfg-if v1.0.4
    Checking once_cell v1.21.4
    Checking typenum v1.20.1
    Checking smallvec v1.15.2
    Checking decoded-char v0.1.1
    Checking locspan v0.8.2
    Checking utf8-decode v1.0.1
    Checking cpufeatures v0.3.0
    Checking itoa v1.0.18
    Checking memchr v2.8.3
    Checking libc v0.2.189
    Checking serde_core v1.0.228
    Checking zmij v1.0.23
    Checking safe_arch v1.2.0
    Checking smallstr v0.3.1
    Checking wide v1.6.1
    Checking lexical-write-integer v1.0.6
    Checking lexical-parse-integer v1.0.6
    Checking lexical-parse-float v1.0.6
    Checking hybrid-array v0.4.14
    Checking lexical-write-float v1.0.6
    Checking getrandom v0.2.17
    Checking ahash v0.7.8
    Checking lexical-core v1.0.6
    Checking hashbrown v0.12.3
    Checking lexical v7.0.5
    Checking json-number v0.4.10
    Checking block-buffer v0.12.1
    Checking crypto-common v0.2.2
    Checking indexmap v1.9.3
    Checking digest v0.11.3
    Checking json-syntax v0.12.5
    Checking serde_json v1.0.151
    Checking sha2 v0.11.0
    Checking session v0.1.0 (/home/bl/misofm/engine-shared-hex-authority/crates/session)
    Checking lane v0.1.0 (/home/bl/misofm/engine-shared-hex-authority/crates/lane)
    Checking math v0.1.0 (/home/bl/misofm/engine-shared-hex-authority/crates/math)
    Checking effect-contract v0.1.0 (/home/bl/misofm/engine-shared-hex-authority/crates/effect-contract)
    Checking effect-runtime v0.1.0 (/home/bl/misofm/engine-shared-hex-authority/crates/effect-runtime)
    Checking rack v0.1.0 (/home/bl/misofm/engine-shared-hex-authority/crates/rack)
    Checking parametric-eq v0.1.0 (/home/bl/misofm/engine-shared-hex-authority/crates/parametric-eq)
    Checking transient-shaper v0.1.0 (/home/bl/misofm/engine-shared-hex-authority/crates/transient-shaper)
    Checking effect-package v0.1.0 (/home/bl/misofm/engine-shared-hex-authority/crates/effect-package)
    Checking builtins v0.1.0 (/home/bl/misofm/engine-shared-hex-authority/crates/builtins)
    Checking true-peak-limiter v0.1.0 (/home/bl/misofm/engine-shared-hex-authority/crates/true-peak-limiter)
    Checking delay v0.1.0 (/home/bl/misofm/engine-shared-hex-authority/crates/delay)
    Checking compressor v0.1.0 (/home/bl/misofm/engine-shared-hex-authority/crates/compressor)
    Checking multiband-compressor v0.1.0 (/home/bl/misofm/engine-shared-hex-authority/crates/multiband-compressor)
    Checking gate-expander v0.1.0 (/home/bl/misofm/engine-shared-hex-authority/crates/gate-expander)
    Checking soft-clip v0.1.0 (/home/bl/misofm/engine-shared-hex-authority/crates/soft-clip)
    Checking graph v0.1.0 (/home/bl/misofm/engine-shared-hex-authority/crates/graph)
    Checking rack-compiler v0.1.0 (/home/bl/misofm/engine-shared-hex-authority/crates/rack-compiler)
    Checking effect-compiler v0.1.0 (/home/bl/misofm/engine-shared-hex-authority/crates/effect-compiler)
    Checking builtins-compiler v0.1.0 (/home/bl/misofm/engine-shared-hex-authority/crates/builtins-compiler)
    Checking source v0.1.0 (/home/bl/misofm/engine-shared-hex-authority/crates/source)
    Checking graph-compiler v0.1.0 (/home/bl/misofm/engine-shared-hex-authority/crates/graph-compiler)
    Checking host-core v0.1.0 (/home/bl/misofm/engine-shared-hex-authority/crates/host-core)
    Checking host-web v0.1.0 (/home/bl/misofm/engine-shared-hex-authority/hosts/host-web)
    Finished `dev` profile [unoptimized + debuginfo] target(s) in 5.66s
