    Checking engine v0.1.0 (/home/bl/misofm/engine-shared-hex-authority/crates/engine)
    Checking effect-contract v0.1.0 (/home/bl/misofm/engine-shared-hex-authority/crates/effect-contract)
    Checking session v0.1.0 (/home/bl/misofm/engine-shared-hex-authority/crates/session)
    Checking bench-support v0.1.0 (/home/bl/misofm/engine-shared-hex-authority/tools/bench-support)
    Checking rack v0.1.0 (/home/bl/misofm/engine-shared-hex-authority/crates/rack)
    Checking compressor v0.1.0 (/home/bl/misofm/engine-shared-hex-authority/crates/compressor)
    Checking effect-package v0.1.0 (/home/bl/misofm/engine-shared-hex-authority/crates/effect-package)
    Checking builtins v0.1.0 (/home/bl/misofm/engine-shared-hex-authority/crates/builtins)
    Checking parametric-eq v0.1.0 (/home/bl/misofm/engine-shared-hex-authority/crates/parametric-eq)
    Checking transient-shaper v0.1.0 (/home/bl/misofm/engine-shared-hex-authority/crates/transient-shaper)
    Checking true-peak-limiter v0.1.0 (/home/bl/misofm/engine-shared-hex-authority/crates/true-peak-limiter)
    Checking soft-clip v0.1.0 (/home/bl/misofm/engine-shared-hex-authority/crates/soft-clip)
    Checking gate-expander v0.1.0 (/home/bl/misofm/engine-shared-hex-authority/crates/gate-expander)
    Checking delay v0.1.0 (/home/bl/misofm/engine-shared-hex-authority/crates/delay)
    Checking multiband-compressor v0.1.0 (/home/bl/misofm/engine-shared-hex-authority/crates/multiband-compressor)
    Checking graph v0.1.0 (/home/bl/misofm/engine-shared-hex-authority/crates/graph)
    Checking rack-compiler v0.1.0 (/home/bl/misofm/engine-shared-hex-authority/crates/rack-compiler)
    Checking effect-compiler v0.1.0 (/home/bl/misofm/engine-shared-hex-authority/crates/effect-compiler)
    Checking builtins-compiler v0.1.0 (/home/bl/misofm/engine-shared-hex-authority/crates/builtins-compiler)
    Checking source v0.1.0 (/home/bl/misofm/engine-shared-hex-authority/crates/source)
    Checking graph-compiler v0.1.0 (/home/bl/misofm/engine-shared-hex-authority/crates/graph-compiler)
    Checking host-core v0.1.0 (/home/bl/misofm/engine-shared-hex-authority/crates/host-core)
    Checking host-web v0.1.0 (/home/bl/misofm/engine-shared-hex-authority/hosts/host-web)
    Checking parameter-metadata v0.1.0 (/home/bl/misofm/engine-shared-hex-authority/tools/parameter-metadata)
    Finished `dev` profile [unoptimized + debuginfo] target(s) in 2.27s
