    Checking bytemuck v1.25.2
    Checking typenum v1.20.1
    Checking engine v0.1.0 (/home/bl/misofm/engine-compressor-allocation-proof/crates/engine)
    Checking cpufeatures v0.3.0
    Checking cfg-if v1.0.4
    Checking dsp-reference v0.1.0 (/home/bl/misofm/engine-compressor-allocation-proof/crates/dsp-reference)
    Checking safe_arch v1.2.0
    Checking wide v1.6.1
    Checking hybrid-array v0.4.14
    Checking block-buffer v0.12.1
    Checking crypto-common v0.2.2
    Checking digest v0.11.3
    Checking sha2 v0.11.0
    Checking bench-support v0.1.0 (/home/bl/misofm/engine-compressor-allocation-proof/tools/bench-support)
    Checking lane v0.1.0 (/home/bl/misofm/engine-compressor-allocation-proof/crates/lane)
    Checking math v0.1.0 (/home/bl/misofm/engine-compressor-allocation-proof/crates/math)
    Checking effect-contract v0.1.0 (/home/bl/misofm/engine-compressor-allocation-proof/crates/effect-contract)
    Checking effect-runtime v0.1.0 (/home/bl/misofm/engine-compressor-allocation-proof/crates/effect-runtime)
    Checking conformance v0.1.0 (/home/bl/misofm/engine-compressor-allocation-proof/crates/conformance)
    Checking compressor v0.1.0 (/home/bl/misofm/engine-compressor-allocation-proof/crates/compressor)
    Finished `dev` profile [unoptimized + debuginfo] target(s) in 3.19s
