cwd=/tmp/tmp.y0Cu2mzckU/repo args= tree --locked --offline -p builtins-compiler -e features\,no-dev --target all
cwd=/tmp/tmp.y0Cu2mzckU/repo args= tree --locked --offline -p builtins -e features\,no-dev --target all
cwd=/tmp/tmp.y0Cu2mzckU/repo args= tree --locked --offline -p capi -e features\,no-dev --target all
cwd=/tmp/tmp.y0Cu2mzckU/repo args= tree --locked --offline -p compressor -e features\,no-dev --target all
cwd=/tmp/tmp.y0Cu2mzckU/repo args= tree --locked --offline -p conformance -e features\,no-dev --target all
cwd=/tmp/tmp.y0Cu2mzckU/repo args= tree --locked --offline -p delay -e features\,no-dev --target all
cwd=/tmp/tmp.y0Cu2mzckU/repo args= tree --locked --offline -p dsp-reference -e features\,no-dev --target all
cwd=/tmp/tmp.y0Cu2mzckU/repo args= tree --locked --offline -p effect-compiler -e features\,no-dev --target all
cwd=/tmp/tmp.y0Cu2mzckU/repo args= tree --locked --offline -p effect-contract -e features\,no-dev --target all
cwd=/tmp/tmp.y0Cu2mzckU/repo args= tree --locked --offline -p effect-package -e features\,no-dev --target all
cwd=/tmp/tmp.y0Cu2mzckU/repo args= tree --locked --offline -p effect-runtime -e features\,no-dev --target all
cwd=/tmp/tmp.y0Cu2mzckU/repo args= tree --locked --offline -p engine -e features\,no-dev --target all
cwd=/tmp/tmp.y0Cu2mzckU/repo args= tree --locked --offline -p gate-expander -e features\,no-dev --target all
cwd=/tmp/tmp.y0Cu2mzckU/repo args= tree --locked --offline -p graph-compiler -e features\,no-dev --target all
cwd=/tmp/tmp.y0Cu2mzckU/repo args= tree --locked --offline -p graph -e features\,no-dev --target all
cwd=/tmp/tmp.y0Cu2mzckU/repo args= tree --locked --offline -p host-core -e features\,no-dev --target all
cwd=/tmp/tmp.y0Cu2mzckU/repo args= tree --locked --offline -p lane -e features\,no-dev --target all
cwd=/tmp/tmp.y0Cu2mzckU/repo args= tree --locked --offline -p math -e features\,no-dev --target all
cwd=/tmp/tmp.y0Cu2mzckU/repo args= tree --locked --offline -p multiband-compressor -e features\,no-dev --target all
cwd=/tmp/tmp.y0Cu2mzckU/repo args= tree --locked --offline -p parametric-eq -e features\,no-dev --target all
cwd=/tmp/tmp.y0Cu2mzckU/repo args= tree --locked --offline -p protocol -e features\,no-dev --target all
cwd=/tmp/tmp.y0Cu2mzckU/repo args= tree --locked --offline -p rack-compiler -e features\,no-dev --target all
cwd=/tmp/tmp.y0Cu2mzckU/repo args= tree --locked --offline -p rack -e features\,no-dev --target all
cwd=/tmp/tmp.y0Cu2mzckU/repo args= tree --locked --offline -p session -e features\,no-dev --target all
cwd=/tmp/tmp.y0Cu2mzckU/repo args= tree --locked --offline -p soft-clip -e features\,no-dev --target all
cwd=/tmp/tmp.y0Cu2mzckU/repo args= tree --locked --offline -p source -e features\,no-dev --target all
cwd=/tmp/tmp.y0Cu2mzckU/repo args= tree --locked --offline -p target-smoke -e features\,no-dev --target all
cwd=/tmp/tmp.y0Cu2mzckU/repo args= tree --locked --offline -p transient-shaper -e features\,no-dev --target all
cwd=/tmp/tmp.y0Cu2mzckU/repo args= tree --locked --offline -p true-peak-limiter -e features\,no-dev --target all
cwd=/tmp/tmp.y0Cu2mzckU/repo args= tree --locked --offline -p host-mobile -e features\,no-dev --target all
cwd=/tmp/tmp.y0Cu2mzckU/repo args= tree --locked --offline -p host-native -e features\,no-dev --target all
cwd=/tmp/tmp.y0Cu2mzckU/repo args= tree --locked --offline -p host-web -e features\,no-dev --target all
cwd=/tmp/tmp.y0Cu2mzckU/repo args= tree --locked --offline -p builtins-compiler -e features\,no-dev --target all
cwd=/tmp/tmp.y0Cu2mzckU/repo args= tree --locked --offline -p builtins -e features\,no-dev --target all
cwd=/tmp/tmp.y0Cu2mzckU/repo args= tree --locked --offline -p capi -e features\,no-dev --target all
cwd=/tmp/tmp.y0Cu2mzckU/repo args= tree --locked --offline -p compressor -e features\,no-dev --target all
cwd=/tmp/tmp.y0Cu2mzckU/repo args= tree --locked --offline -p conformance -e features\,no-dev --target all
cwd=/tmp/tmp.y0Cu2mzckU/repo args= tree --locked --offline -p delay -e features\,no-dev --target all
cwd=/tmp/tmp.y0Cu2mzckU/repo args= tree --locked --offline -p dsp-reference -e features\,no-dev --target all
cwd=/tmp/tmp.y0Cu2mzckU/repo args= tree --locked --offline -p effect-compiler -e features\,no-dev --target all
cwd=/tmp/tmp.y0Cu2mzckU/repo args= tree --locked --offline -p effect-contract -e features\,no-dev --target all
cwd=/tmp/tmp.y0Cu2mzckU/repo args= tree --locked --offline -p effect-package -e features\,no-dev --target all
cwd=/tmp/tmp.y0Cu2mzckU/repo args= tree --locked --offline -p effect-runtime -e features\,no-dev --target all
cwd=/tmp/tmp.y0Cu2mzckU/repo args= tree --locked --offline -p engine -e features\,no-dev --target all
cwd=/tmp/tmp.y0Cu2mzckU/repo args= tree --locked --offline -p gate-expander -e features\,no-dev --target all
cwd=/tmp/tmp.y0Cu2mzckU/repo args= tree --locked --offline -p graph-compiler -e features\,no-dev --target all
cwd=/tmp/tmp.y0Cu2mzckU/repo args= tree --locked --offline -p graph -e features\,no-dev --target all
cwd=/tmp/tmp.y0Cu2mzckU/repo args= tree --locked --offline -p host-core -e features\,no-dev --target all
cwd=/tmp/tmp.y0Cu2mzckU/repo args= tree --locked --offline -p lane -e features\,no-dev --target all
cwd=/tmp/tmp.y0Cu2mzckU/repo args= tree --locked --offline -p math -e features\,no-dev --target all
cwd=/tmp/tmp.y0Cu2mzckU/repo args= tree --locked --offline -p multiband-compressor -e features\,no-dev --target all
cwd=/tmp/tmp.y0Cu2mzckU/repo args= tree --locked --offline -p parametric-eq -e features\,no-dev --target all
cwd=/tmp/tmp.y0Cu2mzckU/repo args= tree --locked --offline -p protocol -e features\,no-dev --target all
cwd=/tmp/tmp.y0Cu2mzckU/repo args= tree --locked --offline -p rack-compiler -e features\,no-dev --target all
cwd=/tmp/tmp.y0Cu2mzckU/repo args= tree --locked --offline -p rack -e features\,no-dev --target all
cwd=/tmp/tmp.y0Cu2mzckU/repo args= tree --locked --offline -p session -e features\,no-dev --target all
cwd=/tmp/tmp.y0Cu2mzckU/repo args= tree --locked --offline -p soft-clip -e features\,no-dev --target all
cwd=/tmp/tmp.y0Cu2mzckU/repo args= tree --locked --offline -p source -e features\,no-dev --target all
cwd=/tmp/tmp.y0Cu2mzckU/repo args= tree --locked --offline -p target-smoke -e features\,no-dev --target all
cwd=/tmp/tmp.y0Cu2mzckU/repo args= tree --locked --offline -p transient-shaper -e features\,no-dev --target all
cwd=/tmp/tmp.y0Cu2mzckU/repo args= tree --locked --offline -p true-peak-limiter -e features\,no-dev --target all
cwd=/tmp/tmp.y0Cu2mzckU/repo args= tree --locked --offline -p host-mobile -e features\,no-dev --target all
cwd=/tmp/tmp.y0Cu2mzckU/repo args= tree --locked --offline -p host-native -e features\,no-dev --target all
cwd=/tmp/tmp.y0Cu2mzckU/repo args= tree --locked --offline -p host-web -e features\,no-dev --target all
cwd=/tmp/tmp.y0Cu2mzckU/package-parser-output-error args= tree --locked --offline -p fixture -e features\,no-dev --target all
cwd=/tmp/tmp.y0Cu2mzckU/package-parser-empty-error args= tree --locked --offline -p fixture -e features\,no-dev --target all
cwd=/tmp/tmp.y0Cu2mzckU/unnamed-package args= tree --locked --offline -p fixture -e features\,no-dev --target all
cwd=/tmp/tmp.y0Cu2mzckU/status-loss-cargo args= tree --locked --offline -p fixture -e features\,no-dev --target all
cwd=/tmp/tmp.y0Cu2mzckU/status-loss-cargo-empty args= tree --locked --offline -p fixture -e features\,no-dev --target all
cwd=/tmp/tmp.y0Cu2mzckU/status-loss-cargo-matching args= tree --locked --offline -p fixture -e features\,no-dev --target all
cwd=/tmp/tmp.y0Cu2mzckU/cargo-empty-success args= tree --locked --offline -p fixture -e features\,no-dev --target all
cwd=/tmp/tmp.y0Cu2mzckU/status-loss-grep args= tree --locked --offline -p fixture -e features\,no-dev --target all
cwd=/tmp/tmp.y0Cu2mzckU/cargo-graph-grep-empty-error args= tree --locked --offline -p fixture -e features\,no-dev --target all
cwd=/tmp/tmp.y0Cu2mzckU/cargo-graph-grep-empty-error args= tree --locked --offline -p later-fixture -e features\,no-dev --target all
cwd=/tmp/tmp.y0Cu2mzckU/manifest-status-mutant args= tree --locked --offline -p fixture -e features\,no-dev --target all
cwd=/tmp/tmp.y0Cu2mzckU/manifest-status-mutant args= tree --locked --offline -p later-fixture -e features\,no-dev --target all
cwd=/tmp/tmp.y0Cu2mzckU/restored-positive args= tree --locked --offline -p fixture -e features\,no-dev --target all
cwd=/tmp/tmp.y0Cu2mzckU/restored-positive args= tree --locked --offline -p later-fixture -e features\,no-dev --target all
