bench policy selected grep evidence: escaper-candidate-grep-error producer-status=0 lines=3
payload:
tools/bench/src/effect_interchange.rs
tools/bench/src/builtins.rs
tools/bench-support/src/json.rs
replay:
tools/bench/src/effect_interchange.rs
tools/bench/src/builtins.rs
tools/bench-support/src/json.rs
diagnostic-output:
tools/bench/src/effect_interchange.rs
tools/bench/src/builtins.rs
tools/bench-support/src/json.rs
bench policy selected grep evidence: escaper-candidate-grep-error-reversed producer-status=0 lines=3
payload:
tools/bench/src/effect_interchange.rs
tools/bench/src/builtins.rs
tools/bench-support/src/json.rs
replay:
tools/bench-support/src/json.rs
tools/bench/src/builtins.rs
tools/bench/src/effect_interchange.rs
diagnostic-output:
tools/bench-support/src/json.rs
tools/bench/src/builtins.rs
tools/bench/src/effect_interchange.rs
bench policy selected grep evidence: unsafe-owner-grep-error producer-status=0 lines=6
payload:
tools/wasm-console-guest/src/lib.rs
tools/bench/src/protocol.rs
tools/native-pcm-runner/src/lib.rs
tools/wasm-gate-guest/src/lib.rs
tools/bench-support/src/alloc.rs
tools/audit/src/capi.rs
replay:
tools/wasm-console-guest/src/lib.rs
tools/bench/src/protocol.rs
tools/native-pcm-runner/src/lib.rs
tools/wasm-gate-guest/src/lib.rs
tools/bench-support/src/alloc.rs
tools/audit/src/capi.rs
diagnostic-output:
tools/wasm-console-guest/src/lib.rs
tools/bench/src/protocol.rs
tools/native-pcm-runner/src/lib.rs
tools/wasm-gate-guest/src/lib.rs
tools/bench-support/src/alloc.rs
tools/audit/src/capi.rs
bench policy selected grep evidence: unsafe-owner-grep-error-reversed producer-status=0 lines=6
payload:
tools/wasm-console-guest/src/lib.rs
tools/bench/src/protocol.rs
tools/native-pcm-runner/src/lib.rs
tools/wasm-gate-guest/src/lib.rs
tools/bench-support/src/alloc.rs
tools/audit/src/capi.rs
replay:
tools/audit/src/capi.rs
tools/bench-support/src/alloc.rs
tools/wasm-gate-guest/src/lib.rs
tools/native-pcm-runner/src/lib.rs
tools/bench/src/protocol.rs
tools/wasm-console-guest/src/lib.rs
diagnostic-output:
tools/audit/src/capi.rs
tools/bench-support/src/alloc.rs
tools/wasm-gate-guest/src/lib.rs
tools/native-pcm-runner/src/lib.rs
tools/bench/src/protocol.rs
tools/wasm-console-guest/src/lib.rs
bench policy selected grep evidence: environment-reader-grep-error producer-status=0 lines=2
payload:
tools/audit/src/main.rs
tools/bench/src/main.rs
replay:
tools/audit/src/main.rs
tools/bench/src/main.rs
diagnostic-output:
tools/audit/src/main.rs
tools/bench/src/main.rs
bench policy selected grep evidence: environment-reader-grep-error-reversed producer-status=0 lines=2
payload:
tools/audit/src/main.rs
tools/bench/src/main.rs
replay:
tools/bench/src/main.rs
tools/audit/src/main.rs
diagnostic-output:
tools/bench/src/main.rs
tools/audit/src/main.rs
bench policy mutations: ok
