MUTATION=fill_taps uniform dispatch forced into its ragged production arm
COMMAND=PATH=/home/bl/.cargo/bin:$PATH cargo test -p compressor --lib uniform_and_ragged_access_match_old_transcription
CWD=/home/bl/misofm/engine-475-plan
SOURCE=git-head:7f5beb23-plus-uncommitted-access-proof-and-one-line-mutant
DIFF_BEGIN
diff --git a/crates/compressor/src/kernel.rs b/crates/compressor/src/kernel.rs
index 75e0ed32..efc2eff4 100644
--- a/crates/compressor/src/kernel.rs
+++ b/crates/compressor/src/kernel.rs
@@ -45,4 +45,7 @@ use lane::{Lane, flush};
 use math::fast_db::{fast_gain_from_db, fast_level_db};
 
+#[cfg(test)]
+use core::sync::atomic::{AtomicUsize, Ordering};
+
 use crate::design::{
     ALL_PARAMETERS, COEF_ATTACK, COEF_HALF_KNEE, COEF_INV_RATIO_MINUS_ONE, COEF_INV_TWO_KNEE,
@@ -815,4 +818,13 @@ enum DelayClass {
 }
 
+#[cfg(test)]
+static FILL_UNIFORM_CALLS: AtomicUsize = AtomicUsize::new(0);
+#[cfg(test)]
+static FILL_RAGGED_CALLS: AtomicUsize = AtomicUsize::new(0);
+#[cfg(test)]
+static GATHER_UNIFORM_CALLS: AtomicUsize = AtomicUsize::new(0);
+#[cfg(test)]
+static GATHER_RAGGED_CALLS: AtomicUsize = AtomicUsize::new(0);
+
 /// Classifies the live detector delays once for a frame segment. Padding never participates.
 #[inline(always)]
@@ -839,5 +851,7 @@ fn fill_taps<L: Lane>(channel: &Channel<L>, write: usize, len: usize, scratch: &
     let ring_length = channel.ring_length as usize;
     let scratch = &mut scratch[..len * width];
-    if let DelayClass::Uniform(delay) = delay_class(channel) {
+    if let DelayClass::Uniform(delay) = DelayClass::Ragged {
+        #[cfg(test)]
+        FILL_UNIFORM_CALLS.fetch_add(1, Ordering::Relaxed);
         let row = if write >= delay {
             write - delay
@@ -851,4 +865,6 @@ fn fill_taps<L: Lane>(channel: &Channel<L>, write: usize, len: usize, scratch: &
         return;
     }
+    #[cfg(test)]
+    FILL_RAGGED_CALLS.fetch_add(1, Ordering::Relaxed);
     for lane in 0..width {
         let delay = channel.delay[lane] as usize;
@@ -900,4 +916,6 @@ fn gather_detector<L: Lane>(
     let ring_length = channel.ring_length as usize;
     if let DelayClass::Uniform(delay) = class {
+        #[cfg(test)]
+        GATHER_UNIFORM_CALLS.fetch_add(1, Ordering::Relaxed);
         let row = if write >= delay {
             write - delay
@@ -907,4 +925,6 @@ fn gather_detector<L: Lane>(
         return L::load(&channel.detector[row * width..]);
     }
+    #[cfg(test)]
+    GATHER_RAGGED_CALLS.fetch_add(1, Ordering::Relaxed);
     for (lane, slot) in gather.iter_mut().take(width).enumerate() {
         let delay = channel.delay[lane] as usize;
@@ -1332,4 +1352,55 @@ mod tests {
     use lane::{Simd4, Simd8};
 
+    fn old_detector_word<L: Lane>(channel: &Channel<L>, write: usize, lane: usize) -> f32 {
+        let delay = channel.delay[lane] as usize;
+        let ring_length = channel.ring_length as usize;
+        let row = if write >= delay {
+            write - delay
+        } else {
+            write + ring_length - delay
+        };
+        channel.detector[row * L::WIDTH + lane]
+    }
+
+    fn assert_access_case<L: Lane>(
+        channel: &Channel<L>,
+        write: usize,
+        len: usize,
+        expected_class: DelayClass,
+    ) {
+        assert_eq!(delay_class(channel), expected_class);
+        let prefix = len * L::WIDTH;
+        let mut scratch = vec![f32::from_bits(0x7f7f_4750); prefix + 3];
+        fill_taps(channel, write, len, &mut scratch);
+        for frame in 0..len {
+            let frame_write = (write + frame) % channel.ring_length as usize;
+            for lane in 0..L::WIDTH {
+                assert_eq!(
+                    scratch[frame * L::WIDTH + lane].to_bits(),
+                    old_detector_word(channel, frame_write, lane).to_bits(),
+                    "write={write} len={len} frame={frame} lane={lane}"
+                );
+            }
+        }
+        assert!(
+            scratch[prefix..]
+                .iter()
+                .all(|word| word.to_bits() == 0x7f7f_4750),
+            "write={write} len={len}: fill touched the outside-prefix sentinel"
+        );
+
+        let mut gather = [f32::from_bits(0x7f7f_4751); MAX_WIDTH];
+        let actual = gather_detector(channel, write, delay_class(channel), &mut gather);
+        let mut lanes = [0.0; MAX_WIDTH];
+        actual.store(&mut lanes);
+        for lane in 0..L::WIDTH {
+            assert_eq!(
+                lanes[lane].to_bits(),
+                old_detector_word(channel, write, lane).to_bits(),
+                "gather write={write} lane={lane}"
+            );
+        }
+    }
+
     fn access_witness<L: Lane>() {
         let defaults = [[0.0; PARAMETER_COUNT]; MAX_WIDTH];
@@ -1340,66 +1411,29 @@ mod tests {
             }
         }
-        let write = 10;
-        let len = 4;
-        let mut scratch = vec![-7.0; len * L::WIDTH + 2];
-
-        channel.delay[0] = 2;
-        for lane in 1..L::WIDTH {
-            channel.delay[lane] = 2;
-        }
+        channel.delay[..L::WIDTH].fill(2);
         for lane in L::WIDTH..MAX_WIDTH {
             channel.delay[lane] = 99;
         }
-        assert_eq!(delay_class(&channel), DelayClass::Uniform(2));
-        scratch[len * L::WIDTH..].fill(13.0);
-        fill_taps(&channel, write, len, &mut scratch);
-        for frame in 0..len {
-            let row = (write + frame + 11 - 2) % 11;
-            for lane in 0..L::WIDTH {
-                assert_eq!(scratch[frame * L::WIDTH + lane], (row * 100 + lane) as f32);
+        // Real uniform classification at the compact run's start row before, at and after the
+        // physical wrap. The lengths cover empty and singleton prefixes, one complete staged
+        // segment and the shorter tail left by a split segment.
+        for write in [0, 2, 10] {
+            for len in [0, 1, 4, 10] {
+                assert_access_case(&channel, write, len, DelayClass::Uniform(2));
             }
         }
-        assert_eq!(&scratch[len * L::WIDTH..], &[13.0, 13.0]);
-        let mut gather = [0.0; MAX_WIDTH];
-        let value = gather_detector(&channel, write, DelayClass::Uniform(2), &mut gather);
-        let mut lanes = [0.0; MAX_WIDTH];
-        value.store(&mut lanes);
-        for (lane, value) in lanes.iter().enumerate().take(L::WIDTH) {
-            assert_eq!(*value, (8 * 100 + lane) as f32);
-        }
 
         for lane in 0..L::WIDTH {
             channel.delay[lane] = 2 + (lane & 1) as u32;
         }
-        if L::WIDTH == 1 {
-            assert_eq!(delay_class(&channel), DelayClass::Uniform(2));
+        let expected = if L::WIDTH == 1 {
+            DelayClass::Uniform(2)
         } else {
-            assert_eq!(delay_class(&channel), DelayClass::Ragged);
-        }
-        scratch.fill(-7.0);
-        fill_taps(&channel, write, len, &mut scratch);
-        for frame in 0..len {
-            for lane in 0..L::WIDTH {
-                let row = (write + frame + 11 - channel.delay[lane] as usize) % 11;
-                assert_eq!(scratch[frame * L::WIDTH + lane], (row * 100 + lane) as f32);
-            }
-        }
-        let ragged = gather_detector(&channel, write, DelayClass::Ragged, &mut gather);
-        ragged.store(&mut lanes);
-        for (lane, value) in lanes.iter().enumerate().take(L::WIDTH) {
-            let row = (write + 11 - channel.delay[lane] as usize) % 11;
-            assert_eq!(*value, (row * 100 + lane) as f32);
-        }
-
-        for (start, length) in [(0, 0), (5, 1), (10, 4)] {
-            scratch.fill(-19.0);
-            fill_taps(&channel, start, length, &mut scratch);
-            for frame in 0..length {
-                for lane in 0..L::WIDTH {
-                    let row = (start + frame + 11 - channel.delay[lane] as usize) % 11;
-                    assert_eq!(scratch[frame * L::WIDTH + lane], (row * 100 + lane) as f32);
-                }
+            DelayClass::Ragged
+        };
+        for write in [0, 2, 10] {
+            for len in [0, 1, 4, 10] {
+                assert_access_case(&channel, write, len, expected);
             }
-            assert!(scratch[length * L::WIDTH..].iter().all(|v| *v == -19.0));
         }
     }
@@ -1407,7 +1441,18 @@ mod tests {
     #[test]
     fn uniform_and_ragged_access_match_old_transcription() {
+        FILL_UNIFORM_CALLS.store(0, Ordering::Relaxed);
+        FILL_RAGGED_CALLS.store(0, Ordering::Relaxed);
+        GATHER_UNIFORM_CALLS.store(0, Ordering::Relaxed);
+        GATHER_RAGGED_CALLS.store(0, Ordering::Relaxed);
         access_witness::<f32>();
         access_witness::<Simd4>();
         access_witness::<Simd8>();
+        // These counters are branch-local: classification alone cannot satisfy them. Keep these
+        // assertions after the independent old-access comparisons so a dispatch mutant retains
+        // the useful fact that its PCM words still match before its causal witness rejects it.
+        assert!(FILL_UNIFORM_CALLS.load(Ordering::Relaxed) > 0);
+        assert!(FILL_RAGGED_CALLS.load(Ordering::Relaxed) > 0);
+        assert!(GATHER_UNIFORM_CALLS.load(Ordering::Relaxed) > 0);
+        assert!(GATHER_RAGGED_CALLS.load(Ordering::Relaxed) > 0);
     }
 }
DIFF_END
   Compiling compressor v0.1.0 (/home/bl/misofm/engine-475-plan/crates/compressor)
    Finished `test` profile [unoptimized + debuginfo] target(s) in 0.13s
     Running unittests src/lib.rs (target/debug/deps/compressor-80bd63f116d0655c)

running 1 test
test kernel::tests::uniform_and_ragged_access_match_old_transcription ... FAILED

failures:

---- kernel::tests::uniform_and_ragged_access_match_old_transcription stdout ----

thread 'kernel::tests::uniform_and_ragged_access_match_old_transcription' (317453) panicked at crates/compressor/src/kernel.rs:1453:9:
assertion failed: FILL_UNIFORM_CALLS.load(Ordering::Relaxed) > 0
note: run with `RUST_BACKTRACE=1` environment variable to display a backtrace


failures:
    kernel::tests::uniform_and_ragged_access_match_old_transcription

test result: FAILED. 0 passed; 1 failed; 0 ignored; 0 measured; 0 filtered out; finished in 0.00s

error: test failed, to rerun pass `-p compressor --lib`
EXIT=101

