    Checking bytemuck v1.25.2
    Checking engine v0.1.0 (/home/bl/misofm/engine-controller-scalar-points/crates/engine)
    Checking cfg-if v1.0.4
    Checking lexical-util v1.0.7
    Checking once_cell v1.21.4
    Checking typenum v1.20.1
    Checking smallvec v1.15.2
    Checking locspan v0.8.2
    Checking utf8-decode v1.0.1
    Checking decoded-char v0.1.1
    Checking cpufeatures v0.3.0
    Checking libc v0.2.189
    Checking safe_arch v1.2.0
    Checking smallstr v0.3.1
    Checking wide v1.6.1
    Checking lexical-parse-integer v1.0.6
    Checking lexical-write-integer v1.0.6
    Checking lexical-parse-float v1.0.6
    Checking hybrid-array v0.4.14
    Checking lexical-write-float v1.0.6
    Checking getrandom v0.2.17
    Checking ahash v0.7.8
    Checking lexical-core v1.0.6
    Checking hashbrown v0.12.3
    Checking lexical v7.0.5
    Checking json-number v0.4.10
    Checking block-buffer v0.12.1
    Checking crypto-common v0.2.2
    Checking indexmap v1.9.3
    Checking json-syntax v0.12.5
    Checking digest v0.11.3
    Checking sha2 v0.11.0
    Checking session v0.1.0 (/home/bl/misofm/engine-controller-scalar-points/crates/session)
    Checking bench-support v0.1.0 (/home/bl/misofm/engine-controller-scalar-points/tools/bench-support)
    Checking protocol v0.1.0 (/home/bl/misofm/engine-controller-scalar-points/crates/protocol)
    Checking lane v0.1.0 (/home/bl/misofm/engine-controller-scalar-points/crates/lane)
    Checking math v0.1.0 (/home/bl/misofm/engine-controller-scalar-points/crates/math)
    Checking effect-contract v0.1.0 (/home/bl/misofm/engine-controller-scalar-points/crates/effect-contract)
    Checking effect-runtime v0.1.0 (/home/bl/misofm/engine-controller-scalar-points/crates/effect-runtime)
    Checking rack v0.1.0 (/home/bl/misofm/engine-controller-scalar-points/crates/rack)
    Checking compressor v0.1.0 (/home/bl/misofm/engine-controller-scalar-points/crates/compressor)
    Checking effect-package v0.1.0 (/home/bl/misofm/engine-controller-scalar-points/crates/effect-package)
    Checking delay v0.1.0 (/home/bl/misofm/engine-controller-scalar-points/crates/delay)
    Checking multiband-compressor v0.1.0 (/home/bl/misofm/engine-controller-scalar-points/crates/multiband-compressor)
    Checking builtins v0.1.0 (/home/bl/misofm/engine-controller-scalar-points/crates/builtins)
    Checking gate-expander v0.1.0 (/home/bl/misofm/engine-controller-scalar-points/crates/gate-expander)
    Checking true-peak-limiter v0.1.0 (/home/bl/misofm/engine-controller-scalar-points/crates/true-peak-limiter)
    Checking parametric-eq v0.1.0 (/home/bl/misofm/engine-controller-scalar-points/crates/parametric-eq)
    Checking transient-shaper v0.1.0 (/home/bl/misofm/engine-controller-scalar-points/crates/transient-shaper)
    Checking soft-clip v0.1.0 (/home/bl/misofm/engine-controller-scalar-points/crates/soft-clip)
    Checking graph v0.1.0 (/home/bl/misofm/engine-controller-scalar-points/crates/graph)
    Checking rack-compiler v0.1.0 (/home/bl/misofm/engine-controller-scalar-points/crates/rack-compiler)
    Checking effect-compiler v0.1.0 (/home/bl/misofm/engine-controller-scalar-points/crates/effect-compiler)
    Checking builtins-compiler v0.1.0 (/home/bl/misofm/engine-controller-scalar-points/crates/builtins-compiler)
    Checking source v0.1.0 (/home/bl/misofm/engine-controller-scalar-points/crates/source)
    Checking graph-compiler v0.1.0 (/home/bl/misofm/engine-controller-scalar-points/crates/graph-compiler)
    Checking host-core v0.1.0 (/home/bl/misofm/engine-controller-scalar-points/crates/host-core)
error: this function has too many arguments (9/7)
    --> crates/host-core/src/scalar_point_endpoint.rs:988:1
     |
 988 | / pub fn prepare_controller_scalar_point_endpoint<'a, P: ControlProvider>(
 989 | |     processor: &'a mut dyn PreparedNativeEffect,
 990 | |     handles: [ParameterHandle; 2],
 991 | |     session: SessionStore,
...    |
1004 | |     ControllerScalarPointPrepareError,
1005 | | > {
     | |_^
     |
     = help: for further information visit https://rust-lang.github.io/rust-clippy/rust-1.97.0/index.html#too_many_arguments
     = note: `-D clippy::too-many-arguments` implied by `-D clippy::all`
     = help: to override `-D clippy::all` add `#[allow(clippy::too_many_arguments)]`

error: could not compile `host-core` (lib) due to 1 previous error
warning: build failed, waiting for other jobs to finish...
error: could not compile `host-core` (lib test) due to 1 previous error
