   Compiling host-core v0.1.0 (/home/bl/misofm/engine-controller-scalar-points/crates/host-core)
warning: variable does not need to be mutable
    --> crates/host-core/tests/scalar_point_endpoint.rs:1969:9
     |
1969 |     let mut direct_fixture = real_controller_fixture();
     |         ----^^^^^^^^^^^^^^
     |         |
     |         help: remove this `mut`
     |
     = note: `#[warn(unused_mut)]` (part of `#[warn(unused)]`) on by default

warning: variable does not need to be mutable
    --> crates/host-core/tests/scalar_point_endpoint.rs:2044:9
     |
2044 |     let mut bad_native_fixture = real_controller_fixture();
     |         ----^^^^^^^^^^^^^^^^^^
     |         |
     |         help: remove this `mut`

error[E0382]: use of partially moved value: `direct_fixture`
    --> crates/host-core/tests/scalar_point_endpoint.rs:2041:10
     |
1981 |             direct_fixture.provider,
     |             ----------------------- value partially moved here
...
2041 |     drop(direct_fixture);
     |          ^^^^^^^^^^^^^^ value used here after partial move
     |
     = note: partial move occurs because `direct_fixture.provider` has type `SessionControlProvider`, which does not implement the `Copy` trait

error[E0382]: use of partially moved value: `combined_fixture`
    --> crates/host-core/tests/scalar_point_endpoint.rs:2042:10
     |
2005 |             combined_fixture.provider,
     |             ------------------------- value partially moved here
...
2042 |     drop(combined_fixture);
     |          ^^^^^^^^^^^^^^^^ value used here after partial move
     |
     = note: partial move occurs because `combined_fixture.provider` has type `SessionControlProvider`, which does not implement the `Copy` trait

For more information about this error, try `rustc --explain E0382`.
warning: `host-core` (test "scalar_point_endpoint") generated 2 warnings
error: could not compile `host-core` (test "scalar_point_endpoint") due to 2 previous errors; 2 warnings emitted
