   Compiling lexical-util v1.0.7
   Compiling cfg-if v1.0.4
   Compiling libc v0.2.189
   Compiling once_cell v1.21.4
   Compiling smallvec v1.15.2
   Compiling engine v0.1.0 (/home/bl/misofm/engine-controller-scalar-points/crates/engine)
   Compiling utf8-decode v1.0.1
   Compiling locspan v0.8.2
   Compiling decoded-char v0.1.1
   Compiling getrandom v0.2.17
   Compiling ahash v0.7.8
   Compiling smallstr v0.3.1
   Compiling hashbrown v0.12.3
   Compiling lexical-write-integer v1.0.6
   Compiling lexical-parse-integer v1.0.6
   Compiling indexmap v1.9.3
   Compiling lexical-parse-float v1.0.6
   Compiling lexical-write-float v1.0.6
   Compiling lexical-core v1.0.6
   Compiling json-syntax v0.12.5
   Compiling lexical v7.0.5
   Compiling json-number v0.4.10
   Compiling session v0.1.0 (/home/bl/misofm/engine-controller-scalar-points/crates/session)
   Compiling protocol v0.1.0 (/home/bl/misofm/engine-controller-scalar-points/crates/protocol)
    Finished `release` profile [optimized + debuginfo] target(s) in 27.35s
     Running unittests src/lib.rs (/tmp/issue532-target/release/deps/protocol-7270316f61496349)
     Running unittests src/bin/protocol_wasm_golden.rs (/tmp/issue532-target/release/deps/protocol_wasm_golden-a85c4021c9524743)
     Running tests/conformance_corpus.rs (/tmp/issue532-target/release/deps/conformance_corpus-67b980d84f1004c2)
     Running tests/controller_response_api.rs (/tmp/issue532-target/release/deps/controller_response_api-2fc4cfa7c2a0ced1)
     Running tests/delivery_ownership.rs (/tmp/issue532-target/release/deps/delivery_ownership-08ee362fa95ea9ec)
     Running tests/mutation_million.rs (/tmp/issue532-target/release/deps/mutation_million-3d87e607ccdc89b6)
     Running tests/session_edit_builtins_rack.rs (/tmp/issue532-target/release/deps/session_edit_builtins_rack-81011e18efb636bb)
