    Checking engine v0.1.0 (/home/bl/misofm/engine-controller-scalar-points/crates/engine)
    Checking lane v0.1.0 (/home/bl/misofm/engine-controller-scalar-points/crates/lane)
    Checking math v0.1.0 (/home/bl/misofm/engine-controller-scalar-points/crates/math)
    Checking session v0.1.0 (/home/bl/misofm/engine-controller-scalar-points/crates/session)
    Checking effect-contract v0.1.0 (/home/bl/misofm/engine-controller-scalar-points/crates/effect-contract)
    Checking effect-runtime v0.1.0 (/home/bl/misofm/engine-controller-scalar-points/crates/effect-runtime)
    Checking protocol v0.1.0 (/home/bl/misofm/engine-controller-scalar-points/crates/protocol)
    Checking rack v0.1.0 (/home/bl/misofm/engine-controller-scalar-points/crates/rack)
    Checking compressor v0.1.0 (/home/bl/misofm/engine-controller-scalar-points/crates/compressor)
    Checking delay v0.1.0 (/home/bl/misofm/engine-controller-scalar-points/crates/delay)
    Checking soft-clip v0.1.0 (/home/bl/misofm/engine-controller-scalar-points/crates/soft-clip)
    Checking multiband-compressor v0.1.0 (/home/bl/misofm/engine-controller-scalar-points/crates/multiband-compressor)
    Checking effect-package v0.1.0 (/home/bl/misofm/engine-controller-scalar-points/crates/effect-package)
    Checking parametric-eq v0.1.0 (/home/bl/misofm/engine-controller-scalar-points/crates/parametric-eq)
    Checking builtins v0.1.0 (/home/bl/misofm/engine-controller-scalar-points/crates/builtins)
    Checking transient-shaper v0.1.0 (/home/bl/misofm/engine-controller-scalar-points/crates/transient-shaper)
    Checking true-peak-limiter v0.1.0 (/home/bl/misofm/engine-controller-scalar-points/crates/true-peak-limiter)
    Checking gate-expander v0.1.0 (/home/bl/misofm/engine-controller-scalar-points/crates/gate-expander)
    Checking graph v0.1.0 (/home/bl/misofm/engine-controller-scalar-points/crates/graph)
    Checking rack-compiler v0.1.0 (/home/bl/misofm/engine-controller-scalar-points/crates/rack-compiler)
    Checking effect-compiler v0.1.0 (/home/bl/misofm/engine-controller-scalar-points/crates/effect-compiler)
    Checking builtins-compiler v0.1.0 (/home/bl/misofm/engine-controller-scalar-points/crates/builtins-compiler)
    Checking source v0.1.0 (/home/bl/misofm/engine-controller-scalar-points/crates/source)
    Checking graph-compiler v0.1.0 (/home/bl/misofm/engine-controller-scalar-points/crates/graph-compiler)
 Documenting host-core v0.1.0 (/home/bl/misofm/engine-controller-scalar-points/crates/host-core)
    Finished `dev` profile [unoptimized + debuginfo] target(s) in 2.48s
   Generated /tmp/issue532-target/doc/host_core/index.html
