    Checking bytemuck v1.25.2
    Checking engine v0.1.0 (/home/bl/misofm/engine-controller-scalar-points/crates/engine)
    Checking lexical-util v1.0.7
    Checking once_cell v1.21.4
    Checking typenum v1.20.1
    Checking smallvec v1.15.2
    Checking locspan v0.8.2
    Checking decoded-char v0.1.1
    Checking utf8-decode v1.0.1
    Checking cfg-if v1.0.4
   Compiling ahash v0.7.8
   Compiling indexmap v1.9.3
    Checking wide v1.6.1
    Checking smallstr v0.3.1
    Checking hashbrown v0.12.3
    Checking lexical-write-integer v1.0.6
    Checking lexical-parse-integer v1.0.6
    Checking lexical-parse-float v1.0.6
    Checking lexical-write-float v1.0.6
    Checking hybrid-array v0.4.14
    Checking lexical-core v1.0.6
    Checking lexical v7.0.5
    Checking json-number v0.4.10
    Checking json-syntax v0.12.5
    Checking block-buffer v0.12.1
    Checking crypto-common v0.2.2
    Checking session v0.1.0 (/home/bl/misofm/engine-controller-scalar-points/crates/session)
    Checking digest v0.11.3
    Checking sha2 v0.11.0
    Checking protocol v0.1.0 (/home/bl/misofm/engine-controller-scalar-points/crates/protocol)
    Checking lane v0.1.0 (/home/bl/misofm/engine-controller-scalar-points/crates/lane)
    Checking math v0.1.0 (/home/bl/misofm/engine-controller-scalar-points/crates/math)
    Checking effect-contract v0.1.0 (/home/bl/misofm/engine-controller-scalar-points/crates/effect-contract)
    Checking effect-runtime v0.1.0 (/home/bl/misofm/engine-controller-scalar-points/crates/effect-runtime)
    Checking rack v0.1.0 (/home/bl/misofm/engine-controller-scalar-points/crates/rack)
    Checking multiband-compressor v0.1.0 (/home/bl/misofm/engine-controller-scalar-points/crates/multiband-compressor)
    Checking builtins v0.1.0 (/home/bl/misofm/engine-controller-scalar-points/crates/builtins)
    Checking compressor v0.1.0 (/home/bl/misofm/engine-controller-scalar-points/crates/compressor)
    Checking parametric-eq v0.1.0 (/home/bl/misofm/engine-controller-scalar-points/crates/parametric-eq)
    Checking transient-shaper v0.1.0 (/home/bl/misofm/engine-controller-scalar-points/crates/transient-shaper)
    Checking true-peak-limiter v0.1.0 (/home/bl/misofm/engine-controller-scalar-points/crates/true-peak-limiter)
    Checking soft-clip v0.1.0 (/home/bl/misofm/engine-controller-scalar-points/crates/soft-clip)
    Checking delay v0.1.0 (/home/bl/misofm/engine-controller-scalar-points/crates/delay)
    Checking gate-expander v0.1.0 (/home/bl/misofm/engine-controller-scalar-points/crates/gate-expander)
    Checking effect-package v0.1.0 (/home/bl/misofm/engine-controller-scalar-points/crates/effect-package)
    Checking graph v0.1.0 (/home/bl/misofm/engine-controller-scalar-points/crates/graph)
    Checking rack-compiler v0.1.0 (/home/bl/misofm/engine-controller-scalar-points/crates/rack-compiler)
    Checking effect-compiler v0.1.0 (/home/bl/misofm/engine-controller-scalar-points/crates/effect-compiler)
    Checking builtins-compiler v0.1.0 (/home/bl/misofm/engine-controller-scalar-points/crates/builtins-compiler)
    Checking source v0.1.0 (/home/bl/misofm/engine-controller-scalar-points/crates/source)
    Checking graph-compiler v0.1.0 (/home/bl/misofm/engine-controller-scalar-points/crates/graph-compiler)
    Checking host-core v0.1.0 (/home/bl/misofm/engine-controller-scalar-points/crates/host-core)
    Finished `dev` profile [unoptimized + debuginfo] target(s) in 5.07s
