   Compiling version_check v0.9.5
   Compiling proc-macro2 v1.0.107
   Compiling lexical-util v1.0.7
   Compiling cfg-if v1.0.4
   Compiling unicode-ident v1.0.24
   Compiling libc v0.2.189
   Compiling quote v1.0.47
   Compiling syn v1.0.109
   Compiling once_cell v1.21.4
   Compiling autocfg v1.5.1
   Compiling bytemuck v1.25.2
   Compiling smallvec v1.15.2
   Compiling typenum v1.20.1
   Compiling engine v0.1.0 (/home/bl/misofm/engine-limiter-detector-bounds/crates/engine)
   Compiling utf8-decode v1.0.1
   Compiling locspan v0.8.2
   Compiling decoded-char v0.1.1
   Compiling cpufeatures v0.3.0
   Compiling dsp-reference v0.1.0 (/home/bl/misofm/engine-limiter-detector-bounds/crates/dsp-reference)
   Compiling safe_arch v1.2.0
   Compiling proc-macro-error-attr v1.0.4
   Compiling ahash v0.7.8
   Compiling proc-macro-error v1.0.4
   Compiling smallstr v0.3.1
   Compiling indexmap v1.9.3
   Compiling wide v1.6.1
   Compiling lexical-write-integer v1.0.6
   Compiling lexical-parse-integer v1.0.6
   Compiling hybrid-array v0.4.14
   Compiling lexical-parse-float v1.0.6
   Compiling lexical-write-float v1.0.6
   Compiling getrandom v0.2.17
   Compiling lexical-core v1.0.6
   Compiling hashbrown v0.12.3
   Compiling lexical v7.0.5
   Compiling crypto-common v0.2.2
   Compiling block-buffer v0.12.1
   Compiling json-number v0.4.10
   Compiling digest v0.11.3
   Compiling sha2 v0.11.0
   Compiling locspan-derive v0.6.0
   Compiling json-syntax v0.12.5
   Compiling bench-support v0.1.0 (/home/bl/misofm/engine-limiter-detector-bounds/tools/bench-support)
   Compiling session v0.1.0 (/home/bl/misofm/engine-limiter-detector-bounds/crates/session)
   Compiling protocol v0.1.0 (/home/bl/misofm/engine-limiter-detector-bounds/crates/protocol)
   Compiling lane v0.1.0 (/home/bl/misofm/engine-limiter-detector-bounds/crates/lane)
   Compiling math v0.1.0 (/home/bl/misofm/engine-limiter-detector-bounds/crates/math)
   Compiling effect-contract v0.1.0 (/home/bl/misofm/engine-limiter-detector-bounds/crates/effect-contract)
   Compiling effect-runtime v0.1.0 (/home/bl/misofm/engine-limiter-detector-bounds/crates/effect-runtime)
   Compiling conformance v0.1.0 (/home/bl/misofm/engine-limiter-detector-bounds/crates/conformance)
   Compiling true-peak-limiter v0.1.0 (/home/bl/misofm/engine-limiter-detector-bounds/crates/true-peak-limiter)
    Finished `release` profile [optimized + debuginfo] target(s) in 19.48s
     Running unittests src/lib.rs (/tmp/issue621-attempt1-gates-target/release/deps/true_peak_limiter-5724674694ad104a)
