    Checking bytemuck v1.25.2
    Checking typenum v1.20.1
    Checking engine v0.1.0 (/home/bl/misofm/engine-limiter-stationary-dispatch/crates/engine)
    Checking cfg-if v1.0.4
    Checking cpufeatures v0.3.0
    Checking dsp-reference v0.1.0 (/home/bl/misofm/engine-limiter-stationary-dispatch/crates/dsp-reference)
    Checking safe_arch v1.2.0
    Checking wide v1.6.1
    Checking hybrid-array v0.4.14
    Checking crypto-common v0.2.2
    Checking block-buffer v0.12.1
    Checking digest v0.11.3
    Checking sha2 v0.11.0
    Checking bench-support v0.1.0 (/home/bl/misofm/engine-limiter-stationary-dispatch/tools/bench-support)
    Checking lane v0.1.0 (/home/bl/misofm/engine-limiter-stationary-dispatch/crates/lane)
    Checking math v0.1.0 (/home/bl/misofm/engine-limiter-stationary-dispatch/crates/math)
    Checking effect-contract v0.1.0 (/home/bl/misofm/engine-limiter-stationary-dispatch/crates/effect-contract)
    Checking effect-runtime v0.1.0 (/home/bl/misofm/engine-limiter-stationary-dispatch/crates/effect-runtime)
    Checking conformance v0.1.0 (/home/bl/misofm/engine-limiter-stationary-dispatch/crates/conformance)
    Checking true-peak-limiter v0.1.0 (/home/bl/misofm/engine-limiter-stationary-dispatch/crates/true-peak-limiter)
error: this function has too many arguments (8/7)
    --> crates/true-peak-limiter/src/lib.rs:1722:1
     |
1722 | / fn limiter_block_runtime_oracle<L: Lane>(
1723 | |     left_io: &mut [f32],
1724 | |     right_io: &mut [f32],
1725 | |     frames: usize,
...    |
1730 | |     cursors: &mut Cursors,
1731 | | ) {
     | |_^
     |
     = help: for further information visit https://rust-lang.github.io/rust-clippy/rust-1.97.0/index.html#too_many_arguments
     = note: `-D clippy::too-many-arguments` implied by `-D clippy::all`
     = help: to override `-D clippy::all` add `#[allow(clippy::too_many_arguments)]`

error: could not compile `true-peak-limiter` (lib test) due to 1 previous error
