   Compiling bytemuck v1.25.2
   Compiling engine v0.1.0 (/home/bl/misofm/engine-limiter-stationary-dispatch/crates/engine)
   Compiling typenum v1.20.1
   Compiling cfg-if v1.0.4
   Compiling wide v1.6.1
   Compiling hybrid-array v0.4.14
   Compiling block-buffer v0.12.1
   Compiling crypto-common v0.2.2
   Compiling digest v0.11.3
   Compiling sha2 v0.11.0
   Compiling lane v0.1.0 (/home/bl/misofm/engine-limiter-stationary-dispatch/crates/lane)
   Compiling math v0.1.0 (/home/bl/misofm/engine-limiter-stationary-dispatch/crates/math)
   Compiling effect-contract v0.1.0 (/home/bl/misofm/engine-limiter-stationary-dispatch/crates/effect-contract)
   Compiling effect-runtime v0.1.0 (/home/bl/misofm/engine-limiter-stationary-dispatch/crates/effect-runtime)
   Compiling gate-expander v0.1.0 (/home/bl/misofm/engine-limiter-stationary-dispatch/crates/gate-expander)
   Compiling builtins v0.1.0 (/home/bl/misofm/engine-limiter-stationary-dispatch/crates/builtins)
   Compiling compressor v0.1.0 (/home/bl/misofm/engine-limiter-stationary-dispatch/crates/compressor)
   Compiling soft-clip v0.1.0 (/home/bl/misofm/engine-limiter-stationary-dispatch/crates/soft-clip)
   Compiling parametric-eq v0.1.0 (/home/bl/misofm/engine-limiter-stationary-dispatch/crates/parametric-eq)
   Compiling transient-shaper v0.1.0 (/home/bl/misofm/engine-limiter-stationary-dispatch/crates/transient-shaper)
   Compiling multiband-compressor v0.1.0 (/home/bl/misofm/engine-limiter-stationary-dispatch/crates/multiband-compressor)
   Compiling delay v0.1.0 (/home/bl/misofm/engine-limiter-stationary-dispatch/crates/delay)
   Compiling true-peak-limiter v0.1.0 (/home/bl/misofm/engine-limiter-stationary-dispatch/crates/true-peak-limiter)
   Compiling wasm-gate-corpus v0.1.0 (/home/bl/misofm/engine-limiter-stationary-dispatch/tools/wasm-gate-corpus)
   Compiling wasm-gate-guest v0.1.0 (/home/bl/misofm/engine-limiter-stationary-dispatch/tools/wasm-gate-guest)
    Finished `release` profile [optimized + debuginfo] target(s) in 19.10s
   Compiling bytemuck v1.25.2
   Compiling engine v0.1.0 (/home/bl/misofm/engine-limiter-stationary-dispatch/crates/engine)
   Compiling typenum v1.20.1
   Compiling cfg-if v1.0.4
   Compiling wide v1.6.1
   Compiling hybrid-array v0.4.14
   Compiling crypto-common v0.2.2
   Compiling block-buffer v0.12.1
   Compiling digest v0.11.3
   Compiling sha2 v0.11.0
   Compiling lane v0.1.0 (/home/bl/misofm/engine-limiter-stationary-dispatch/crates/lane)
   Compiling math v0.1.0 (/home/bl/misofm/engine-limiter-stationary-dispatch/crates/math)
   Compiling effect-contract v0.1.0 (/home/bl/misofm/engine-limiter-stationary-dispatch/crates/effect-contract)
   Compiling effect-runtime v0.1.0 (/home/bl/misofm/engine-limiter-stationary-dispatch/crates/effect-runtime)
   Compiling builtins v0.1.0 (/home/bl/misofm/engine-limiter-stationary-dispatch/crates/builtins)
   Compiling compressor v0.1.0 (/home/bl/misofm/engine-limiter-stationary-dispatch/crates/compressor)
   Compiling delay v0.1.0 (/home/bl/misofm/engine-limiter-stationary-dispatch/crates/delay)
   Compiling gate-expander v0.1.0 (/home/bl/misofm/engine-limiter-stationary-dispatch/crates/gate-expander)
   Compiling parametric-eq v0.1.0 (/home/bl/misofm/engine-limiter-stationary-dispatch/crates/parametric-eq)
   Compiling soft-clip v0.1.0 (/home/bl/misofm/engine-limiter-stationary-dispatch/crates/soft-clip)
   Compiling transient-shaper v0.1.0 (/home/bl/misofm/engine-limiter-stationary-dispatch/crates/transient-shaper)
   Compiling true-peak-limiter v0.1.0 (/home/bl/misofm/engine-limiter-stationary-dispatch/crates/true-peak-limiter)
   Compiling multiband-compressor v0.1.0 (/home/bl/misofm/engine-limiter-stationary-dispatch/crates/multiband-compressor)
   Compiling wasm-gate-corpus v0.1.0 (/home/bl/misofm/engine-limiter-stationary-dispatch/tools/wasm-gate-corpus)
   Compiling wasm-gate-guest v0.1.0 (/home/bl/misofm/engine-limiter-stationary-dispatch/tools/wasm-gate-guest)
    Finished `release` profile [optimized + debuginfo] target(s) in 14.02s
