qualification=issue442 supported Wasm bounded qualification
source_sha=dc55baf97074edf98abbfc9477aa6c420f0599af
rustc=rustc 1.97.1 (8bab26f4f 2026-07-14)
wasm_objdump=1.0.34 wasm_interp=1.0.34 host_tools_available=true
repository_mutation=none tracked_status=clean
root_workspace_target_touched=false

scalar18_target=/tmp/sol-442-scalar18-target status=0 profile=release target_feature=-simd128 packages=18
scalar18_package_presence=PASS count=18 record=/tmp/sol-442-supported-scalar18-package-presence.log
scalar_cfg_status=0 simd128_absence=1_expected1 ptr_atomic_presence=0 atomics_feature_absence=1_expected1
simd_smoke_target=/tmp/sol-442-simd-smoke-target status=0 profile=dev target_feature=+simd128 packages=target-smoke,protocol simd128_presence=0

protocol_scalar_target=/tmp/sol-442-protocol-scalar-target build=0 objdump=0 export=0 interp=0 exact_literal=0 result=main(i32:0,i32:0)_=>_i32:0
protocol_scalar_invocation=wasm-interp artifact --run-export=main --argument=i32:0 --argument=i32:0
protocol_simd_target=/tmp/sol-442-protocol-simd-target build=0 objdump=0 export=0 interp=0 exact_literal=0 result=main(i32:0,i32:0)_=>_i32:0
protocol_simd_invocation=wasm-interp artifact --run-export=main --argument=i32:0 --argument=i32:0
empty_run_all_exports_credited=false

nonlto_target=/tmp/sol-442-nonlto-target build=0 profile=release lto=false target_feature=-simd128 families=engine,source,target_smoke
inspection=PASS families=3 archives=3 objects=3 find_statuses=0,0,0 sort_statuses=0,0,0 archive_list_statuses=0,0,0 member_read_statuses=0,0,0 decoder_statuses=0,0,0 atomic_scan_statuses=1,1,1
observation=PASS statuses=0,0,1 binary_matches=2 source_fallback_invoked=false
object_sha256_engine=c21fa01656d835688e406c6326b45cf4df46454819f15919c86ff247e30e2da4
object_sha256_source=d00475c9265e60af31ebb20b808fac40e5c8243da83044713df1ba3afa28b10e
object_sha256_target_smoke=1401402ac0c5c0178626657da0180b2d96aa3baa110c37c08b10887055ef0fd8
scope_limit=complete named scalar non-LTO engine/source/target_smoke rlib object populations only; no fat-LTO, production #427 checker, artifact, browser, timing, workspace, or benchmark claim
hashes=/tmp/sol-442-supported-wasm-hashes.txt
result=PASS
