    Finished `test` profile [unoptimized + debuginfo] target(s) in 0.03s
     Running unittests src/lib.rs (/tmp/sol442-target/debug/deps/builtins_compiler-608c82f7af5faf28)

running 1 test
test tests::control_delivery_metadata_reaches_both_sealed_strip_bank_owners ... ok

test result: ok. 1 passed; 0 failed; 0 ignored; 0 measured; 16 filtered out; finished in 0.00s

     Running tests/allocation_tracker.rs (/tmp/sol442-target/debug/deps/allocation_tracker-253b30aeff47f3dd)

running 0 tests

test result: ok. 0 passed; 0 failed; 0 ignored; 0 measured; 0 filtered out; finished in 0.00s

     Running tests/builtin_automation_targets.rs (/tmp/sol442-target/debug/deps/builtin_automation_targets-bda38829132dccd3)

running 0 tests

test result: ok. 0 passed; 0 failed; 0 ignored; 0 measured; 3 filtered out; finished in 0.00s

     Running tests/input_drain.rs (/tmp/sol442-target/debug/deps/input_drain-81037325b8c00b7d)

running 0 tests

test result: ok. 0 passed; 0 failed; 0 ignored; 0 measured; 5 filtered out; finished in 0.00s

     Running tests/scale.rs (/tmp/sol442-target/debug/deps/scale-f665b0550cd18ef6)

running 0 tests

test result: ok. 0 passed; 0 failed; 0 ignored; 0 measured; 1 filtered out; finished in 0.00s

     Running tests/track_delay_domain.rs (/tmp/sol442-target/debug/deps/track_delay_domain-ec3a903d30fe15d5)

running 0 tests

test result: ok. 0 passed; 0 failed; 0 ignored; 0 measured; 2 filtered out; finished in 0.00s

