warning: `math::fast_db::fast_level_db` does not refer to a reachable function
  --> /home/bl/misofm/engine-429/clippy.toml:81:5
   |
81 |     { path = "math::fast_db::fast_level_db", reason = "fast dB tier (#144 item 5); admitted only at a named FAST-DB-CROSSING site" },
   |     ^^^^^^^^^^^^^^^^^^^^^^^^^^^^^^^^^^^^^^^^^^^^^^^^^^^^^^^^^^^^^^^^^^^^^^^^^^^^^^^^^^^^^^^^^^^^^^^^^^^^^^^^^^^^^^^^^^^^^^^^^^^^^^^^
   |
   = help: add `allow-invalid = true` to the entry to suppress this warning

warning: `math::fast_db::fast_gain_from_db` does not refer to a reachable function
  --> /home/bl/misofm/engine-429/clippy.toml:82:5
   |
82 |     { path = "math::fast_db::fast_gain_from_db", reason = "fast dB tier (#144 item 5); admitted only at a named FAST-DB-CROSSING site" },
   |     ^^^^^^^^^^^^^^^^^^^^^^^^^^^^^^^^^^^^^^^^^^^^^^^^^^^^^^^^^^^^^^^^^^^^^^^^^^^^^^^^^^^^^^^^^^^^^^^^^^^^^^^^^^^^^^^^^^^^^^^^^^^^^^^^^^^^
   |
   = help: add `allow-invalid = true` to the entry to suppress this warning

    Checking lane v0.1.0 (/home/bl/misofm/engine-429/crates/lane)
warning: `math` (lib) generated 2 warnings
warning: `effect-contract` (lib) generated 2 warnings (2 duplicates)
warning: `builtins` (lib) generated 2 warnings (2 duplicates)
    Checking builtins v0.1.0 (/home/bl/misofm/engine-429/crates/builtins)
warning: `builtins` (lib test) generated 2 warnings (2 duplicates)
warning: `builtins` (test "determinism") generated 2 warnings (2 duplicates)
warning: `builtins` (test "speed") generated 2 warnings (2 duplicates)
warning: `builtins` (test "contract") generated 2 warnings (2 duplicates)
warning: `builtins` (test "matrix") generated 2 warnings (2 duplicates)
warning: `builtins` (test "mono_collapse") generated 2 warnings (2 duplicates)
warning: `builtins` (test "input_liveness_mono") generated 2 warnings (2 duplicates)
warning: `builtins` (test "fader_ramp") generated 2 warnings (2 duplicates)
warning: `builtins` (test "meter") generated 2 warnings (2 duplicates)
warning: `builtins` (test "input_liveness") generated 2 warnings (2 duplicates)
warning: `builtins` (test "response") generated 2 warnings (2 duplicates)
warning: `builtins` (test "stage") generated 2 warnings (2 duplicates)
    Finished `dev` profile [unoptimized + debuginfo] target(s) in 0.12s
