   Compiling version_check v0.9.5
   Compiling lexical-util v1.0.7
   Compiling proc-macro2 v1.0.107
   Compiling unicode-ident v1.0.24
   Compiling quote v1.0.47
   Compiling bytemuck v1.25.2
   Compiling libc v0.2.189
   Compiling cfg-if v1.0.4
   Compiling syn v1.0.109
   Compiling engine v0.1.0 (/home/bl/misofm/engine-443-plan/crates/engine)
   Compiling typenum v1.20.1
   Compiling once_cell v1.21.4
   Compiling math v0.1.0 (/home/bl/misofm/engine-443-plan/crates/math)
   Compiling autocfg v1.5.1
   Compiling smallvec v1.15.2
   Compiling utf8-decode v1.0.1
   Compiling decoded-char v0.1.1
   Compiling locspan v0.8.2
   Compiling cpufeatures v0.3.0
   Compiling safe_arch v1.2.0
   Compiling smallstr v0.3.1
   Compiling proc-macro-error-attr v1.0.4
   Compiling ahash v0.7.8
   Compiling proc-macro-error v1.0.4
   Compiling indexmap v1.9.3
   Compiling lexical-write-integer v1.0.6
   Compiling lexical-parse-integer v1.0.6
   Compiling wide v1.6.1
   Compiling lexical-parse-float v1.0.6
   Compiling lexical-write-float v1.0.6
   Compiling hybrid-array v0.4.14
   Compiling getrandom v0.2.17
   Compiling lexical-core v1.0.6
   Compiling lexical v7.0.5
   Compiling json-number v0.4.10
   Compiling crypto-common v0.2.2
   Compiling block-buffer v0.12.1
   Compiling hashbrown v0.12.3
   Compiling digest v0.11.3
   Compiling sha2 v0.11.0
   Compiling locspan-derive v0.6.0
   Compiling json-syntax v0.12.5
   Compiling session v0.1.0 (/home/bl/misofm/engine-443-plan/crates/session)
   Compiling lane v0.1.0 (/home/bl/misofm/engine-443-plan/crates/lane)
   Compiling effect-contract v0.1.0 (/home/bl/misofm/engine-443-plan/crates/effect-contract)
   Compiling rack v0.1.0 (/home/bl/misofm/engine-443-plan/crates/rack)
   Compiling builtins v0.1.0 (/home/bl/misofm/engine-443-plan/crates/builtins)
   Compiling rack-compiler v0.1.0 (/home/bl/misofm/engine-443-plan/crates/rack-compiler)
   Compiling graph v0.1.0 (/home/bl/misofm/engine-443-plan/crates/graph)
   Compiling builtins-compiler v0.1.0 (/home/bl/misofm/engine-443-plan/crates/builtins-compiler)
    Finished `test` profile [unoptimized + debuginfo] target(s) in 5.37s
     Running unittests src/lib.rs (/tmp/engine-443-sol-target/debug/deps/builtins_compiler-5ff1d293b1f7fb6b)

running 28 tests
test tests::builtin_bank_resource_charges_two_planes_and_actual_members ... ok
test tests::builtin_bank_layout_regroups_by_dependency_wave_and_scalar_falls_back ... ok
test tests::delegated_source_rejection_restores_private_and_external_ownership ... ok
test tests::the_per_node_console_input_processor_drains_and_folds_its_witness ... ok
test tests::source_set_bind_succeeds_with_private_builtin_and_external_ownership ... ok
test tests::source_set_bind_prevalidation_returns_all_ownership_for_each_code ... ok
test tests::a_prepared_session_that_lost_a_strip_fails_validation ... ok
test tests::prepares_three_sections_and_each_named_meter_tap ... ok
test tests::rejects_duplicate_and_unknown_meter_transactionally ... ok
test tests::console_control_requests_are_validated_sealed_and_charged_per_track ... ok
test tests::resource_estimate_enforces_the_actual_largest_retained_payload ... ok
test tests::cutoff_boundaries_match_compiler_diagnostics_at_every_launch_rate_and_section ... ok
test tests::retained_payload_boundaries_reject_in_phase_one ... ok
test tests::control_delivery_metadata_reaches_both_sealed_strip_bank_owners ... ok
test tests::a_post_fader_meter_declines_its_cohort_while_the_tail_pair_still_fuses ... ok
test tests::track_bits_do_not_depend_on_session_track_count ... ok
test tests::actual_graph_mono_collapse_disengages_on_input_command_and_recovers_nonfinite_input ... ok
test tests::composite_raw_record_errors_preserve_the_frozen_arithmetic_order ... ok
test tests::composite_live_sequence_matches_original_owners_and_discriminates_both_branches ... ok
test tests::declined_factory_owners_keep_queued_state_and_render_in_original_order ... ok
test tests::late_factory_guards_return_live_policy_width_and_population_owners ... ok
test tests::pair_factory_declines_wrong_order_policy_and_shape_with_original_owners ... ok
test tests::queued_three_sample_ramp_crosses_call_boundary_before_fusing ... ok
test tests::serialized_alias_observer_is_the_decline_boundary ... ok
test tests::banked_tracks_are_bit_identical_to_their_scalar_tails ... ok
test tests::serialized_live_fader_matrix_is_selected_by_the_bound_render_path ... ok
test tests::serialized_send_reader_declines_crossing_fader_while_pcm_matches_separate ... ok
test tests::deterministic_builtin_compiler_mutation_matrix_has_exactly_ten_thousand_cases ... ok

test result: ok. 28 passed; 0 failed; 0 ignored; 0 measured; 0 filtered out; finished in 1.26s

