   Compiling graph v0.1.0 (/home/bl/misofm/engine-443-plan/crates/graph)
   Compiling effect-package v0.1.0 (/home/bl/misofm/engine-443-plan/crates/effect-package)
   Compiling builtins v0.1.0 (/home/bl/misofm/engine-443-plan/crates/builtins)
   Compiling effect-compiler v0.1.0 (/home/bl/misofm/engine-443-plan/crates/effect-compiler)
   Compiling builtins-compiler v0.1.0 (/home/bl/misofm/engine-443-plan/crates/builtins-compiler)
   Compiling source v0.1.0 (/home/bl/misofm/engine-443-plan/crates/source)
   Compiling graph-compiler v0.1.0 (/home/bl/misofm/engine-443-plan/crates/graph-compiler)
   Compiling host-core v0.1.0 (/home/bl/misofm/engine-443-plan/crates/host-core)
   Compiling host-web v0.1.0 (/home/bl/misofm/engine-443-plan/hosts/host-web)
    Finished `test` profile [unoptimized + debuginfo] target(s) in 4.08s
     Running unittests src/lib.rs (/tmp/engine-443-sol-target/debug/deps/builtins-e199633334b728a2)

running 2 tests
test tests::full_public_chain_matches_the_three_section_reference ... ok
test tests::eligibility_sequence_uses_whole_call_fallback_then_fuses_the_next_call ... ok

test result: ok. 2 passed; 0 failed; 0 ignored; 0 measured; 0 filtered out; finished in 0.00s

     Running tests/contract.rs (/tmp/engine-443-sol-target/debug/deps/contract-4393a298aea28ff0)

running 4 tests
test descriptor_domains_are_exhaustive_at_launch_rates ... ok
test compatibility_fallback_is_limited_to_the_exact_extended_rate_tier ... ok
test parameter_descriptors_have_complete_stable_contracts ... ok
test representable_cutoff_domain_is_shared_by_descriptors_and_preparation ... ok

test result: ok. 4 passed; 0 failed; 0 ignored; 0 measured; 0 filtered out; finished in 0.00s

     Running tests/determinism.rs (/tmp/engine-443-sol-target/debug/deps/determinism-b1cbf76b3ba05233)

running 2 tests
test no_corpus_case_is_vacuous_or_carries_a_nan ... ok
test every_corpus_case_matches_its_pin_at_every_width ... ok

test result: ok. 2 passed; 0 failed; 0 ignored; 0 measured; 0 filtered out; finished in 0.03s

     Running tests/fader_ramp.rs (/tmp/engine-443-sol-target/debug/deps/fader_ramp-f1790f2e1775f4da)

running 8 tests
test a_cross_block_ramp_is_partition_invariant ... ok
test a_move_made_while_muted_applies_on_unmute ... ok
test a_windowed_move_is_monotone_and_lands_exactly_on_its_target ... ok
test a_zero_window_move_takes_effect_on_the_first_sample ... ok
test a_zero_window_mute_is_the_exact_prepared_mute ... ok
test the_fader_domain_is_enforced_at_the_setter ... ok
test mute_is_a_fader_endpoint_and_settles_to_exact_positive_zero ... ok
test an_uncommanded_live_fader_is_bit_identical_to_the_prepared_one ... ok

test result: ok. 8 passed; 0 failed; 0 ignored; 0 measured; 0 filtered out; finished in 0.00s

     Running tests/input_liveness.rs (/tmp/engine-443-sol-target/debug/deps/input_liveness-36c7767e8835920c)

running 13 tests
test a_bank_refuses_a_retarget_addressed_past_its_members ... ok
test a_lane_selector_addresses_exactly_the_lanes_it_names ... ok
test the_live_trim_domain_is_the_declared_one ... ok
test the_settled_arm_leaves_the_ramp_words_untouched ... ok
test trim_and_polarity_do_not_overwrite_each_other ... ok
test an_uncommanded_bank_keeps_its_elision_plan ... ok
test an_uncommanded_live_input_renders_the_prepared_coefficients ... ok
test the_trim_ramp_is_partition_invariant ... ok
test a_ramping_block_leaves_an_elidable_banks_integrators_at_positive_zero ... ok
test settled_and_ramping_paths_agree_on_an_elided_bank ... ok
test a_banked_lane_ramps_exactly_as_the_same_track_alone ... ok
test a_polarity_flip_crosses_zero_and_settles_at_the_reprepared_coefficient ... ok
test the_trim_ramp_is_bit_identical_to_the_parameter_smoother ... ok

test result: ok. 13 passed; 0 failed; 0 ignored; 0 measured; 0 filtered out; finished in 0.00s

     Running tests/input_liveness_mono.rs (/tmp/engine-443-sol-target/debug/deps/input_liveness_mono-9f8aa6f0d7109817)

running 8 tests
test re_equalising_the_words_restores_the_designed_term_and_nothing_more ... ok
test an_asymmetric_retarget_declines_the_lane_on_the_admitting_block ... ok
test channels_agree_covers_the_trim_ramp_record ... ok
test a_collapsed_block_keeps_the_two_channels_ramp_records_equal ... ok
test a_symmetric_retarget_keeps_the_lane_eligible ... ok
test the_disengage_copy_still_restores_the_integrators ... ok
test a_symmetric_ride_through_a_collapse_renders_never_collapsed_bits ... ok
test a_retarget_between_a_collapsed_block_and_the_disengage_survives_the_copy ... ok

test result: ok. 8 passed; 0 failed; 0 ignored; 0 measured; 0 filtered out; finished in 0.01s

     Running tests/matrix.rs (/tmp/engine-443-sol-target/debug/deps/matrix-52a3575866254045)

running 7 tests
test explicit_window_retarget_ramps_over_the_requested_window_and_is_adopted ... ok
test matrix_ramp_reaches_target ... ok
test settled_identity_matrix_preserves_signed_zero ... ok
test zero_window_snaps_and_reset_cancels_a_ramp ... ok
test matrix_retarget_mid_ramp_matches_the_reference ... ok
test matrix_ramp_tracks_the_f64_interpolation ... ok
test matrix_ramp_matches_reference_d11_law ... ok

test result: ok. 7 passed; 0 failed; 0 ignored; 0 measured; 0 filtered out; finished in 0.00s

     Running tests/meter.rs (/tmp/engine-443-sol-target/debug/deps/meter-3f6305517d757e65)

running 7 tests
test a_settled_silent_block_is_bit_identical_through_the_early_out ... ok
test meter_peak_of_signed_zeros_is_positive_zero ... ok
test meter_windows_are_exact ... ok
test meter_windows_discontinuities_resets_and_drops_are_exact ... ok
test silence_against_a_nonzero_held_peak_still_decays ... ok
test meter_segment_law_is_exact ... ok
test ten_thousand_deterministic_meter_mutations_remain_bounded_and_finite ... ok

test result: ok. 7 passed; 0 failed; 0 ignored; 0 measured; 0 filtered out; finished in 0.01s

     Running tests/mono_collapse.rs (/tmp/engine-443-sol-target/debug/deps/mono_collapse-1b6804b571a17a06)

running 2 tests
test the_collapsed_body_publishes_the_dual_bodys_report ... ok
test a_desymmetrized_bank_is_a_never_collapsed_bank ... ok

test result: ok. 2 passed; 0 failed; 0 ignored; 0 measured; 0 filtered out; finished in 0.00s

     Running tests/response.rs (/tmp/engine-443-sol-target/debug/deps/response-468cadb41f2d4f5c)

running 8 tests
test launch_and_extended_compatibility_rates_match_the_independent_f64_rbj_oracle ... ok
test launch_and_extended_compatibility_rate_sweeps_match_f64_magnitude ... ok
test cast_tpt_state_space_matches_independent_rbj_transfer_at_compatibility_rates ... ok
test ten_thousand_bounded_parameter_and_block_mutations_stay_finite ... ok
test production_order_hpf_lpf_cascade_meets_all_launch_response_gates ... ok
test representable_cutoff_domain_prepares_everywhere_and_rejects_successor ... ok
test coherent_sustained_sines_cover_launch_and_extended_compatibility_rates ... ok
test one_second_impulse_dfts_match_rbj_at_launch_and_extended_compatibility_rates ... ok

test result: ok. 8 passed; 0 failed; 0 ignored; 0 measured; 0 filtered out; finished in 16.50s

     Running tests/speed.rs (/tmp/engine-443-sol-target/debug/deps/speed-6548b5cc277bdfd7)

running 1 test
test bench_input_stage_ns_per_track_frame ... ignored, descriptive timing, run by hand

test result: ok. 0 passed; 0 failed; 1 ignored; 0 measured; 0 filtered out; finished in 0.00s

     Running tests/stage.rs (/tmp/engine-443-sol-target/debug/deps/stage-e6c249b90d6913d2)

running 12 tests
test a_settled_banked_mute_is_exactly_positive_zero ... ok
test polarity_trim_fader_and_matrix_are_exact ... ok
test prepared_sections_match_reference_coefficients ... ok
test signed_zero_and_mute_laws ... ok
test bank_construction_accepts_one_to_width_members_only ... ok
test boundary_check_is_lane_local_per_block ... ok
test identity_sections_are_elided_only_when_every_lane_and_word_says_so ... ok
test partition_invariance_over_master_plan_quanta ... ok
test engine_tan_agrees_with_the_platform_to_one_ulp_over_the_cutoff_domain ... ok
test bank_is_bit_identical_to_scalar_stage_at_every_width ... ok
test banked_fader_and_matrix_are_bit_identical_to_the_per_track_sections ... ok
test scalar_stage_is_bit_identical_to_reference_recurrence ... ok

test result: ok. 12 passed; 0 failed; 0 ignored; 0 measured; 0 filtered out; finished in 0.06s

     Running unittests src/lib.rs (/tmp/engine-443-sol-target/debug/deps/builtins_compiler-6db31616daea8b7c)

running 31 tests
test tests::builtin_bank_resource_charges_two_planes_and_actual_members ... ok
test tests::builtin_bank_layout_regroups_by_dependency_wave_and_scalar_falls_back ... ok
test tests::delegated_source_rejection_restores_private_and_external_ownership ... ok
test tests::scalar_invalid_envelope_leaves_the_later_matrix_queue_untouched ... ok
test tests::scalar_factory_checks_both_exact_owners_and_policies_without_consuming_state ... ok
test tests::the_per_node_console_input_processor_drains_and_folds_its_witness ... ok
test tests::a_prepared_session_that_lost_a_strip_fails_validation ... ok
test tests::source_set_bind_prevalidation_returns_all_ownership_for_each_code ... ok
test tests::source_set_bind_succeeds_with_private_builtin_and_external_ownership ... ok
test tests::rejects_duplicate_and_unknown_meter_transactionally ... ok
test tests::prepares_three_sections_and_each_named_meter_tap ... ok
test tests::console_control_requests_are_validated_sealed_and_charged_per_track ... ok
test tests::resource_estimate_enforces_the_actual_largest_retained_payload ... ok
test tests::scalar_owner_resource_is_independent_two_boxes_plus_two_pointer_outer ... ok
test tests::retained_payload_boundaries_reject_in_phase_one ... ok
test tests::cutoff_boundaries_match_compiler_diagnostics_at_every_launch_rate_and_section ... ok
test tests::control_delivery_metadata_reaches_both_sealed_strip_bank_owners ... ok
test tests::a_post_fader_meter_declines_its_cohort_while_the_tail_pair_still_fuses ... ok
test tests::track_bits_do_not_depend_on_session_track_count ... ok
test tests::actual_graph_mono_collapse_disengages_on_input_command_and_recovers_nonfinite_input ... ok
test tests::composite_raw_record_errors_preserve_the_frozen_arithmetic_order ... ok
test tests::composite_live_sequence_matches_original_owners_and_discriminates_both_branches ... ok
test tests::declined_factory_owners_keep_queued_state_and_render_in_original_order ... ok
test tests::late_factory_guards_return_live_policy_width_and_population_owners ... ok
test tests::pair_factory_declines_wrong_order_policy_and_shape_with_original_owners ... ok
test tests::queued_three_sample_ramp_crosses_call_boundary_before_fusing ... ok
test tests::serialized_alias_observer_is_the_decline_boundary ... ok
test tests::banked_tracks_are_bit_identical_to_their_scalar_tails ... ok
test tests::serialized_send_reader_declines_crossing_fader_while_pcm_matches_separate ... ok
test tests::serialized_live_fader_matrix_is_selected_by_the_bound_render_path ... ok
test tests::deterministic_builtin_compiler_mutation_matrix_has_exactly_ten_thousand_cases ... ok

test result: ok. 31 passed; 0 failed; 0 ignored; 0 measured; 0 filtered out; finished in 1.27s

     Running tests/allocation_tracker.rs (/tmp/engine-443-sol-target/debug/deps/allocation_tracker-d3e8788c969cf466)

running 4 tests
test actual_serialized_composite_render_allocates_and_frees_nothing ... ok
test actual_queued_graph_phases_allocate_and_free_nothing ... ok
test phase_two_allocator_layouts_are_stable_across_repeated_measured_prepares ... ok
test phase_two_allocator_layouts_match_the_checked_resource_report ... ok

test result: ok. 4 passed; 0 failed; 0 ignored; 0 measured; 0 filtered out; finished in 17.81s

     Running tests/builtin_automation_targets.rs (/tmp/engine-443-sol-target/debug/deps/builtin_automation_targets-a6aac500edc0bc08)

running 3 tests
test builtin_automation_targets_match_the_parameter_abi ... ok
test refused_targets_are_exactly_the_prepared_only_rows ... ok
test the_builtin_automation_effect_id_is_the_strip ... ok

test result: ok. 3 passed; 0 failed; 0 ignored; 0 measured; 0 filtered out; finished in 0.00s

     Running tests/input_drain.rs (/tmp/engine-443-sol-target/debug/deps/input_drain-fd66484c6db578db)

running 5 tests
test a_per_lane_record_desymmetrizes_and_a_both_record_preserves ... ok
test both_variants_answer_the_hook_identically_for_the_same_selector ... ok
test re_equalising_the_words_does_not_re_arm_the_live_term ... ok
test the_input_record_is_upstream_of_the_seam ... ok
test the_live_term_survives_a_symmetric_ride_and_not_a_one_lane_one ... ok

test result: ok. 5 passed; 0 failed; 0 ignored; 0 measured; 0 filtered out; finished in 0.00s

     Running tests/scale.rs (/tmp/engine-443-sol-target/debug/deps/scale-c2b2e1ee23d8f63e)

running 1 test
test prepares_65_537_tracks_or_rejects_only_the_configured_resource ... ok

test result: ok. 1 passed; 0 failed; 0 ignored; 0 measured; 0 filtered out; finished in 3.25s

     Running tests/track_delay_domain.rs (/tmp/engine-443-sol-target/debug/deps/track_delay_domain-0c5c47fa1dc063a0)

running 2 tests
test the_descriptor_and_the_schema_publish_the_same_delay_domain ... ok
test a_declared_delay_changes_no_prepared_builtin_byte ... ok

test result: ok. 2 passed; 0 failed; 0 ignored; 0 measured; 0 filtered out; finished in 0.00s

     Running unittests src/lib.rs (/tmp/engine-443-sol-target/debug/deps/graph-89c70a494b045b57)

running 54 tests
test observation_size_accounting::no_reported_runtime_byte_moved ... ok
test observation_size_accounting::the_observation_lane_costs_one_nullable_pointer_in_the_console_effect ... ok
test program::tests::chain_of_seven_stages_lowers_to_six_ops_three_taps_and_two_buffers ... ok
test program::tests::a_delayed_stage_boundary_is_not_elided ... ok
test program::tests::delayed_edge_gets_staging_buffer_and_blocks_in_place ... ok
test program::tests::malformed_inputs_are_rejected_rather_than_lowered ... ok
test program::tests::fan_out_blocks_in_place_and_fan_in_keeps_its_reduction ... ok
test program::tests::taps_are_not_readers_so_an_alias_chain_still_folds_into_its_producer ... ok
test runtime::tests::a_single_in_place_input_is_left_untouched ... ok
test runtime::tests::a_declined_first_pair_retains_the_first_slots_scratch ... ok
test runtime::tests::a_later_folded_cohort_continues_from_the_live_master_in_d9_order ... ok
test runtime::tests::all_active_folded_bank_chain_dispatches_the_real_graph_cohort ... ok
test runtime::tests::bank_gather_source_admits_only_the_dedication_copy ... ok
test runtime::tests::arena_members_direct_scatter_preserves_redirected_identity_bits ... ok
test runtime::tests::a_folded_epilogue_is_the_route_and_the_reduction_bit_for_bit ... ok
test runtime::tests::malformed_folded_cohorts_are_rejected_before_route_or_master_mutation ... ok
test runtime::tests::reduction_preserves_repeated_silence_self_and_unrelated_buffers ... ok
test runtime::tests::the_fan_in_zero_fill_is_dead_only_under_a_bound_source ... ok
test runtime::tests::synthetic_distinct_matrix_destination_is_the_scalar_pair_identity_decline ... ok
test program::tests::a_bank_window_never_recycles_a_physical_slot ... ok
test runtime::tests::a_delay_line_is_a_pure_shift_at_every_partitioning ... ok
test runtime::tests::the_first_contributor_stores_so_a_negative_zero_master_keeps_its_sign ... ok
test runtime::tests::the_node_witness_agrees_with_its_line ... ok
test tests::binding_rejects_duplicates_and_returns_all_ownership ... ok
test runtime::tests::route_applies_folded_gain_with_frozen_op_order ... ok
test tests::a_console_parameter_command_applies_at_the_next_block_boundary ... ok
test program::tests::no_slot_is_recycled_inside_a_merged_bank_window ... ok
test tests::builtin_bank_resource_overflow_leaves_the_graph_estimate_unchanged ... ok
test tests::attaching_builtin_banks_re_derives_the_program_that_bind_will_use ... ok
test tests::delay_is_exact_and_lane_independent ... ok
test tests::compile_request_plan_id_survives_binding ... ok
test tests::an_idle_console_changes_no_rendered_bit ... ok
test tests::aliased_identity_stages_do_not_change_audio ... ok
test tests::identity_binding_acknowledges_without_a_processor ... ok
test tests::reduction_is_left_to_right ... ok
test tests::executor_applies_exact_pdc_then_fixed_pairwise_reduction ... ok
test tests::live_bypass_is_latency_preserving_and_reversible ... ok
test tests::faster_main_and_faster_sidechain_align_on_their_typed_ports ... ok
test tests::the_console_effect_drops_nothing_within_its_prepared_capacity ... ok
test tests::id_ordered_bank_plan_rejects_transactionally_and_returned_ownership_is_reusable ... ok
test tests::with_builtin_banks_accepts_padded_members_and_rejects_empty_or_oversized ... ok
test tests::structural_layout_rejects_node_level_edge_and_bank_corruptions ... ok
test tests::structural_layout_rejection_is_shared_after_binding_validation_for_source_families ... ok
test tests::level_major_w4_builtin_bank_is_analytic_for_three_blocks ... ok
test runtime::tests::every_lane_width_matches_the_frozen_old_kernel_on_hostile_values ... ok
test tests::left_to_right_reduction_meets_analytic_bound_and_ignores_completion_order ... ok
test tests::enabled_and_bypass_pdc_align_at_launch_rates_and_quanta ... ok
test runtime::tests::reduction_is_left_to_right_bit_identical_to_scalar_reference ... ok
test runtime::tests::compensation_delay_is_partition_invariant_and_matches_per_sample_reference ... ok
test tests::fifty_random_dag_sessions_render_deterministic_nonsilent_pcm ... ok
test program::tests::lowering_preserves_dataflow_and_bounds_the_arena_on_random_graphs ... ok
test program::tests::sixty_four_plain_tracks_keep_one_ordered_non_aliasing_master_reduction ... ok
test program::tests::bank_window_hoisting_preserves_dataflow_on_random_graphs ... ok
test program::tests::cohort_chain_merging_preserves_dataflow_on_random_graphs ... ok

test result: ok. 54 passed; 0 failed; 0 ignored; 0 measured; 0 filtered out; finished in 15.98s

     Running tests/rt1_direct_bank_alloc.rs (/tmp/engine-443-sol-target/debug/deps/rt1_direct_bank_alloc-0e3dbe6db7e0f16b)

running 1 test
test direct_bank_graph_render_is_allocation_free_and_bit_exact ... ok

test result: ok. 1 passed; 0 failed; 0 ignored; 0 measured; 0 filtered out; finished in 0.00s

     Running unittests src/lib.rs (/tmp/engine-443-sol-target/debug/deps/graph_compiler-12dea0a01d43bb77)

running 61 tests
test tests::buffer_coloring_aliases_identity_and_preserves_fanout_liveness ... ok
test tests::cycle_witness_skips_acyclic_residual_nodes_downstream_of_cycle ... ok
test tests::every_cyclic_scc_has_one_closed_sorted_witness_and_edge_paths ... ok
test tests::accepted_session_compiles_binds_and_renders_direct_route ... ok
test tests::timing_applies_declared_tail_after_node_latency ... ok
test tests::timing_reports_the_checked_sole_output_arrival_and_extent ... ok
test tests::builtins_replace_only_the_three_internal_track_bindings ... ok
test tests::level_major_compiler_coloring_matches_independent_live_intervals ... ok
test tests::route_transform_uses_the_canonical_db_to_gain_conversion ... ok
test tests::direct_graph_report_exposes_zero_output_latency_and_tail_without_identity_change ... ok
test tests::chains_of_different_depths_share_a_cohort_through_identity_slots ... ok
test tests::route_transform_bits_participate_in_semantic_hash ... ok
test tests::node_text_len_matches_node_text_for_every_variant ... ok
test tests::multi_slot_rack_chains_form_one_cohort_and_bind_every_slot ... ok
test tests::third_party_dynamic_effects_are_never_bank_candidates ... ok
test tests::a_dynamic_slot_that_differs_from_its_bank_mates_falls_back_per_node ... ok
test tests::a_sidechain_lifted_chain_slot_falls_back_instead_of_failing_the_compile ... ok
test tests::live_scalar_owner_bytes_are_published_and_capped_before_binding ... ok
test tests::compiled_plans_always_lower_to_a_smaller_executable_program ... ok
test tests::post_bank_graph_cap_rejects_transactionally_with_both_prepared_inputs ... ok
test tests::bank_membership_is_independent_of_entry_order ... ok
test tests::issue122_reverse_route_ids_emit_sorted_levels_and_bind ... ok
test tests::each_forged_builtin_seal_tuple_is_rejected_before_graph_attachment ... ok
test tests::production_builtin_banks_replace_full_post_input_groups_and_render ... ok
test tests::scalar_dispatch_compiles_without_banks_on_any_host ... ok
test tests::mixed_twelve_track_plan_binds_renders_full_banks_and_scalar_tails_without_graph_changes ... ok
test tests::launch_parametric_eq_fixture_retains_banks_and_matches_scalar_across_blocks ... ok
test tests::launch_transient_shaper_fixture_closes_banks_tails_pdc_and_transactional_caps ... ok
test tests::launch_soft_clip_fixture_closes_banks_tails_pdc_support_and_transactional_caps ... ok
test tests::launch_compressor_fixture_retains_bank_tail_and_connected_scalar_without_pdc_change ... ok
test tests::dynamic_rack_compressors_bank_and_render_bit_identically_to_the_per_node_path ... ok
test tests::add_a_track_keeps_existing_track_bits_and_one_transpose_per_chain ... ok
test tests::launch_gate_expander_fixture_retains_width_correct_banks_and_scalar_fallbacks ... ok
test tests::rack_placement_changes_the_bank_but_never_the_samples ... ok
test tests::launch_true_peak_limiter_fixture_retains_banks_tails_latency_and_transactional_caps ... ok
test tests::launch_delay_fixture_closes_scalar_state_tail_pdc_and_transactional_caps ... ok
test tests::launch_multiband_compressor_fixture_closes_bank_graph_and_transactional_caps ... ok
test tests::banking_a_dynamic_rack_costs_no_arena_buffers ... ok
test tests::canonical_artifacts_are_complete_and_repeatable_100_times ... ok
test tests::console_sixty_four_track_fixture_banks_its_dynamic_compressor_bit_identically ... ok
test tests::the_two_planners_agree_on_every_track_class ... ok
test tests::random_dags_have_strictly_ascending_levels_and_level_major_schedule ... ok
test tests::ten_thousand_graph_mutations_are_panic_free_and_repeatable ... ok
test tests::intended_placement_merges_two_chains_into_one_bit_identically ... ok
test tests::a_meter_on_a_bank_member_declines_that_lanes_scatter_redirect ... ok
test tests::a_meter_on_the_matrix_declines_the_route_fold_and_still_meters ... ok
test tests::a_second_route_from_a_tracks_matrix_declines_the_route_fold ... ok
test tests::the_intended_strip_fuses_the_whole_signal_path_into_one_chain_per_cohort ... ok
test tests::route_ids_ordered_against_the_cohorts_decline_the_route_fold ... ok
test tests::a_subsequence_program_track_binds_instead_of_panicking ... ok
test tests::a_meter_leased_at_post_fader_splits_the_chain_and_still_meters ... ok
test tests::a_send_from_the_last_slots_alias_declines_that_lanes_scatter_redirect ... ok
test tests::misaligned_lane_sets_decline_the_merge ... ok
test tests::a_leased_stage_meter_declines_the_merge_and_still_meters ... ok
test tests::a_send_from_a_rack_boundary_declines_the_merge ... ok
test tests::an_observed_alias_on_the_last_slot_declines_that_lanes_scatter_redirect ... ok
test tests::frozen_issue_037_seeded_builtin_bank_layouts_have_exact_membership_and_counters ... ok
test tests::the_intended_strip_folds_every_route_into_its_cohorts_epilogue ... ok
test tests::class_pooling_forfeits_the_route_fold_only_on_an_interleaved_session ... ok
test tests::a_single_odd_track_strands_both_pools_remainders ... ok
test tests::a_banked_fader_command_lands_on_the_block_it_was_admitted_in ... ok

test result: ok. 61 passed; 0 failed; 0 ignored; 0 measured; 0 filtered out; finished in 2.09s

     Running unittests src/bin/graph_fixture.rs (/tmp/engine-443-sol-target/debug/deps/graph_fixture-c48e2ea9e79f7bb1)

running 1 test
test tests::check_rejects_fixture_manifest_missing_and_unlisted_corruption ... ok

test result: ok. 1 passed; 0 failed; 0 ignored; 0 measured; 0 filtered out; finished in 0.01s

     Running unittests src/bin/rack_fixture.rs (/tmp/engine-443-sol-target/debug/deps/rack_fixture-0b94c5c544eb423a)

running 1 test
test tests::checker_rejects_content_manifest_missing_and_unlisted_corruption ... ok

test result: ok. 1 passed; 0 failed; 0 ignored; 0 measured; 0 filtered out; finished in 0.00s

     Running tests/route_gain.rs (/tmp/engine-443-sol-target/debug/deps/route_gain-40ec4399b6e159d9)

running 3 tests
test the_replaced_platform_conversion_had_different_bits_at_the_pinned_witness ... ok
test unity_route_gain_is_exactly_one ... ok
test route_gain_matches_f64_oracle_within_two_ulp ... ok

test result: ok. 3 passed; 0 failed; 0 ignored; 0 measured; 0 filtered out; finished in 0.00s

     Running tests/scale.rs (/tmp/engine-443-sol-target/debug/deps/scale-416bef8c6a13b9e7)

running 1 test
test compiles_65_537_tracks_or_rejects_only_a_configured_resource ... ok

test result: ok. 1 passed; 0 failed; 0 ignored; 0 measured; 0 filtered out; finished in 21.54s

     Running tests/track_delay.rs (/tmp/engine-443-sol-target/debug/deps/track_delay-2ca14df59774be9b)

running 8 tests
test the_zero_delay_plan_digest_is_the_pre_feature_digest ... ok
test a_zero_delay_session_lowers_no_delay_node ... ok
test a_delayed_session_is_a_different_plan ... ok
test the_pdc_counts_are_untouched ... ok
test a_ring_is_a_named_allocation ... ok
test an_oversized_delay_is_rejected_by_the_caps ... ok
test a_track_delay_moves_no_pdc_row ... ok
test the_estimate_charges_each_lane_its_own_ring ... ok

test result: ok. 8 passed; 0 failed; 0 ignored; 0 measured; 0 filtered out; finished in 0.03s

     Running unittests src/lib.rs (/tmp/engine-443-sol-target/debug/deps/host_web-b56920478993c329)

running 64 tests
test tests::a_computed_tap_is_refused_with_unsupported_kind ... ok
test tests::default_ring_covers_stall_tolerance ... ok
test tests::maximum_document_dense_invalid_boot_finishes_under_one_second_in_release ... ignored, release-mode budget; runs nightly
test tests::observation_unit_conversion_is_declared_and_clamped ... ok
test tests::the_observation_fields_account_for_the_moved_bridge_rows ... ok
test tests::console_track_id_longer_than_every_source_id_boots_and_round_trips ... ok
test tests::a_console_free_host_refuses_every_live_kind_as_unsupported ... ok
test tests::malformed_config_and_atomic_compile_failure_are_sticky ... ok
test tests::a_fader_command_names_the_exact_application_sample ... ok
test tests::a_console_that_never_solos_renders_what_it_always_did ... ok
test tests::a_mute_command_is_a_fader_endpoint_not_a_discontinuity ... ok
test tests::command_ack_names_the_exact_application_sample ... ok
test tests::native_identity_session_digest_pins_the_wasm_parity ... ok
test tests::a_solo_gate_is_a_bounded_ramp_and_a_zero_window_snaps ... ok
test tests::a_solo_that_changes_nothing_emits_nothing ... ok
test tests::paused_seek_recycles_full_internal_queue_before_first_target_quantum ... ok
test tests::raw_ffi_source_introspection_mirrors_the_track_queries ... ok
test tests::paired_fader_and_matrix_commands_share_the_acknowledged_application_sample ... ok
test tests::session_source_introspection_is_canonical_ordered_shaped_and_bounded ... ok
test tests::an_effect_bypass_command_returns_the_dry_signal ... ok
test tests::a_trim_is_not_a_mute_and_solo_does_not_move_it ... ok
test tests::unknown_targets_are_typed_and_leave_the_engine_untouched ... ok
test tests::mute_and_solo_are_separate_states ... ok
test tests::facade_source_rules_reach_the_browser_host ... ok
test tests::a_subscription_without_capacity_is_observation_unbound ... ok
test tests::command_flood_is_typed_backpressure_and_leaves_the_render_untouched ... ok
test tests::compile_resource_caps_are_inclusive_and_one_below_rejects ... ok
test tests::a_trim_command_reaches_the_render_plane ... ok
test tests::solo_records_are_shape_checked_like_mute_records ... ok
test tests::frozen_layouts_and_values_are_exact ... ok
test tests::retained_projection_budget_diagnostic_names_projected_bytes ... ok
test tests::an_effect_parameter_command_names_the_exact_application_sample ... ok
test tests::native_command_timeline_digest_pins_the_wasm_parity ... ok
test tests::output_mismatch_and_disposal_are_sticky_and_idempotent ... ok
test tests::render_failure_retains_ownership_and_silences ... ok
test tests::each_boot_option_rule_has_its_own_typed_refusal ... ok
test tests::a_mixed_batch_is_one_transaction_across_every_queue ... ok
test tests::observation_configuration_words_are_validated ... ok
test tests::raw_ffi_validates_handle_layout_overflow_and_transactional_failure ... ok
test tests::the_input_queue_is_a_destination_of_its_own ... ok
test tests::source_backpressure_seek_render_and_stable_output_are_bounded ... ok
test tests::a_refused_batch_pushes_no_trim_record ... ok
test tests::meter_frames_equal_an_offline_fold_and_cost_the_render_nothing ... ok
test tests::observation_misuse_is_typed_and_all_or_nothing ... ok
test tests::the_decode_staging_holds_a_full_batch_plus_a_solo_transition ... ok
test tests::acknowledged_pair_render_records_the_same_live_dispatch ... ok
test tests::a_refused_solo_submission_leaves_the_console_untouched ... ok
test tests::raw_ffi_uses_stable_staging_and_exact_output_quantum_without_growth ... ok
test tests::ring_prefill_survives_stall ... ok
test tests::quoted_root_shape_keys_self_configure_without_a_second_parser ... ok
test tests::trim_and_polarity_leave_the_solo_transaction_closed ... ok
test tests::native_observation_timeline_digest_pins_the_wasm_parity ... ok
test tests::preparation_accepts_explicit_64_128_and_256_quanta_with_stable_buffers ... ok
test tests::a_both_lane_trim_command_is_one_record_and_one_queue_slot ... ok
test tests::a_batch_of_alternating_solo_toggles_coalesces_to_its_net_effect ... ok
test tests::un_solo_restores_the_exact_per_lane_user_mute_set ... ok
test tests::exact_retained_total_is_checked_as_one_budget_not_independent_caps ... ok
test tests::the_meter_frame_carries_the_app_shaped_gain_reduction ... ok
test tests::trim_and_polarity_are_admitted_on_every_lane_selector ... ok
test tests::trim_and_polarity_refuse_on_the_declared_terms ... ok
test tests::solo_is_bit_identically_mute_on_the_complement ... ok
test tests::representative_retained_projection_tracks_the_post_prepare_exact_aggregate ... ok
test tests::maximum_document_dense_invalid_boot_is_typed_and_bounded ... ok
test tests::maximum_document_dense_invalid_fixture_reaches_bounded_semantic_validation ... ok

test result: ok. 63 passed; 0 failed; 1 ignored; 0 measured; 0 filtered out; finished in 0.23s

     Running tests/boot_transient_budget.rs (/tmp/engine-443-sol-target/debug/deps/boot_transient_budget-18af1c29cab8be13)

running 2 tests
test paused_seek_recycles_without_allocating_or_freeing ... ok
test pinned_multiplier_bounds_the_worst_accepted_parse_and_model_build_peak ... ok

test result: ok. 2 passed; 0 failed; 0 ignored; 0 measured; 0 filtered out; finished in 0.23s

   Doc-tests builtins

running 0 tests

test result: ok. 0 passed; 0 failed; 0 ignored; 0 measured; 0 filtered out; finished in 0.00s

   Doc-tests builtins_compiler

running 0 tests

test result: ok. 0 passed; 0 failed; 0 ignored; 0 measured; 0 filtered out; finished in 0.00s

   Doc-tests graph

running 0 tests

test result: ok. 0 passed; 0 failed; 0 ignored; 0 measured; 0 filtered out; finished in 0.00s

   Doc-tests graph_compiler

running 6 tests
test crates/graph-compiler/src/lib.rs - PreparedGraphBuiltinsArtifact (line 79) - compile fail ... ok
test crates/graph-compiler/src/lib.rs - PreparedGraphBuiltinsArtifact (line 87) - compile fail ... ok
test crates/graph-compiler/src/lib.rs - PreparedGraphBuiltinsArtifact (line 93) - compile fail ... ok
test crates/graph-compiler/src/lib.rs - PreparedGraphBuiltinsArtifact (line 105) - compile fail ... ok
test crates/graph-compiler/src/lib.rs - PreparedGraphBuiltinsArtifact (line 111) - compile fail ... ok
test crates/graph-compiler/src/lib.rs - PreparedGraphBuiltinsArtifact (line 99) - compile fail ... ok

test result: ok. 6 passed; 0 failed; 0 ignored; 0 measured; 0 filtered out; finished in 0.03s

   Doc-tests host_web

running 0 tests

test result: ok. 0 passed; 0 failed; 0 ignored; 0 measured; 0 filtered out; finished in 0.00s

