Diff in /home/bl/misofm/engine-443-plan/crates/graph/src/runtime.rs:3268:
         assert_eq!(lease.read_stereo(ARENA_BASE + 1).1, &[-1.5, 2.0]);
         assert_eq!(fader_calls.load(Ordering::Relaxed), 1);
         assert_eq!(matrix_calls.load(Ordering::Relaxed), 1);
-        assert_eq!(queued.load(Ordering::Relaxed), 1, "later failure retains its next record");
+        assert_eq!(
+            queued.load(Ordering::Relaxed),
+            1,
+            "later failure retains its next record"
+        );
     }
 
     struct DecliningPairOwner(Arc<AtomicUsize>);
Diff in /home/bl/misofm/engine-443-plan/crates/graph-compiler/src/lib.rs:2100:
             })
         };
 
-        let plain = prepare(integration_caps(), false)
-            .unwrap_or_else(|_| panic!("plain scalar graph"));
-        let live = prepare(integration_caps(), true)
-            .unwrap_or_else(|_| panic!("live scalar graph"));
+        let plain =
+            prepare(integration_caps(), false).unwrap_or_else(|_| panic!("plain scalar graph"));
+        let live =
+            prepare(integration_caps(), true).unwrap_or_else(|_| panic!("live scalar graph"));
         let plain_resource = plain.graph_resource_estimate();
         let live_resource = live.graph_resource_estimate();
         let scalar_bytes = live_resource.graph_metadata_bytes - plain_resource.graph_metadata_bytes;
Diff in /home/bl/misofm/engine-443-plan/crates/graph-compiler/src/lib.rs:2110:
-        assert!(scalar_bytes > 0, "live scalar owners add retained graph bytes");
+        assert!(
+            scalar_bytes > 0,
+            "live scalar owners add retained graph bytes"
+        );
         assert_eq!(
             live_resource.incremental_plan_bytes - plain_resource.incremental_plan_bytes,
             scalar_bytes
Diff in /home/bl/misofm/engine-443-plan/crates/graph-compiler/src/lib.rs:2117:
             scalar_bytes
         );
         assert_eq!(live_resource.builtin_bank_count, 0);
-        assert_eq!(live.report().estimate, *live_resource, "published pre-bind estimate");
+        assert_eq!(
+            live.report().estimate,
+            *live_resource,
+            "published pre-bind estimate"
+        );
 
         let mut exact = integration_caps();
         exact.maximum_graph_bytes = live_resource.graph_metadata_bytes;
Diff in /home/bl/misofm/engine-443-plan/crates/graph-compiler/src/lib.rs:2124:
         exact.maximum_plan_bytes = live_resource.incremental_plan_bytes;
         exact.maximum_single_allocation_bytes = live_resource.largest_allocation_bytes;
-        let exact_artifact =
-            prepare(exact, true).unwrap_or_else(|_| panic!("exact scalar caps"));
+        let exact_artifact = prepare(exact, true).unwrap_or_else(|_| panic!("exact scalar caps"));
         assert_eq!(exact_artifact.graph_resource_estimate(), live_resource);
 
         for field in ["graph", "plan", "largest"] {
Diff in /home/bl/misofm/engine-443-plan/crates/graph-compiler/src/lib.rs:2140:
                 diagnostic.code == "graph.resource.limit"
                     && diagnostic.path == "$.graph_compile_caps"
             }));
-            assert_eq!(failure.builtins.tails().count(), 1, "{field} ownership returned");
+            assert_eq!(
+                failure.builtins.tails().count(),
+                1,
+                "{field} ownership returned"
+            );
         }
     }
 
