   Compiling builtins-compiler v0.1.0 (/home/bl/misofm/engine-443-plan/crates/builtins-compiler)
    Finished `test` profile [unoptimized + debuginfo] target(s) in 0.72s
     Running unittests src/lib.rs (/tmp/engine-443-sol-target/debug/deps/builtins_compiler-5ff1d293b1f7fb6b)

running 11 tests
test tests::scalar_invalid_envelope_leaves_the_later_matrix_queue_untouched ... ok
test tests::scalar_factory_checks_both_exact_owners_and_policies_without_consuming_state ... ok
test tests::scalar_pair_reset_matches_reset_original_owners ... ok
test tests::builtin_bank_layout_regroups_by_dependency_wave_and_scalar_falls_back ... ok
test tests::scalar_owner_resource_is_independent_two_boxes_plus_two_pointer_outer ... ok
test tests::actual_scalar_extra_reader_declines_and_retains_separate_owner_pcm ... ok
test tests::actual_scalar_graph_preserves_scheduled_matrix_prefix_error_and_queue_tail ... ok
test tests::actual_scalar_graph_queues_fuse_and_fall_back_against_separate_owners ... ok
test tests::actual_scalar_nonunity_send_reader_declines_with_reference_output ... FAILED
test tests::staggered_observed_scalar_track_stays_separate_while_eligible_peer_pairs ... ok
test tests::banked_tracks_are_bit_identical_to_their_scalar_tails ... ok

failures:

---- tests::actual_scalar_nonunity_send_reader_declines_with_reference_output stdout ----

thread 'tests::actual_scalar_nonunity_send_reader_declines_with_reference_output' (3909420) panicked at crates/builtins-compiler/src/lib.rs:6132:9:
assertion `left == right` failed
  left: (1, 1)
 right: (0, 0)
note: run with `RUST_BACKTRACE=1` environment variable to display a backtrace


failures:
    tests::actual_scalar_nonunity_send_reader_declines_with_reference_output

test result: FAILED. 10 passed; 1 failed; 0 ignored; 0 measured; 26 filtered out; finished in 0.03s

error: test failed, to rerun pass `-p builtins-compiler --lib`
