    Checking bytemuck v1.25.2
    Checking engine v0.1.0 (/home/bl/misofm/engine-443-plan/crates/engine)
    Checking cfg-if v1.0.4
    Checking typenum v1.20.1
    Checking cpufeatures v0.3.0
    Checking lexical-util v1.0.7
    Checking once_cell v1.21.4
    Checking smallvec v1.15.2
    Checking locspan v0.8.2
    Checking utf8-decode v1.0.1
    Checking decoded-char v0.1.1
    Checking dsp-reference v0.1.0 (/home/bl/misofm/engine-443-plan/crates/dsp-reference)
    Checking libc v0.2.189
    Checking safe_arch v1.2.0
    Checking smallstr v0.3.1
    Checking lexical-parse-integer v1.0.6
    Checking lexical-write-integer v1.0.6
    Checking wide v1.6.1
    Checking lexical-parse-float v1.0.6
    Checking hybrid-array v0.4.14
    Checking lexical-write-float v1.0.6
    Checking getrandom v0.2.17
    Checking ahash v0.7.8
    Checking lexical-core v1.0.6
    Checking hashbrown v0.12.3
    Checking lexical v7.0.5
    Checking json-number v0.4.10
    Checking block-buffer v0.12.1
    Checking crypto-common v0.2.2
    Checking indexmap v1.9.3
    Checking json-syntax v0.12.5
    Checking digest v0.11.3
    Checking sha2 v0.11.0
    Checking session v0.1.0 (/home/bl/misofm/engine-443-plan/crates/session)
    Checking bench-support v0.1.0 (/home/bl/misofm/engine-443-plan/tools/bench-support)
    Checking lane v0.1.0 (/home/bl/misofm/engine-443-plan/crates/lane)
    Checking math v0.1.0 (/home/bl/misofm/engine-443-plan/crates/math)
    Checking effect-contract v0.1.0 (/home/bl/misofm/engine-443-plan/crates/effect-contract)
    Checking effect-runtime v0.1.0 (/home/bl/misofm/engine-443-plan/crates/effect-runtime)
    Checking builtins v0.1.0 (/home/bl/misofm/engine-443-plan/crates/builtins)
    Checking rack v0.1.0 (/home/bl/misofm/engine-443-plan/crates/rack)
    Checking gate-expander v0.1.0 (/home/bl/misofm/engine-443-plan/crates/gate-expander)
    Checking parametric-eq v0.1.0 (/home/bl/misofm/engine-443-plan/crates/parametric-eq)
    Checking delay v0.1.0 (/home/bl/misofm/engine-443-plan/crates/delay)
    Checking true-peak-limiter v0.1.0 (/home/bl/misofm/engine-443-plan/crates/true-peak-limiter)
    Checking soft-clip v0.1.0 (/home/bl/misofm/engine-443-plan/crates/soft-clip)
    Checking effect-package v0.1.0 (/home/bl/misofm/engine-443-plan/crates/effect-package)
    Checking compressor v0.1.0 (/home/bl/misofm/engine-443-plan/crates/compressor)
    Checking multiband-compressor v0.1.0 (/home/bl/misofm/engine-443-plan/crates/multiband-compressor)
    Checking transient-shaper v0.1.0 (/home/bl/misofm/engine-443-plan/crates/transient-shaper)
    Checking conformance v0.1.0 (/home/bl/misofm/engine-443-plan/crates/conformance)
    Checking graph v0.1.0 (/home/bl/misofm/engine-443-plan/crates/graph)
    Checking rack-compiler v0.1.0 (/home/bl/misofm/engine-443-plan/crates/rack-compiler)
    Checking effect-compiler v0.1.0 (/home/bl/misofm/engine-443-plan/crates/effect-compiler)
    Checking builtins-compiler v0.1.0 (/home/bl/misofm/engine-443-plan/crates/builtins-compiler)
    Checking source v0.1.0 (/home/bl/misofm/engine-443-plan/crates/source)
error: call to `std::mem::drop` with a value that does not implement `Drop`. Dropping such a type only extends its contained lifetimes
    --> crates/builtins-compiler/src/lib.rs:3581:9
     |
3581 |         drop(fused_block);
     |         ^^^^^^^^^^^^^^^^^
     |
note: argument has type `builtins::DualMonoBlock<'_>`
    --> crates/builtins-compiler/src/lib.rs:3581:14
     |
3581 |         drop(fused_block);
     |              ^^^^^^^^^^^
     = help: for further information visit https://rust-lang.github.io/rust-clippy/rust-1.97.0/index.html#drop_non_drop
     = note: `-D clippy::drop-non-drop` implied by `-D clippy::all`
     = help: to override `-D clippy::all` add `#[allow(clippy::drop_non_drop)]`

error: very complex type used. Consider factoring parts into `type` definitions
    --> crates/builtins-compiler/src/lib.rs:3595:6
     |
3595 |   ) -> Result<
     |  ______^
3596 | |     Box<dyn GraphRuntimeProcessor>,
3597 | |     (
3598 | |         Box<dyn GraphRuntimeProcessor>,
3599 | |         Box<dyn GraphRuntimeProcessor>,
3600 | |     ),
3601 | | > {
     | |_^
     |
     = help: for further information visit https://rust-lang.github.io/rust-clippy/rust-1.97.0/index.html#type_complexity
     = note: `-D clippy::type-complexity` implied by `-D clippy::all`
     = help: to override `-D clippy::all` add `#[allow(clippy::type_complexity)]`

error: very complex type used. Consider factoring parts into `type` definitions
    --> crates/builtins-compiler/src/lib.rs:5969:10
     |
5969 |       ) -> (
     |  __________^
5970 | |         Box<dyn GraphRuntimeProcessor>,
5971 | |         Box<dyn GraphRuntimeProcessor>,
5972 | |         Producer<TrackFaderRecord>,
5973 | |         Producer<TrackControlRecord>,
5974 | |     ) {
     | |_____^
     |
     = help: for further information visit https://rust-lang.github.io/rust-clippy/rust-1.97.0/index.html#type_complexity

error: could not compile `builtins-compiler` (lib) due to 3 previous errors
warning: build failed, waiting for other jobs to finish...
error: could not compile `builtins-compiler` (lib test) due to 3 previous errors
