   Compiling effect-contract v0.1.0 (/home/bl/misofm/engine-443-plan/crates/effect-contract)
   Compiling rack v0.1.0 (/home/bl/misofm/engine-443-plan/crates/rack)
   Compiling soft-clip v0.1.0 (/home/bl/misofm/engine-443-plan/crates/soft-clip)
   Compiling builtins v0.1.0 (/home/bl/misofm/engine-443-plan/crates/builtins)
   Compiling gate-expander v0.1.0 (/home/bl/misofm/engine-443-plan/crates/gate-expander)
   Compiling parametric-eq v0.1.0 (/home/bl/misofm/engine-443-plan/crates/parametric-eq)
   Compiling true-peak-limiter v0.1.0 (/home/bl/misofm/engine-443-plan/crates/true-peak-limiter)
   Compiling transient-shaper v0.1.0 (/home/bl/misofm/engine-443-plan/crates/transient-shaper)
   Compiling compressor v0.1.0 (/home/bl/misofm/engine-443-plan/crates/compressor)
   Compiling delay v0.1.0 (/home/bl/misofm/engine-443-plan/crates/delay)
   Compiling multiband-compressor v0.1.0 (/home/bl/misofm/engine-443-plan/crates/multiband-compressor)
   Compiling graph v0.1.0 (/home/bl/misofm/engine-443-plan/crates/graph)
   Compiling rack-compiler v0.1.0 (/home/bl/misofm/engine-443-plan/crates/rack-compiler)
   Compiling effect-package v0.1.0 (/home/bl/misofm/engine-443-plan/crates/effect-package)
   Compiling effect-compiler v0.1.0 (/home/bl/misofm/engine-443-plan/crates/effect-compiler)
   Compiling builtins-compiler v0.1.0 (/home/bl/misofm/engine-443-plan/crates/builtins-compiler)
   Compiling source v0.1.0 (/home/bl/misofm/engine-443-plan/crates/source)
   Compiling graph-compiler v0.1.0 (/home/bl/misofm/engine-443-plan/crates/graph-compiler)
   Compiling host-core v0.1.0 (/home/bl/misofm/engine-443-plan/crates/host-core)
   Compiling host-web v0.1.0 (/home/bl/misofm/engine-443-plan/hosts/host-web)
    Finished `test` profile [unoptimized + debuginfo] target(s) in 3.20s
     Running unittests src/lib.rs (/tmp/engine-443-sol-target/debug/deps/host_web-be30bc75df2f4983)

running 1 test
test tests::acknowledged_pair_render_records_the_same_live_dispatch ... ok

test result: ok. 1 passed; 0 failed; 0 ignored; 0 measured; 63 filtered out; finished in 0.01s

     Running tests/boot_transient_budget.rs (/tmp/engine-443-sol-target/debug/deps/boot_transient_budget-fb820f1d4f6fca98)

running 0 tests

test result: ok. 0 passed; 0 failed; 0 ignored; 0 measured; 2 filtered out; finished in 0.00s

