   Compiling builtins-compiler v0.1.0 (/home/bl/misofm/engine-443-plan/crates/builtins-compiler)
error[E0308]: mismatched types
    --> crates/builtins-compiler/src/lib.rs:5325:9
     |
5324 |       ) -> Result<(), RenderError> {
     |            ----------------------- expected `Result<(), engine::realtime::RenderError>` because of return type
5325 | /         bound.plan.render(
5326 | |                 engine::realtime::RenderIo {
5327 | |                     input: None,
5328 | |                     output: engine::realtime::PlanarBufferMut::try_new(
...    |
5338 | |                 },
5339 | |             )
     | |_____________^ expected `Result<(), RenderError>`, found `Result<RenderReport, RenderError>`
     |
     = note: expected enum `Result<(), _>`
                found enum `Result<RenderReport, _>`

For more information about this error, try `rustc --explain E0308`.
error: could not compile `builtins-compiler` (lib) due to 1 previous error
warning: build failed, waiting for other jobs to finish...
error: could not compile `builtins-compiler` (lib test) due to 1 previous error
