   Compiling graph-compiler v0.1.0 (/home/bl/misofm/engine-443-plan/crates/graph-compiler)
    Finished `test` profile [unoptimized + debuginfo] target(s) in 2.42s
     Running unittests src/lib.rs (/tmp/engine-443-sol-target/debug/deps/graph_compiler-c1c1e295dac82746)

running 1 test
test tests::live_scalar_owner_bytes_are_published_and_capped_before_binding ... ok

test result: ok. 1 passed; 0 failed; 0 ignored; 0 measured; 60 filtered out; finished in 0.01s

     Running unittests src/bin/graph_fixture.rs (/tmp/engine-443-sol-target/debug/deps/graph_fixture-dd9535ca2be1568a)

running 0 tests

test result: ok. 0 passed; 0 failed; 0 ignored; 0 measured; 1 filtered out; finished in 0.00s

     Running unittests src/bin/rack_fixture.rs (/tmp/engine-443-sol-target/debug/deps/rack_fixture-2d5a69a8fe4348ce)

running 0 tests

test result: ok. 0 passed; 0 failed; 0 ignored; 0 measured; 1 filtered out; finished in 0.00s

     Running tests/route_gain.rs (/tmp/engine-443-sol-target/debug/deps/route_gain-f0d532f20ca7a371)

running 0 tests

test result: ok. 0 passed; 0 failed; 0 ignored; 0 measured; 3 filtered out; finished in 0.00s

     Running tests/scale.rs (/tmp/engine-443-sol-target/debug/deps/scale-eb9f63f2edc48b07)

running 0 tests

test result: ok. 0 passed; 0 failed; 0 ignored; 0 measured; 1 filtered out; finished in 0.00s

     Running tests/track_delay.rs (/tmp/engine-443-sol-target/debug/deps/track_delay-019e84ec5df2025b)

running 0 tests

test result: ok. 0 passed; 0 failed; 0 ignored; 0 measured; 8 filtered out; finished in 0.00s

