   Compiling builtins-compiler v0.1.0 (/home/bl/misofm/engine-443-plan/crates/builtins-compiler)
    Finished `test` profile [unoptimized + debuginfo] target(s) in 0.67s
     Running unittests src/lib.rs (/tmp/engine-443-sol-target/debug/deps/builtins_compiler-5ff1d293b1f7fb6b)

running 11 tests
test tests::scalar_invalid_envelope_leaves_the_later_matrix_queue_untouched ... ok
test tests::scalar_factory_checks_both_exact_owners_and_policies_without_consuming_state ... ok
test tests::scalar_pair_reset_matches_reset_original_owners ... ok
test tests::builtin_bank_layout_regroups_by_dependency_wave_and_scalar_falls_back ... ok
test tests::scalar_owner_resource_is_independent_two_boxes_plus_two_pointer_outer ... ok
test tests::actual_scalar_extra_reader_declines_and_retains_separate_owner_pcm ... ok
test tests::actual_scalar_graph_queues_fuse_and_fall_back_against_separate_owners ... ok
test tests::actual_scalar_graph_preserves_scheduled_matrix_prefix_error_and_queue_tail ... ok
test tests::actual_scalar_nonunity_send_reader_declines_with_reference_output ... ok
test tests::staggered_observed_scalar_track_stays_separate_while_eligible_peer_pairs ... ok
test tests::banked_tracks_are_bit_identical_to_their_scalar_tails ... ok

test result: ok. 11 passed; 0 failed; 0 ignored; 0 measured; 26 filtered out; finished in 0.03s

     Running tests/allocation_tracker.rs (/tmp/engine-443-sol-target/debug/deps/allocation_tracker-b6767a1ad7cc8a1e)

running 2 tests
test actual_queued_scalar_graph_allocates_and_frees_nothing ... ok
test actual_scalar_prepare_and_bind_retain_the_charged_owner_layouts ... ok

test result: ok. 2 passed; 0 failed; 0 ignored; 0 measured; 4 filtered out; finished in 0.00s

     Running tests/builtin_automation_targets.rs (/tmp/engine-443-sol-target/debug/deps/builtin_automation_targets-07b1c457de353432)

running 0 tests

test result: ok. 0 passed; 0 failed; 0 ignored; 0 measured; 3 filtered out; finished in 0.00s

     Running tests/input_drain.rs (/tmp/engine-443-sol-target/debug/deps/input_drain-9aaaf493e8c87efe)

running 0 tests

test result: ok. 0 passed; 0 failed; 0 ignored; 0 measured; 5 filtered out; finished in 0.00s

     Running tests/scale.rs (/tmp/engine-443-sol-target/debug/deps/scale-3f9db68c3e49715a)

running 0 tests

test result: ok. 0 passed; 0 failed; 0 ignored; 0 measured; 1 filtered out; finished in 0.00s

     Running tests/track_delay_domain.rs (/tmp/engine-443-sol-target/debug/deps/track_delay_domain-eb932ca786152024)

running 0 tests

test result: ok. 0 passed; 0 failed; 0 ignored; 0 measured; 2 filtered out; finished in 0.00s

