    Checking lexical-util v1.0.7
    Checking bytemuck v1.25.2
    Checking cfg-if v1.0.4
    Checking engine v0.1.0 (/home/bl/misofm/engine-479-proof/crates/engine)
    Checking typenum v1.20.1
    Checking once_cell v1.21.4
    Checking math v0.1.0 (/home/bl/misofm/engine-479-proof/crates/math)
    Checking smallvec v1.15.2
    Checking utf8-decode v1.0.1
    Checking locspan v0.8.2
    Checking decoded-char v0.1.1
    Checking cpufeatures v0.3.0
    Checking libc v0.2.189
    Checking safe_arch v1.2.0
    Checking smallstr v0.3.1
    Checking lexical-parse-integer v1.0.6
    Checking lexical-write-integer v1.0.6
    Checking wide v1.6.1
    Checking lexical-parse-float v1.0.6
    Checking lexical-write-float v1.0.6
    Checking hybrid-array v0.4.14
    Checking getrandom v0.2.17
    Checking ahash v0.7.8
    Checking lexical-core v1.0.6
    Checking hashbrown v0.12.3
    Checking lexical v7.0.5
    Checking json-number v0.4.10
    Checking crypto-common v0.2.2
    Checking block-buffer v0.12.1
    Checking indexmap v1.9.3
    Checking json-syntax v0.12.5
    Checking digest v0.11.3
    Checking sha2 v0.11.0
    Checking session v0.1.0 (/home/bl/misofm/engine-479-proof/crates/session)
    Checking lane v0.1.0 (/home/bl/misofm/engine-479-proof/crates/lane)
    Checking effect-contract v0.1.0 (/home/bl/misofm/engine-479-proof/crates/effect-contract)
    Checking rack v0.1.0 (/home/bl/misofm/engine-479-proof/crates/rack)
    Checking builtins v0.1.0 (/home/bl/misofm/engine-479-proof/crates/builtins)
    Checking graph v0.1.0 (/home/bl/misofm/engine-479-proof/crates/graph)
    Checking rack-compiler v0.1.0 (/home/bl/misofm/engine-479-proof/crates/rack-compiler)
    Checking builtins-compiler v0.1.0 (/home/bl/misofm/engine-479-proof/crates/builtins-compiler)
    Finished `dev` profile [unoptimized + debuginfo] target(s) in 3.01s
