   Compiling builtins-compiler v0.1.0 (/home/bl/misofm/engine-479-proof/crates/builtins-compiler)
    Finished `test` profile [unoptimized + debuginfo] target(s) in 0.80s
     Running unittests src/lib.rs (/tmp/engine-479-sol-target/debug/deps/builtins_compiler-5ff1d293b1f7fb6b)

running 38 tests
test tests::builtin_bank_resource_charges_two_planes_and_actual_members ... ok
test tests::builtin_bank_layout_regroups_by_dependency_wave_and_scalar_falls_back ... ok
test tests::delegated_source_rejection_restores_private_and_external_ownership ... ok
test tests::scalar_factory_checks_both_exact_owners_and_policies_without_consuming_state ... ok
test tests::scalar_invalid_envelope_leaves_the_later_matrix_queue_untouched ... ok
test tests::scalar_pair_reset_matches_reset_original_owners ... ok
test tests::a_prepared_session_that_lost_a_strip_fails_validation ... ok
test tests::source_set_bind_prevalidation_returns_all_ownership_for_each_code ... ok
test tests::the_per_node_console_input_processor_drains_and_folds_its_witness ... ok
test tests::source_set_bind_succeeds_with_private_builtin_and_external_ownership ... ok
test tests::prepares_three_sections_and_each_named_meter_tap ... ok
test tests::console_control_requests_are_validated_sealed_and_charged_per_track ... ok
test tests::rejects_duplicate_and_unknown_meter_transactionally ... ok
test tests::resource_estimate_enforces_the_actual_largest_retained_payload ... ok
test tests::scalar_owner_resource_is_independent_two_boxes_plus_two_pointer_outer ... ok
test tests::retained_payload_boundaries_reject_in_phase_one ... ok
test tests::cutoff_boundaries_match_compiler_diagnostics_at_every_launch_rate_and_section ... ok
test tests::control_delivery_metadata_reaches_both_sealed_strip_bank_owners ... ok
test tests::a_post_fader_meter_declines_its_cohort_while_the_tail_pair_still_fuses ... ok
test tests::actual_scalar_effect_sidechain_declines_and_matches_separate_owner_data_and_state ... ok
test tests::track_bits_do_not_depend_on_session_track_count ... ok
test tests::actual_graph_mono_collapse_disengages_on_input_command_and_recovers_nonfinite_input ... ok
test tests::actual_scalar_extra_reader_declines_and_retains_separate_owner_pcm ... ok
test tests::actual_scalar_graph_queues_fuse_and_fall_back_against_separate_owners ... ok
test tests::actual_scalar_graph_preserves_scheduled_matrix_prefix_error_and_queue_tail ... ok
test tests::banked_tracks_are_bit_identical_to_their_scalar_tails ... ok
test tests::actual_scalar_nonunity_send_reader_declines_with_reference_output ... ok
test tests::composite_live_sequence_matches_original_owners_and_discriminates_both_branches ... ok
test tests::composite_raw_record_errors_preserve_the_frozen_arithmetic_order ... ok
test tests::declined_factory_owners_keep_queued_state_and_render_in_original_order ... ok
test tests::late_factory_guards_return_live_policy_width_and_population_owners ... ok
test tests::pair_factory_declines_wrong_order_policy_and_shape_with_original_owners ... ok
test tests::queued_three_sample_ramp_crosses_call_boundary_before_fusing ... ok
test tests::serialized_alias_observer_is_the_decline_boundary ... ok
test tests::serialized_live_fader_matrix_is_selected_by_the_bound_render_path ... ok
test tests::serialized_send_reader_declines_crossing_fader_while_pcm_matches_separate ... ok
test tests::staggered_observed_scalar_track_stays_separate_while_eligible_peer_pairs ... ok
test tests::deterministic_builtin_compiler_mutation_matrix_has_exactly_ten_thousand_cases ... ok

test result: ok. 38 passed; 0 failed; 0 ignored; 0 measured; 0 filtered out; finished in 1.27s

     Running tests/allocation_tracker.rs (/tmp/engine-479-sol-target/debug/deps/allocation_tracker-b6767a1ad7cc8a1e)

running 6 tests
test actual_queued_graph_phases_allocate_and_free_nothing ... ok
test actual_queued_scalar_graph_allocates_and_frees_nothing ... ok
test actual_scalar_prepare_and_bind_retain_the_charged_owner_layouts ... ok
test actual_serialized_composite_render_allocates_and_frees_nothing ... ok
test phase_two_allocator_layouts_are_stable_across_repeated_measured_prepares ... ok
test phase_two_allocator_layouts_match_the_checked_resource_report ... ok

test result: ok. 6 passed; 0 failed; 0 ignored; 0 measured; 0 filtered out; finished in 17.58s

     Running tests/builtin_automation_targets.rs (/tmp/engine-479-sol-target/debug/deps/builtin_automation_targets-07b1c457de353432)

running 3 tests
test refused_targets_are_exactly_the_prepared_only_rows ... ok
test builtin_automation_targets_match_the_parameter_abi ... ok
test the_builtin_automation_effect_id_is_the_strip ... ok

test result: ok. 3 passed; 0 failed; 0 ignored; 0 measured; 0 filtered out; finished in 0.00s

     Running tests/input_drain.rs (/tmp/engine-479-sol-target/debug/deps/input_drain-9aaaf493e8c87efe)

running 5 tests
test both_variants_answer_the_hook_identically_for_the_same_selector ... ok
test a_per_lane_record_desymmetrizes_and_a_both_record_preserves ... ok
test re_equalising_the_words_does_not_re_arm_the_live_term ... ok
test the_live_term_survives_a_symmetric_ride_and_not_a_one_lane_one ... ok
test the_input_record_is_upstream_of_the_seam ... ok

test result: ok. 5 passed; 0 failed; 0 ignored; 0 measured; 0 filtered out; finished in 0.00s

     Running tests/scale.rs (/tmp/engine-479-sol-target/debug/deps/scale-3f9db68c3e49715a)

running 1 test
test prepares_65_537_tracks_or_rejects_only_the_configured_resource ... ok

test result: ok. 1 passed; 0 failed; 0 ignored; 0 measured; 0 filtered out; finished in 3.22s

     Running tests/track_delay_domain.rs (/tmp/engine-479-sol-target/debug/deps/track_delay_domain-eb932ca786152024)

running 2 tests
test the_descriptor_and_the_schema_publish_the_same_delay_domain ... ok
test a_declared_delay_changes_no_prepared_builtin_byte ... ok

test result: ok. 2 passed; 0 failed; 0 ignored; 0 measured; 0 filtered out; finished in 0.00s

   Doc-tests builtins_compiler

running 0 tests

test result: ok. 0 passed; 0 failed; 0 ignored; 0 measured; 0 filtered out; finished in 0.00s

