   Compiling bytemuck v1.25.2
   Compiling typenum v1.20.1
   Compiling engine v0.1.0 (/home/bl/misofm/engine-gate-detector-access/crates/engine)
   Compiling cpufeatures v0.3.0
   Compiling cfg-if v1.0.4
   Compiling dsp-reference v0.1.0 (/home/bl/misofm/engine-gate-detector-access/crates/dsp-reference)
   Compiling safe_arch v1.2.0
   Compiling wide v1.6.1
   Compiling hybrid-array v0.4.14
   Compiling block-buffer v0.12.1
   Compiling crypto-common v0.2.2
   Compiling digest v0.11.3
   Compiling sha2 v0.11.0
   Compiling bench-support v0.1.0 (/home/bl/misofm/engine-gate-detector-access/tools/bench-support)
   Compiling lane v0.1.0 (/home/bl/misofm/engine-gate-detector-access/crates/lane)
   Compiling math v0.1.0 (/home/bl/misofm/engine-gate-detector-access/crates/math)
   Compiling effect-contract v0.1.0 (/home/bl/misofm/engine-gate-detector-access/crates/effect-contract)
   Compiling effect-runtime v0.1.0 (/home/bl/misofm/engine-gate-detector-access/crates/effect-runtime)
   Compiling conformance v0.1.0 (/home/bl/misofm/engine-gate-detector-access/crates/conformance)
   Compiling gate-expander v0.1.0 (/home/bl/misofm/engine-gate-detector-access/crates/gate-expander)
    Finished `release` profile [optimized + debuginfo] target(s) in 12.97s
     Running tests/identity.rs (/tmp/issue534-luna2-target/release/deps/identity-b3387268cd5fcd71)
