COMMAND: bash scripts/check-env-vocabulary.sh
env vocabulary: ok (98 names, one MISO_ENGINE_ prefix)
EXIT: 0
COMMAND: bash scripts/check-effect-state-migration-v1.sh
effect state migration policy: ok
EXIT: 0
COMMAND: bash scripts/check-dsp-research.sh
dsp research corpus: ok
EXIT: 0
COMMAND: bash scripts/test-env-vocabulary.sh
Git listing assertion: mode=error checker_status=1 partial_required=none
Git listing assertion: mode=full checker_status=1 partial_required=scripts/check-env-vocabulary.sh
Git listing mutant assertion: mode=full assertion_status=86 outcome=named-unexpected-success
env vocabulary mutations: ok
EXIT: 0
COMMAND: bash scripts/test-effect-runtime-policy.sh
effect runtime policy mutations: ok
EXIT: 0
COMMAND: bash scripts/test-dsp-research.sh
dsp research mutations: ok
EXIT: 0
COMMAND: bash scripts/test-gate-lib.sh
graph suffix-stripping counter-mutant rejected by grammar assertion (status 97)
valid partial output
gate policy failure: mutant search failed (rg exit 9)
valid partial output
gate policy failure: mutant filter errored (rg exit 9)
2
gate policy failure: mutant count errored (wc exit 6)
counter-mutant controls exercised: collect required filter count plain
counter-mutant rejected: find (status 1)
counter-mutant rejected: sort (status 1)
counter-mutant rejected: text (status 1)
counter-mutant rejected: unique (status 1)
counter-mutant rejected: join (status 1)
counter-mutant rejected: target (status 1)
gate library tests: ok
EXIT: 0
INTEGRATED GATES TERMINAL PASS
