env selective fault escaped (Git file listing failed): docs/BUILTINS_AND_METERING_V1.md
docs/CONTROL_BTLV_V1.md
docs/CONTROL_PROTOCOL_CONFORMANCE.md
docs/CONTROL_PROTOCOL_REGISTRY.md
docs/CONTROL_PROTOCOL_SEMANTICS.md
docs/CONTROL_PROTOCOL_SIZING.md
docs/CONTROL_PROVIDER_BOUNDARY.md
docs/C_ABI_V1_QUALIFICATION.md
docs/DELIVERY_CODEC_BOUNDARY.md
docs/EFFECT_CONTRACT_V1.md
docs/EFFECT_DESCRIPTOR_WIRE_V1.md
docs/EFFECT_INTERCHANGE_QUALIFICATION_V1.md
docs/EFFECT_OBSERVATION_V1.md
docs/EFFECT_PACKAGE_V1.md
docs/EFFECT_STATE_MIGRATION_V1.md
docs/EFFECT_STATE_V1.md
docs/ENGINE_ENV_VOCABULARY.md
docs/IMPLEMENTATION_PLAN.md
docs/NATIVE_PCM_REFERENCE_RUNNER_V1.md
docs/README.md
docs/REALTIME_DEPENDENCY_POLICY.md
docs/REALTIME_MEMORY.md
docs/SESSION_SCHEMA_V1.md
docs/STEM_IDENTITY_V1.md
docs/STEM_STORE_V1.md
docs/TARGET_MATRIX.md
docs/audits/test-usefulness-2026-09-04/01-foundation.md
docs/audits/test-usefulness-2026-09-04/02-dsp-effects.md
docs/audits/test-usefulness-2026-09-04/03-compilers-hosts-tools.md
docs/audits/test-usefulness-2026-09-04/04-non-rust.md
docs/audits/test-usefulness-2026-09-04/05-rubric.md
docs/audits/test-usefulness-2026-09-04/README.md
docs/derivations/241-browser-source-identities.md
docs/derivations/241-schema-repins.md
docs/derivations/242-parameter-lattice.md
docs/derivations/243-sdk-boot.md
docs/derivations/274-parity-repin.md
docs/derivations/281-qualification-harness-boot.md
docs/research/f64-introduction.md
docs/research/legacy-v2old/00-launch-contract.md
docs/research/legacy-v2old/01-realtime-core.md
docs/research/legacy-v2old/02-numerics-determinism.md
docs/research/legacy-v2old/03-trackbank-simd.md
docs/research/legacy-v2old/04-filters-and-smoothing.md
docs/research/legacy-v2old/05-dynamics-and-oversampling.md
docs/research/legacy-v2old/06-web-audio-runtime.md
docs/research/legacy-v2old/07-plugin-abi-and-content.md
docs/research/legacy-v2old/08-agent-session-api.md
docs/research/legacy-v2old/09-console-domain-model.md
docs/research/legacy-v2old/10-verification-benchmarks.md
docs/research/legacy-v2old/PROVENANCE.md
docs/research/legacy-v2old/sources.json
docs/rulings/README.md
docs/rulings/builtins-input-liveness-d2.md
docs/rulings/bulk-source-submit-null.md
docs/rulings/canonical-json-migration-inventory.md
docs/rulings/compressor-identity-mask-hoist-wasm-null.md
docs/rulings/compressor-idle-lane-guard-console-under-resolved.md
docs/rulings/cross-bank-interleave.md
docs/rulings/d7-check-block-fusion.md
docs/rulings/de-versioning-inventory.md
docs/rulings/effect-floor-accounting.md
docs/rulings/fast-db-tier-boundaries.md
docs/rulings/multiband-ramping-split-boundary.md
docs/rulings/prefix-strip-inventory.md
docs/rulings/simd-wrapper-around-scalar-inner-loop.md
docs/rulings/stationary-smoother-hoist-boundary.md
docs/rulings/unfused-multiply-add-audit.md
docs/rulings/wasm-kernel-timing-interim.md
docs/rulings/wasm-simd8-null.md
docs/rulings/wasm-simd8-survey.md
docs/session-v1.schema.json
scripts/build-web-audioworklet.sh
scripts/builtins-benchmark-record-validator.jq
scripts/builtins-benchmark-validator.jq
scripts/check-abi-layout-v1.py
scripts/check-artifact-evidence-leak.sh
scripts/check-bench-policy.sh
scripts/check-bench-preconditions.sh
scripts/check-browser-expected-resources.py
scripts/check-builtins-fixtures.sh
scripts/check-builtins-listening-033.py
scripts/check-builtins-listening-111.py
scripts/check-builtins-listening.sh
scripts/check-builtins-policy.sh
scripts/check-builtins-targets.sh
scripts/check-capi-abi.sh
scripts/check-ci-path-routing.py
scripts/check-command-kind-vocabulary.py
scripts/check-command-reason-vocabulary.py
scripts/check-conformance-boundaries.sh
scripts/check-console-benchmark-fixture.sh
scripts/check-console-fixtures.sh
scripts/check-cross-targets.sh
scripts/check-dsp-research.sh
scripts/check-effect-contract.sh
scripts/check-effect-descriptor-v1.sh
scripts/check-effect-interchange-benchmark-108.sh
scripts/check-effect-interchange-qualification.sh
scripts/check-effect-interchange-targets.sh
scripts/check-effect-package-v1.sh
scripts/check-effect-runtime-fixtures.sh
scripts/check-effect-runtime-policy.sh
scripts/check-effect-state-migration-v1.sh
scripts/check-env-vocabulary.sh
scripts/check-graph-determinism.sh
scripts/check-graph-policy.sh
scripts/check-host-core-policy.sh
scripts/check-lane-policy.sh
scripts/check-native-pcm-runner.sh
scripts/check-parameter-metadata-v1.py
scripts/check-parametric-eq-render-contract.sh
scripts/check-parametric-eq-targets.sh
scripts/check-protocol-control-policy.sh
scripts/check-protocol-wasm-parity.sh
scripts/check-rack-benchmark-fixture.sh
scripts/check-rack-policy.sh
scripts/check-realtime-audit-leak.sh
scripts/check-realtime-policy.sh
scripts/check-release-shape.py
scripts/check-sdk-deletions.py
scripts/check-sdk-generated.sh
scripts/check-sdk-headless.sh
scripts/check-sdk-types.sh
scripts/check-session-map-shape.py
scripts/check-session-policy.sh
scripts/check-stem-store-v1.mjs
scripts/check-step-vocabulary.py
scripts/check-unfused-seal.sh
scripts/check-wasm-realtime-atomics.sh
scripts/check-web-audioworklet-callgraph.py
scripts/check-web-audioworklet.sh
scripts/check-web-boot-budget.mjs
scripts/check-workspace-policy.sh
scripts/ci-path-router.py
scripts/ci-telemetry.py
scripts/console-benchmark-record-lib.jq
scripts/console-benchmark-record-validator.jq
scripts/console-benchmark-validator.jq
scripts/derive-intended-console-fixture.py
scripts/derive-mono-console-fixture.py
scripts/effect-descriptor-v1-reference.py
scripts/effect-interchange-benchmark-108-validator.py
scripts/effect-interchange-benchmark-validator.py
scripts/effect-interchange-v1-reference.py
scripts/effect-package-v1-reference.py
scripts/effect-state-v1-reference.py
scripts/fixtures/abi-layout-v1-self-test.json
scripts/fixtures/graph-benchmark-validator-record.json
scripts/fixtures/parameter-metadata-v1-self-test.json
scripts/fixtures/protocol-benchmark-validator-record.json
scripts/fixtures/rack-benchmark-validator-record.json
scripts/graph-benchmark-record-validator.jq
scripts/graph-benchmark-validator.jq
scripts/lib/gate.sh
scripts/operator/README.md
scripts/operator/preflight-console-benchmark.sh
scripts/operator/preflight-rack-benchmark.sh
scripts/operator/preflight-wasm-console-benchmark.sh
scripts/operator/prepare-builtins-listening.sh
scripts/operator/probe-opfs-move-v1.cjs
scripts/operator/run-stem-store-browser-evals.cjs
scripts/operator/run-wasm-console-benchmark.sh
scripts/operator/run-wasm-kernel-timing.sh
scripts/operator/seal-web-audioworklet-browser-correctness.sh
scripts/operator/stem-store-eval.html
scripts/parse-npm-trust-list.mjs
scripts/preflight-builtins-benchmark.sh
scripts/preflight-effect-interchange-benchmark.sh
scripts/promote-issue006-graph-benchmark.sh
scripts/protocol-benchmark-record-validator.jq
scripts/protocol-benchmark-validator.jq
scripts/rack-benchmark-record-lib.jq
scripts/rack-benchmark-record-validator.jq
scripts/rack-benchmark-validator.jq
scripts/run-builtins-benchmark.sh
scripts/run-conformance-benchmark.sh
scripts/run-console-benchmark.sh
scripts/run-effect-contract-benchmark.sh
scripts/run-effect-interchange-benchmark.sh
scripts/run-effect-interchange-reference-processes.sh
scripts/run-fp-environment-benchmark.sh
scripts/run-graph-compiler-benchmark.sh
scripts/run-native-vectorization-report.sh
scripts/run-protocol-allocation-audit.sh
scripts/run-protocol-benchmark.sh
scripts/run-protocol-fuzz.sh
scripts/run-rack-benchmark.sh
scripts/run-realtime-benchmark.sh
scripts/run-release-workspace-tests.sh
scripts/run-session-benchmark.sh
scripts/run-wasm-gates.sh
scripts/run-web-audioworklet-browser-correctness.sh
scripts/sdk-package.sh
scripts/session-policy-historical-allowlist.txt
scripts/test-artifact-evidence-leak.sh
scripts/test-bench-policy.sh
scripts/test-builtins-benchmark.sh
scripts/test-builtins-fixtures.sh
scripts/test-builtins-policy.sh
scripts/test-ci-path-routing.py
scripts/test-conformance-boundaries.sh
scripts/test-console-benchmark.sh
scripts/test-dsp-research.sh
scripts/test-effect-descriptor-capi.sh
scripts/test-effect-interchange-benchmark-108-policy.sh
scripts/test-effect-interchange-benchmark.sh
scripts/test-effect-interchange-policy.sh
scripts/test-effect-interchange-reference-runner.sh
scripts/test-effect-interchange-target-export-parser.sh
scripts/test-effect-runtime-fixtures.sh
scripts/test-effect-runtime-policy.sh
scripts/test-env-vocabulary.sh
scripts/test-gate-lib.sh
scripts/test-graph-benchmark.sh
scripts/test-graph-policy.sh
scripts/test-host-core-policy.sh
scripts/test-lane-policy.sh
scripts/test-native-pcm-runner-portability-v1-policy.sh
scripts/test-native-pcm-runner-v1-policy.sh
scripts/test-native-vectorization-report.sh
scripts/test-parse-npm-trust-list.mjs
scripts/test-protocol-benchmark.sh
scripts/test-protocol-control-policy.sh
scripts/test-rack-benchmark.sh
scripts/test-rack-policy.sh
scripts/test-realtime-audit-leak.sh
scripts/test-realtime-audit-probes.sh
scripts/test-realtime-policy.sh
scripts/test-realtime-trace-validator.sh
scripts/test-sdk-artifact-builder-output-contract.sh
scripts/test-session-policy.sh
scripts/test-wasm-console-benchmark.sh
scripts/test-wasm-kernel-timing.sh
scripts/test-web-audioworklet.mjs
scripts/test-web-audioworklet.sh
scripts/test-workspace-policy.sh
scripts/trace-builtins-audit.sh
scripts/trace-builtins-graph-audit.sh
scripts/trace-effect-contract-audit.sh
scripts/trace-graph-audit.sh
scripts/trace-realtime-audit.sh
scripts/trace-source-audit.sh
scripts/validate-realtime-trace.sh
scripts/wasm-console-benchmark-validator.jq
scripts/wasm-kernel-timing-validator.jq
scripts/web-audioworklet-browser-correctness.py
tools/audit/Cargo.toml
tools/audit/VECTORIZATION.md
tools/audit/VECTORIZATION_MUTATIONS.md
tools/audit/fixtures/builtins-audit-v1/MANIFEST.tsv
tools/audit/fixtures/builtins-audit-v1/direct-result.json
tools/audit/fixtures/builtins-audit-v1/direct-schedule.pcm.f32le
tools/audit/fixtures/builtins-audit-v1/graph-meter-sets.jsonl
tools/audit/fixtures/builtins-audit-v1/prepared-chain-state-report.jsonl
tools/audit/src/builtins.rs
tools/audit/src/builtins_fixture_check.rs
tools/audit/src/builtins_graph.rs
tools/audit/src/capi.rs
tools/audit/src/compressor.rs
tools/audit/src/delay.rs
tools/audit/src/fixture_builtins.rs
tools/audit/src/fixture_builtins_listening.rs
tools/audit/src/fp_env.rs
tools/audit/src/gate_expander.rs
tools/audit/src/graph.rs
tools/audit/src/main.rs
tools/audit/src/parametric_eq.rs
tools/audit/src/protocol.rs
tools/audit/src/realtime.rs
tools/audit/src/record.rs
tools/audit/src/source.rs
tools/audit/src/source_duration.rs
tools/audit/src/source_fixture.rs
tools/audit/src/unfused_fma.rs
tools/audit/src/vectorization.rs
tools/audit/vectorization-allowlist.tsv
tools/bench-support/Cargo.toml
tools/bench-support/src/alloc.rs
tools/bench-support/src/digest.rs
tools/bench-support/src/json.rs
tools/bench-support/src/lib.rs
tools/bench-support/src/metadata.rs
tools/bench-support/src/stats.rs
tools/bench-support/src/sysinfo.rs
tools/bench-support/src/timing.rs
tools/bench/CORPUS_MANIFEST.md
tools/bench/Cargo.toml
tools/bench/protocol_benchmark.fbs
tools/bench/src/builtins.rs
tools/bench/src/conformance.rs
tools/bench/src/console.rs
tools/bench/src/effect_contract.rs
tools/bench/src/effect_interchange.rs
tools/bench/src/floor.rs
tools/bench/src/graph.rs
tools/bench/src/main.rs
tools/bench/src/protocol.rs
tools/bench/src/rack.rs
tools/bench/src/session.rs
tools/console-workload/Cargo.toml
tools/console-workload/src/lib.rs
tools/console-workload/tests/automation.rs
tools/console-workload/tests/chain_shape.rs
tools/console-workload/tests/placement.rs
tools/native-pcm-runner/Cargo.toml
tools/native-pcm-runner/MUTATIONS.md
tools/native-pcm-runner/src/lib.rs
tools/native-pcm-runner/src/main.rs
tools/parameter-metadata/Cargo.toml
tools/parameter-metadata/src/abi_layout.rs
tools/parameter-metadata/src/bin/lattice_oracle.rs
tools/parameter-metadata/src/lib.rs
tools/parameter-metadata/src/main.rs
tools/parameter-metadata/tests/abi_layout.rs
tools/parameter-metadata/tests/round_trip.rs
tools/session-validator/Cargo.toml
tools/session-validator/src/lib.rs
tools/session-validator/src/main.rs
tools/session-validator/tests/skill.rs
tools/session-validator/tests/validate.rs
tools/stem-hasher/Cargo.toml
tools/stem-hasher/src/lib.rs
tools/stem-hasher/src/main.rs
tools/stem-hasher/tests/conformance.rs
tools/wasm-console-guest/Cargo.toml
tools/wasm-console-guest/src/lib.rs
tools/wasm-console/Cargo.toml
tools/wasm-console/src/main.rs
tools/wasm-gate-corpus/Cargo.toml
tools/wasm-gate-corpus/src/lane_digests.in
tools/wasm-gate-corpus/src/lib.rs
tools/wasm-gate-guest/Cargo.toml
tools/wasm-gate-guest/src/lib.rs
tools/wasm-gates/Cargo.toml
tools/wasm-gates/MUTATIONS.md
tools/wasm-gates/src/lib.rs
tools/wasm-gates/src/main.rs
tools/wasm-gates/tests/g5_native_corpus.rs
tools/wasm-gates/tests/g6_full_corpus_ftz.rs
env vocabulary: ok (98 names, one MISO_ENGINE_ prefix)
env selective fault escaped (unused-name comparison failed): env vocabulary: ok (98 names, one MISO_ENGINE_ prefix)
env vocabulary mutations: ok
