SUPPLEMENT QUERY A: all toString(16) hits
sdk/src/core/asset.ts:135:        `the engine asset reports ABI 0x${version.toString(16).padStart(8, "0")}, `
sdk/src/core/asset.ts:136:        + `but this SDK was generated against 0x${ABI_LAYOUT.abiVersion.toString(16).padStart(8, "0")}`,
sdk/src/core/boundary.ts:602:    throw new MisoEngineError(`the instance reports ABI 0x${version.toString(16)}`, {
sdk/src/internal/session-json.ts:174:        ? `\\u${code.toString(16).padStart(4, "0").toUpperCase()}`
sdk/test/support.mjs:126:  return hash.toString(16).padStart(16, "0");
SUPPLEMENT QUERY B: all padStart calls on toString(16) lines
sdk/src/core/asset.ts:135:        `the engine asset reports ABI 0x${version.toString(16).padStart(8, "0")}, `
sdk/src/core/asset.ts:136:        + `but this SDK was generated against 0x${ABI_LAYOUT.abiVersion.toString(16).padStart(8, "0")}`,
sdk/src/internal/session-json.ts:174:        ? `\\u${code.toString(16).padStart(4, "0").toUpperCase()}`
sdk/test/support.mjs:126:  return hash.toString(16).padStart(16, "0");
SUPPLEMENT QUERY C: lowercase nibble table candidates
sdk/src/core/hex.ts:1:const HEX_DIGITS = "0123456789abcdef";
sdk/test/boot-evals.mjs:38:    "000123456789abcdefff",
hosts/host-web/web/hex-lower.js:1:const HEX_DIGITS = "0123456789abcdef"
hosts/host-web/tests/stem-store-hash-v1.mjs:13:  "000123456789abcdefff",
crates/engine/src/lib.rs:9:    const HEX: &[u8; 16] = b"0123456789abcdef";
crates/engine/src/lib.rs:106:            "0123456789abcdeff0"
SUPPLEMENT QUERY D: Rust byte formatting and char::from_digit
crates/true-peak-limiter/tests/determinism.rs:66:        let bytes: Vec<String> = scalar.iter().map(|byte| format!("0x{byte:02x}")).collect();
tools/wasm-gates/src/lib.rs:379:            let _ = write!(text, "0x{byte:02X}");
crates/soft-clip/tests/determinism.rs:29:        text.push_str(&format!("0x{byte:02x}, "));
crates/gate-expander/tests/determinism.rs:55:            let bytes: Vec<String> = row.iter().map(|byte| format!("0x{byte:02x},")).collect();
crates/transient-shaper/tests/cross_target.rs:77:            .map(|byte| format!("0x{byte:02x}"))
crates/parametric-eq/tests/determinism.rs:69:        let bytes: Vec<String> = scalar.iter().map(|byte| format!("0x{byte:02x}")).collect();
crates/parametric-eq/tests/determinism.rs:139:        let bytes: Vec<String> = digest.iter().map(|byte| format!("0x{byte:02x}")).collect();
crates/delay/tests/determinism.rs:40:        let bytes: Vec<String> = scalar.iter().map(|byte| format!("0x{byte:02X}")).collect();
crates/delay/tests/determinism.rs:88:        let words: Vec<String> = bytes.iter().map(|byte| format!("0x{byte:02X}")).collect();
crates/builtins/tests/determinism.rs:48:        let bytes: Vec<String> = scalar.iter().map(|byte| format!("0x{byte:02x}")).collect();
crates/effect-runtime/tests/determinism.rs:64:        let bytes: Vec<String> = scalar.iter().map(|b| format!("0x{b:02x}")).collect();
crates/effect-runtime/tests/determinism.rs:132:        let bytes: Vec<String> = digest.iter().map(|b| format!("0x{b:02x}")).collect();
crates/compressor/tests/cross_target.rs:84:        let bytes: Vec<String> = scalar.iter().map(|byte| format!("0x{byte:02x}")).collect();
crates/multiband-compressor/tests/cross_target_digest.rs:46:            repin.push_str(&format!("0x{byte:02x}, "));
SUPPLEMENT CLASSIFICATIONS
asset.ts ABI toString(16).padStart(8) and boundary.ts ABI toString(16) are decorated diagnostics.
session-json.ts uses uppercase \\u escapes; sdk/test/support.mjs formats a fixed-width 64-bit word.
The three nibble tables are engine::hex_lower, SDK hexLower, and host-web hexLower; test literals are fixed expected values.
Every Rust :02x/:02X hit has a 0x decoration and is a diagnostic or repin renderer; char::from_digit has no hits.
