    Checking effect-contract v0.1.0 (/home/bl/misofm/engine-slot-reservation/crates/effect-contract)
    Checking protocol v0.1.0 (/home/bl/misofm/engine-slot-reservation/crates/protocol)
    Checking rack v0.1.0 (/home/bl/misofm/engine-slot-reservation/crates/rack)
    Checking multiband-compressor v0.1.0 (/home/bl/misofm/engine-slot-reservation/crates/multiband-compressor)
    Checking gate-expander v0.1.0 (/home/bl/misofm/engine-slot-reservation/crates/gate-expander)
    Checking true-peak-limiter v0.1.0 (/home/bl/misofm/engine-slot-reservation/crates/true-peak-limiter)
    Checking transient-shaper v0.1.0 (/home/bl/misofm/engine-slot-reservation/crates/transient-shaper)
    Checking soft-clip v0.1.0 (/home/bl/misofm/engine-slot-reservation/crates/soft-clip)
    Checking compressor v0.1.0 (/home/bl/misofm/engine-slot-reservation/crates/compressor)
    Checking delay v0.1.0 (/home/bl/misofm/engine-slot-reservation/crates/delay)
    Checking builtins v0.1.0 (/home/bl/misofm/engine-slot-reservation/crates/builtins)
    Checking effect-package v0.1.0 (/home/bl/misofm/engine-slot-reservation/crates/effect-package)
    Checking parametric-eq v0.1.0 (/home/bl/misofm/engine-slot-reservation/crates/parametric-eq)
    Checking graph v0.1.0 (/home/bl/misofm/engine-slot-reservation/crates/graph)
    Checking rack-compiler v0.1.0 (/home/bl/misofm/engine-slot-reservation/crates/rack-compiler)
    Checking effect-compiler v0.1.0 (/home/bl/misofm/engine-slot-reservation/crates/effect-compiler)
    Checking builtins-compiler v0.1.0 (/home/bl/misofm/engine-slot-reservation/crates/builtins-compiler)
    Checking source v0.1.0 (/home/bl/misofm/engine-slot-reservation/crates/source)
    Checking graph-compiler v0.1.0 (/home/bl/misofm/engine-slot-reservation/crates/graph-compiler)
    Checking host-core v0.1.0 (/home/bl/misofm/engine-slot-reservation/crates/host-core)
    Checking capi v0.1.0 (/home/bl/misofm/engine-slot-reservation/crates/capi)
    Finished `dev` profile [unoptimized + debuginfo] target(s) in 2.05s
