scripts/check-browser-expected-resources.py: line 40: hosts/host-web/tests/browser-v1/expected.json: Permission denied
scripts/check-browser-expected-resources.py: line 40: wasm32-unknown-unknown: command not found
usage: web-audioworklet-browser-correctness.py [-h] [--check]
                                               [--self-test-webdriver-responses]
                                               [--seal]
                                               [--seal-input SEAL_INPUT]
                                               [--artifacts ARTIFACTS]
                                               [--output OUTPUT]
                                               [--browser BROWSER]
                                               [--driver DRIVER]
web-audioworklet-browser-correctness.py: error: check mode requires --artifacts
scripts/check-browser-expected-resources.py: line 40: builtinRetainedBytes: command not found
scripts/check-browser-expected-resources.py: line 40: graphSessionPlusPlanBytes: command not found
scripts/check-browser-expected-resources.py: line 40: crates/capi/tests/resource_lifecycle.rs: Permission denied
scripts/check-browser-expected-resources.py: line 40: bridgeMetadataBytes: command not found
scripts/check-browser-expected-resources.py: line 40: bridgeRetainedBytes: command not found
scripts/check-browser-expected-resources.py: line 40: Track: No such file or directory
scripts/check-browser-expected-resources.py: line 40: ChannelBuiltins: command not found
scripts/check-browser-expected-resources.py: line 40: , delay_samples = 0: command not found
scripts/check-browser-expected-resources.py: line 40: sessionDocumentBytes: command not found
scripts/check-browser-expected-resources.py: line 40: direct-oracle.mjs: command not found
scripts/check-browser-expected-resources.py: line 40: expected.json: command not found
scripts/check-browser-expected-resources.py: line 40: directOracle: command not found
scripts/check-browser-expected-resources.py: line 40: session.json: command not found
scripts/check-browser-expected-resources.py: line 40: AudioWorkletEngineHost: command not found
scripts/check-browser-expected-resources.py: line 40: WebBootOptions: command not found
scripts/check-browser-expected-resources.py: line 40: examples/browser_fixture_resources.rs: No such file or directory
scripts/check-browser-expected-resources.py: line 40: $'The browser-correctness resource-row staleness tripwire (issue #217).\n\n pins the *resource report* of the\nshipped  simd128 worklet module alongside its PCM digests. The digests are\ngated from three directions; the resource rows had exactly one consumer --\n -- and that harness is not a sweep row,\nbecause its sibling modes need a browser and the sweep\'s charter excludes browsers.\n\nSo the rows went stale, twice, with every gate green:\n\n* d6674ce (#212, Strip Job 1) moved  706 -> 722 and\n   20524 -> 20492. #212 re-pinned its *native* mirror\n  () in the same commit; the browser pin has\n  no such mirror and was missed.\n* 0fb9325 (#216, Strip Job 2) moved them again, 722 -> 802 and 20492 -> 30374.\n\n#210 phase 2 (track delay) moved  3809 -> 3855 and \n1075185 -> 1075231, and re-pinned them here in the same commit. Both moved by the same 46: the\nbridge\'s retained session model grew by  (16 -> 20 bytes per lane\'s\n, so +8 per track) plus the fixture\'s canonical text (one track, two lanes,\n, +38). Issue #240 changes  to the exact staged document,\nso the boot-v1 re-pin deliberately moves that row.\n\nBetween them, thirty-three merges moved nothing: this is not accumulated drift, it is two\nun-re-pinned commits, and one gate red at either would have ended it.\n\n**What this gate is.** Two witnesses of the same fixture compile, and no browser in either:\n\n1. *The wasm32 leg, which is the one that catches the drift.* Build the simd128 module, run the\n   fixture\'s own  under Node in  mode -- the\n   house\'s derivation instrument, the same one a re-pin is read off -- and require the printed\n   document to equal \'s  exactly. Node and a Wasm build, no browser,\n   no WebDriver, no audio device.\n2. *The native leg, which keeps the first one honest about what it is proving.* Compile the same\n    through the same  facade with the same\n    the oracle writes --  -- and check\n   each row against the wasm32 answer according to the class it is declared in.\n\n**Why the native leg cannot simply be the gate.** The obvious cheap tripwire is compile': command not found
scripts/check-browser-expected-resources.py: line 41: expected.json: command not found
scripts/check-browser-expected-resources.py: line 41: size_of: command not found
scripts/check-browser-expected-resources.py: line 41: Vec: command not found
scripts/check-browser-expected-resources.py: line 41: usize: command not found
scripts/check-browser-expected-resources.py: line 41: graph_metadata_bytes: command not found
scripts/check-browser-expected-resources.py: line 41: GraphNode: No such file or directory
scripts/check-browser-expected-resources.py: line 41: Lane::LANES: command not found
scripts/check-browser-expected-resources.py: line 41: +avx2: command not found
scripts/check-browser-expected-resources.py: line 41: BACKEND_SIMD128: command not found
scripts/check-browser-expected-resources.py: line 41: BACKEND_SCALAR: command not found
scripts/check-browser-expected-resources.py: command substitution: line 42: syntax error: unexpected end of file
scripts/check-browser-expected-resources.py: line 41: target_arch: command not found
scripts/check-browser-expected-resources.py: line 41: --self-test: command not found
scripts/check-browser-expected-resources.py: line 41: fixture: command not found
scripts/check-browser-expected-resources.py: line 71: from: command not found
scripts/check-browser-expected-resources.py: line 73: import: command not found
scripts/check-browser-expected-resources.py: line 74: import: command not found
scripts/check-browser-expected-resources.py: line 75: import: command not found
scripts/check-browser-expected-resources.py: line 76: import: command not found
scripts/check-browser-expected-resources.py: line 77: import: command not found
scripts/check-browser-expected-resources.py: line 78: import: command not found
scripts/check-browser-expected-resources.py: line 79: import: command not found
scripts/check-browser-expected-resources.py: line 80: import: command not found
scripts/check-browser-expected-resources.py: line 81: import: command not found
scripts/check-browser-expected-resources.py: line 83: syntax error near unexpected token `('
scripts/check-browser-expected-resources.py: line 83: `REPO = pathlib.Path(__file__).resolve().parent.parent'
