   Compiling version_check v0.9.5
   Compiling proc-macro2 v1.0.107
    Checking lexical-util v1.0.7
   Compiling libc v0.2.189
   Compiling quote v1.0.47
   Compiling unicode-ident v1.0.24
    Checking bytemuck v1.25.2
    Checking cfg-if v1.0.4
    Checking engine v0.1.0 (/home/bl/misofm/engine-485-error-propagation/crates/engine)
   Compiling syn v1.0.109
    Checking typenum v1.20.1
    Checking once_cell v1.21.4
   Compiling autocfg v1.5.1
    Checking math v0.1.0 (/home/bl/misofm/engine-485-error-propagation/crates/math)
    Checking smallvec v1.15.2
    Checking locspan v0.8.2
    Checking decoded-char v0.1.1
    Checking utf8-decode v1.0.1
    Checking cpufeatures v0.3.0
    Checking safe_arch v1.2.0
    Checking smallstr v0.3.1
   Compiling proc-macro-error-attr v1.0.4
   Compiling ahash v0.7.8
   Compiling proc-macro-error v1.0.4
   Compiling indexmap v1.9.3
    Checking lexical-parse-integer v1.0.6
    Checking lexical-write-integer v1.0.6
    Checking wide v1.6.1
    Checking lexical-parse-float v1.0.6
    Checking lexical-write-float v1.0.6
    Checking hybrid-array v0.4.14
    Checking lexical-core v1.0.6
    Checking getrandom v0.2.17
    Checking lexical v7.0.5
    Checking json-number v0.4.10
    Checking hashbrown v0.12.3
    Checking crypto-common v0.2.2
    Checking block-buffer v0.12.1
    Checking digest v0.11.3
    Checking sha2 v0.11.0
   Compiling locspan-derive v0.6.0
    Checking json-syntax v0.12.5
    Checking session v0.1.0 (/home/bl/misofm/engine-485-error-propagation/crates/session)
    Checking lane v0.1.0 (/home/bl/misofm/engine-485-error-propagation/crates/lane)
    Checking effect-contract v0.1.0 (/home/bl/misofm/engine-485-error-propagation/crates/effect-contract)
    Checking rack v0.1.0 (/home/bl/misofm/engine-485-error-propagation/crates/rack)
    Checking builtins v0.1.0 (/home/bl/misofm/engine-485-error-propagation/crates/builtins)
    Checking graph v0.1.0 (/home/bl/misofm/engine-485-error-propagation/crates/graph)
    Checking rack-compiler v0.1.0 (/home/bl/misofm/engine-485-error-propagation/crates/rack-compiler)
    Checking builtins-compiler v0.1.0 (/home/bl/misofm/engine-485-error-propagation/crates/builtins-compiler)
    Finished `dev` profile [unoptimized + debuginfo] target(s) in 3.07s
