   Compiling lexical-util v1.0.7
   Compiling bytemuck v1.25.2
   Compiling cfg-if v1.0.4
   Compiling engine v0.1.0 (/home/bl/misofm/engine-485-error-propagation/crates/engine)
   Compiling once_cell v1.21.4
   Compiling typenum v1.20.1
   Compiling math v0.1.0 (/home/bl/misofm/engine-485-error-propagation/crates/math)
   Compiling smallvec v1.15.2
   Compiling decoded-char v0.1.1
   Compiling utf8-decode v1.0.1
   Compiling locspan v0.8.2
   Compiling cpufeatures v0.3.0
   Compiling libc v0.2.189
   Compiling safe_arch v1.2.0
   Compiling smallstr v0.3.1
   Compiling lexical-write-integer v1.0.6
   Compiling lexical-parse-integer v1.0.6
   Compiling wide v1.6.1
   Compiling lexical-parse-float v1.0.6
   Compiling lexical-write-float v1.0.6
   Compiling hybrid-array v0.4.14
   Compiling getrandom v0.2.17
   Compiling ahash v0.7.8
   Compiling lexical-core v1.0.6
   Compiling hashbrown v0.12.3
   Compiling lexical v7.0.5
   Compiling json-number v0.4.10
   Compiling crypto-common v0.2.2
   Compiling block-buffer v0.12.1
   Compiling indexmap v1.9.3
   Compiling json-syntax v0.12.5
   Compiling digest v0.11.3
   Compiling sha2 v0.11.0
   Compiling session v0.1.0 (/home/bl/misofm/engine-485-error-propagation/crates/session)
   Compiling lane v0.1.0 (/home/bl/misofm/engine-485-error-propagation/crates/lane)
   Compiling effect-contract v0.1.0 (/home/bl/misofm/engine-485-error-propagation/crates/effect-contract)
   Compiling rack v0.1.0 (/home/bl/misofm/engine-485-error-propagation/crates/rack)
   Compiling builtins v0.1.0 (/home/bl/misofm/engine-485-error-propagation/crates/builtins)
   Compiling graph v0.1.0 (/home/bl/misofm/engine-485-error-propagation/crates/graph)
   Compiling rack-compiler v0.1.0 (/home/bl/misofm/engine-485-error-propagation/crates/rack-compiler)
   Compiling builtins-compiler v0.1.0 (/home/bl/misofm/engine-485-error-propagation/crates/builtins-compiler)
    Finished `test` profile [unoptimized + debuginfo] target(s) in 5.34s
     Running unittests src/lib.rs (target/debug/deps/builtins_compiler-5ff1d293b1f7fb6b)

running 1 test
test tests::scalar_invalid_envelope_leaves_the_later_matrix_queue_untouched ... ok

test result: ok. 1 passed; 0 failed; 0 ignored; 0 measured; 37 filtered out; finished in 0.00s

