diff --git a/crates/builtins-compiler/src/lib.rs b/crates/builtins-compiler/src/lib.rs
index d9d73897..4a5b1039 100644
--- a/crates/builtins-compiler/src/lib.rs
+++ b/crates/builtins-compiler/src/lib.rs
@@ -4,13 +4,13 @@
 use core::num::NonZeroUsize;
 use std::collections::{BTreeMap, BTreeSet};
 
-#[cfg(feature = "test-support")]
+#[cfg(any(test, feature = "test-support"))]
 use core::sync::atomic::{AtomicBool, Ordering};
 
 #[cfg(test)]
 use builtins::builtin_filter_cutoff_maximum_hz;
 
-#[cfg(feature = "test-support")]
+#[cfg(any(test, feature = "test-support"))]
 use std::sync::Mutex;
 
 use sha2::{Digest, Sha256};
@@ -1271,13 +1271,13 @@ type ConsumerSeal = (u64, Box<str>, MeterTap);
 /// Test-only phase-two allocation accounting.  The production resource report deliberately
 /// remains a layout calculation; this probe independently observes the allocator requests made
 /// after phase-one validation has accepted the artifact.
-#[cfg(feature = "test-support")]
+#[cfg(any(test, feature = "test-support"))]
 static TEST_PHASE_TWO_ACTIVE: AtomicBool = AtomicBool::new(false);
-#[cfg(feature = "test-support")]
+#[cfg(any(test, feature = "test-support"))]
 static TEST_PHASE_TWO_LAYOUTS: Mutex<TestPhaseTwoLayoutTable> =
     Mutex::new(TestPhaseTwoLayoutTable::new());
 
-#[cfg(feature = "test-support")]
+#[cfg(any(test, feature = "test-support"))]
 struct TestPhaseTwoLayoutTable {
     values: [BuiltinRetainedLayout; BUILTIN_RETAINED_LAYOUT_CLASS_CAPACITY],
     len: usize,
@@ -1287,7 +1287,7 @@ struct TestPhaseTwoLayoutTable {
     deallocation_len: usize,
 }
 
-#[cfg(feature = "test-support")]
+#[cfg(any(test, feature = "test-support"))]
 impl TestPhaseTwoLayoutTable {
     const fn new() -> Self {
         Self {
@@ -1362,7 +1362,7 @@ impl TestPhaseTwoLayoutTable {
 }
 
 /// Independent test-only phase-two allocation observation.
-#[cfg(feature = "test-support")]
+#[cfg(any(test, feature = "test-support"))]
 #[derive(Clone, Debug, Eq, PartialEq)]
 #[doc(hidden)]
 pub struct TestPhaseTwoAllocationSnapshot {
@@ -1375,7 +1375,7 @@ pub struct TestPhaseTwoAllocationSnapshot {
     pub deallocation_layouts: Vec<BuiltinRetainedLayout>,
 }
 
-#[cfg(feature = "test-support")]
+#[cfg(any(test, feature = "test-support"))]
 #[doc(hidden)]
 pub fn test_only_reset_phase_two_allocation_tracker() {
     TEST_PHASE_TWO_ACTIVE.store(false, Ordering::SeqCst);
@@ -1385,7 +1385,7 @@ pub fn test_only_reset_phase_two_allocation_tracker() {
     SCALAR_OUTER_LIFETIME.with(|value| value.set([0; 3]));
 }
 
-#[cfg(feature = "test-support")]
+#[cfg(any(test, feature = "test-support"))]
 #[doc(hidden)]
 pub fn test_only_record_phase_two_allocation(layout: core::alloc::Layout) {
     if !TEST_PHASE_TWO_ACTIVE.load(Ordering::Relaxed) {
@@ -1396,7 +1396,7 @@ pub fn test_only_record_phase_two_allocation(layout: core::alloc::Layout) {
     }
 }
 
-#[cfg(feature = "test-support")]
+#[cfg(any(test, feature = "test-support"))]
 #[doc(hidden)]
 pub fn test_only_record_phase_two_deallocation(layout: core::alloc::Layout) {
     if !TEST_PHASE_TWO_ACTIVE.load(Ordering::Relaxed) {
@@ -1407,7 +1407,7 @@ pub fn test_only_record_phase_two_deallocation(layout: core::alloc::Layout) {
     }
 }
 
-#[cfg(feature = "test-support")]
+#[cfg(any(test, feature = "test-support"))]
 #[doc(hidden)]
 pub fn test_only_phase_two_allocation_snapshot() -> TestPhaseTwoAllocationSnapshot {
     let table = TEST_PHASE_TWO_LAYOUTS
@@ -1447,16 +1447,16 @@ pub fn test_only_phase_two_allocation_snapshot() -> TestPhaseTwoAllocationSnapsh
     }
 }
 
-#[cfg(feature = "test-support")]
+#[cfg(any(test, feature = "test-support"))]
 struct TestPhaseTwoAllocationGuard;
-#[cfg(feature = "test-support")]
+#[cfg(any(test, feature = "test-support"))]
 impl TestPhaseTwoAllocationGuard {
     fn begin() -> Self {
         TEST_PHASE_TWO_ACTIVE.store(true, Ordering::SeqCst);
         Self
     }
 }
-#[cfg(feature = "test-support")]
+#[cfg(any(test, feature = "test-support"))]
 #[doc(hidden)]
 pub fn test_only_begin_phase_two_allocation_observation() -> impl Drop {
     TestPhaseTwoAllocationGuard::begin()
@@ -1477,7 +1477,7 @@ pub fn test_only_scalar_owner_layouts() -> [BuiltinRetainedLayout; 3] {
         layout(core::alloc::Layout::new::<ScalarPairProcessor>()),
     ]
 }
-#[cfg(feature = "test-support")]
+#[cfg(any(test, feature = "test-support"))]
 impl Drop for TestPhaseTwoAllocationGuard {
     fn drop(&mut self) {
         TEST_PHASE_TWO_ACTIVE.store(false, Ordering::SeqCst);
