   Compiling math v0.1.0 (/home/bl/misofm/engine-rt5-ramp-plan/crates/math)
   Compiling version_check v0.9.5
   Compiling lexical-util v1.0.7
   Compiling proc-macro2 v1.0.107
   Compiling quote v1.0.47
   Compiling libc v0.2.189
   Compiling unicode-ident v1.0.24
   Compiling syn v1.0.109
   Compiling once_cell v1.21.4
   Compiling autocfg v1.5.1
   Compiling smallvec v1.15.2
   Compiling decoded-char v0.1.1
   Compiling utf8-decode v1.0.1
   Compiling locspan v0.8.2
   Compiling smallstr v0.3.1
   Compiling ahash v0.7.8
   Compiling proc-macro-error-attr v1.0.4
   Compiling proc-macro-error v1.0.4
   Compiling indexmap v1.9.3
   Compiling effect-contract v0.1.0 (/home/bl/misofm/engine-rt5-ramp-plan/crates/effect-contract)
   Compiling effect-runtime v0.1.0 (/home/bl/misofm/engine-rt5-ramp-plan/crates/effect-runtime)
   Compiling lexical-parse-integer v1.0.6
   Compiling lexical-write-integer v1.0.6
   Compiling lexical-parse-float v1.0.6
   Compiling lexical-write-float v1.0.6
   Compiling rack v0.1.0 (/home/bl/misofm/engine-rt5-ramp-plan/crates/rack)
   Compiling compressor v0.1.0 (/home/bl/misofm/engine-rt5-ramp-plan/crates/compressor)
   Compiling gate-expander v0.1.0 (/home/bl/misofm/engine-rt5-ramp-plan/crates/gate-expander)
   Compiling soft-clip v0.1.0 (/home/bl/misofm/engine-rt5-ramp-plan/crates/soft-clip)
   Compiling multiband-compressor v0.1.0 (/home/bl/misofm/engine-rt5-ramp-plan/crates/multiband-compressor)
   Compiling transient-shaper v0.1.0 (/home/bl/misofm/engine-rt5-ramp-plan/crates/transient-shaper)
   Compiling true-peak-limiter v0.1.0 (/home/bl/misofm/engine-rt5-ramp-plan/crates/true-peak-limiter)
   Compiling delay v0.1.0 (/home/bl/misofm/engine-rt5-ramp-plan/crates/delay)
   Compiling parametric-eq v0.1.0 (/home/bl/misofm/engine-rt5-ramp-plan/crates/parametric-eq)
   Compiling builtins v0.1.0 (/home/bl/misofm/engine-rt5-ramp-plan/crates/builtins)
   Compiling lexical-core v1.0.6
   Compiling getrandom v0.2.17
   Compiling lexical v7.0.5
   Compiling json-number v0.4.10
   Compiling hashbrown v0.12.3
   Compiling graph v0.1.0 (/home/bl/misofm/engine-rt5-ramp-plan/crates/graph)
   Compiling rack-compiler v0.1.0 (/home/bl/misofm/engine-rt5-ramp-plan/crates/rack-compiler)
   Compiling effect-package v0.1.0 (/home/bl/misofm/engine-rt5-ramp-plan/crates/effect-package)
   Compiling locspan-derive v0.6.0
   Compiling json-syntax v0.12.5
   Compiling session v0.1.0 (/home/bl/misofm/engine-rt5-ramp-plan/crates/session)
   Compiling builtins-compiler v0.1.0 (/home/bl/misofm/engine-rt5-ramp-plan/crates/builtins-compiler)
   Compiling effect-compiler v0.1.0 (/home/bl/misofm/engine-rt5-ramp-plan/crates/effect-compiler)
   Compiling source v0.1.0 (/home/bl/misofm/engine-rt5-ramp-plan/crates/source)
   Compiling graph-compiler v0.1.0 (/home/bl/misofm/engine-rt5-ramp-plan/crates/graph-compiler)
   Compiling host-core v0.1.0 (/home/bl/misofm/engine-rt5-ramp-plan/crates/host-core)
    Finished `test` profile [unoptimized + debuginfo] target(s) in 3.43s
     Running tests/input_liveness_console.rs (target/debug/deps/input_liveness_console-714cf15c1aa4b7de)
