artifacts/issue587-artifact-qualification/01-repin-probe.command.txt: OK
artifacts/issue587-artifact-qualification/01-repin-probe.context.txt: OK
artifacts/issue587-artifact-qualification/01-repin-probe.exit.txt: OK
artifacts/issue587-artifact-qualification/01-repin-probe.stderr: OK
artifacts/issue587-artifact-qualification/01-repin-probe.stderr.raw.gz: OK
artifacts/issue587-artifact-qualification/01-repin-probe.stdout: OK
artifacts/issue587-artifact-qualification/01-repin-probe.stdout.raw.gz: OK
artifacts/issue587-artifact-qualification/02-prepin-build.command.txt: OK
artifacts/issue587-artifact-qualification/02-prepin-build.context.txt: OK
artifacts/issue587-artifact-qualification/02-prepin-build.exit.txt: OK
artifacts/issue587-artifact-qualification/02-prepin-build.sha256: OK
artifacts/issue587-artifact-qualification/02-prepin-build.stderr: OK
artifacts/issue587-artifact-qualification/02-prepin-build.stderr.raw.gz: OK
artifacts/issue587-artifact-qualification/02-prepin-build.stdout: OK
artifacts/issue587-artifact-qualification/02-prepin-build.stdout.raw.gz: OK
artifacts/issue587-artifact-qualification/03-prepin-check-web.command.txt: OK
artifacts/issue587-artifact-qualification/03-prepin-check-web.context.txt: OK
artifacts/issue587-artifact-qualification/03-prepin-check-web.exit.txt: OK
artifacts/issue587-artifact-qualification/03-prepin-check-web.stderr: OK
artifacts/issue587-artifact-qualification/03-prepin-check-web.stderr.raw.gz: OK
artifacts/issue587-artifact-qualification/03-prepin-check-web.stdout: OK
artifacts/issue587-artifact-qualification/03-prepin-check-web.stdout.raw.gz: OK
artifacts/issue587-artifact-qualification/04-prepin-browser-resources.command.txt: OK
artifacts/issue587-artifact-qualification/04-prepin-browser-resources.context.txt: OK
artifacts/issue587-artifact-qualification/04-prepin-browser-resources.exit.txt: OK
artifacts/issue587-artifact-qualification/04-prepin-browser-resources.stderr: OK
artifacts/issue587-artifact-qualification/04-prepin-browser-resources.stderr.raw.gz: OK
artifacts/issue587-artifact-qualification/04-prepin-browser-resources.stdout: OK
artifacts/issue587-artifact-qualification/04-prepin-browser-resources.stdout.raw.gz: OK
artifacts/issue587-artifact-qualification/05-pin-and-build.command.txt: OK
artifacts/issue587-artifact-qualification/05-pin-and-build.context.txt: OK
artifacts/issue587-artifact-qualification/05-pin-and-build.exit.txt: OK
artifacts/issue587-artifact-qualification/05-pin-and-build.sha256: OK
artifacts/issue587-artifact-qualification/05-pin-and-build.stderr: OK
artifacts/issue587-artifact-qualification/05-pin-and-build.stderr.raw.gz: OK
artifacts/issue587-artifact-qualification/05-pin-and-build.stdout: OK
artifacts/issue587-artifact-qualification/05-pin-and-build.stdout.raw.gz: OK
artifacts/issue587-artifact-qualification/06-exact-six-file-match.command.txt: OK
artifacts/issue587-artifact-qualification/06-exact-six-file-match.context.txt: OK
artifacts/issue587-artifact-qualification/06-exact-six-file-match.exit.txt: OK
artifacts/issue587-artifact-qualification/06-exact-six-file-match.stderr: OK
artifacts/issue587-artifact-qualification/06-exact-six-file-match.stderr.raw.gz: OK
artifacts/issue587-artifact-qualification/06-exact-six-file-match.stdout: OK
artifacts/issue587-artifact-qualification/06-exact-six-file-match.stdout.raw.gz: OK
artifacts/issue587-artifact-qualification/07-final-check-web.command.txt: OK
artifacts/issue587-artifact-qualification/07-final-check-web.context.txt: OK
artifacts/issue587-artifact-qualification/07-final-check-web.exit.txt: OK
artifacts/issue587-artifact-qualification/07-final-check-web.stderr: OK
artifacts/issue587-artifact-qualification/07-final-check-web.stderr.raw.gz: OK
artifacts/issue587-artifact-qualification/07-final-check-web.stdout: OK
artifacts/issue587-artifact-qualification/07-final-check-web.stdout.raw.gz: OK
artifacts/issue587-artifact-qualification/08-final-browser-resources.command.txt: OK
artifacts/issue587-artifact-qualification/08-final-browser-resources.context.txt: OK
artifacts/issue587-artifact-qualification/08-final-browser-resources.exit.txt: OK
artifacts/issue587-artifact-qualification/08-final-browser-resources.stderr: OK
artifacts/issue587-artifact-qualification/08-final-browser-resources.stderr.raw.gz: OK
artifacts/issue587-artifact-qualification/08-final-browser-resources.stdout: OK
artifacts/issue587-artifact-qualification/08-final-browser-resources.stdout.raw.gz: OK
artifacts/issue587-artifact-qualification/09-qualification-npm-ci.command.txt: OK
artifacts/issue587-artifact-qualification/09-qualification-npm-ci.context.txt: OK
artifacts/issue587-artifact-qualification/09-qualification-npm-ci.exit.txt: OK
artifacts/issue587-artifact-qualification/09-qualification-npm-ci.stderr: OK
artifacts/issue587-artifact-qualification/09-qualification-npm-ci.stderr.raw.gz: OK
artifacts/issue587-artifact-qualification/09-qualification-npm-ci.stdout: OK
artifacts/issue587-artifact-qualification/09-qualification-npm-ci.stdout.raw.gz: OK
artifacts/issue587-artifact-qualification/10-sdk-npm-ci.command.txt: OK
artifacts/issue587-artifact-qualification/10-sdk-npm-ci.context.txt: OK
artifacts/issue587-artifact-qualification/10-sdk-npm-ci.exit.txt: OK
artifacts/issue587-artifact-qualification/10-sdk-npm-ci.stderr: OK
artifacts/issue587-artifact-qualification/10-sdk-npm-ci.stderr.raw.gz: OK
artifacts/issue587-artifact-qualification/10-sdk-npm-ci.stdout: OK
artifacts/issue587-artifact-qualification/10-sdk-npm-ci.stdout.raw.gz: OK
artifacts/issue587-artifact-qualification/11-sdk-package.command.txt: OK
artifacts/issue587-artifact-qualification/11-sdk-package.context.txt: OK
artifacts/issue587-artifact-qualification/11-sdk-package.exit.txt: OK
artifacts/issue587-artifact-qualification/11-sdk-package.stderr: OK
artifacts/issue587-artifact-qualification/11-sdk-package.stderr.raw.gz: OK
artifacts/issue587-artifact-qualification/11-sdk-package.stdout: OK
artifacts/issue587-artifact-qualification/11-sdk-package.stdout.raw.gz: OK
artifacts/issue587-artifact-qualification/12-browser-qualification.command.txt: OK
artifacts/issue587-artifact-qualification/12-browser-qualification.context.txt: OK
artifacts/issue587-artifact-qualification/12-browser-qualification.exit.txt: OK
artifacts/issue587-artifact-qualification/12-browser-qualification.stderr: OK
artifacts/issue587-artifact-qualification/12-browser-qualification.stderr.raw.gz: OK
artifacts/issue587-artifact-qualification/12-browser-qualification.stdout: OK
artifacts/issue587-artifact-qualification/12-browser-qualification.stdout.raw.gz: OK
artifacts/issue587-artifact-qualification/13-matrix-check.command.txt: OK
artifacts/issue587-artifact-qualification/13-matrix-check.context.txt: OK
artifacts/issue587-artifact-qualification/13-matrix-check.exit.txt: OK
artifacts/issue587-artifact-qualification/13-matrix-check.stderr: OK
artifacts/issue587-artifact-qualification/13-matrix-check.stderr.raw.gz: OK
artifacts/issue587-artifact-qualification/13-matrix-check.stdout: OK
artifacts/issue587-artifact-qualification/13-matrix-check.stdout.raw.gz: OK
artifacts/issue587-artifact-qualification/14-artifact-evidence-leak.command.txt: OK
artifacts/issue587-artifact-qualification/14-artifact-evidence-leak.context.txt: OK
artifacts/issue587-artifact-qualification/14-artifact-evidence-leak.exit.txt: OK
artifacts/issue587-artifact-qualification/14-artifact-evidence-leak.stderr: OK
artifacts/issue587-artifact-qualification/14-artifact-evidence-leak.stderr.raw.gz: OK
artifacts/issue587-artifact-qualification/14-artifact-evidence-leak.stdout: OK
artifacts/issue587-artifact-qualification/14-artifact-evidence-leak.stdout.raw.gz: OK
artifacts/issue587-artifact-qualification/15-artifact-evidence-leak-self-test.command.txt: OK
artifacts/issue587-artifact-qualification/15-artifact-evidence-leak-self-test.context.txt: OK
artifacts/issue587-artifact-qualification/15-artifact-evidence-leak-self-test.exit.txt: OK
artifacts/issue587-artifact-qualification/15-artifact-evidence-leak-self-test.stderr: OK
artifacts/issue587-artifact-qualification/15-artifact-evidence-leak-self-test.stderr.raw.gz: OK
artifacts/issue587-artifact-qualification/15-artifact-evidence-leak-self-test.stdout: OK
artifacts/issue587-artifact-qualification/15-artifact-evidence-leak-self-test.stdout.raw.gz: OK
artifacts/issue587-artifact-qualification/README.md: OK
