   Compiling bytemuck v1.25.2
   Compiling engine v0.1.0 (/home/bl/misofm/engine-420/crates/engine)
   Compiling version_check v0.9.5
   Compiling cfg-if v1.0.4
   Compiling lexical-util v1.0.7
   Compiling proc-macro2 v1.0.107
   Compiling quote v1.0.47
   Compiling unicode-ident v1.0.24
   Compiling libc v0.2.189
   Compiling typenum v1.20.1
   Compiling syn v1.0.109
   Compiling once_cell v1.21.4
   Compiling autocfg v1.5.1
   Compiling smallvec v1.15.2
   Compiling utf8-decode v1.0.1
   Compiling locspan v0.8.2
   Compiling decoded-char v0.1.1
   Compiling cpufeatures v0.3.0
   Compiling semver v1.0.28
   Compiling dsp-reference v0.1.0 (/home/bl/misofm/engine-420/crates/dsp-reference)
   Compiling bitflags v2.13.1
   Compiling safe_arch v1.2.0
   Compiling proc-macro-error-attr v1.0.4
   Compiling ahash v0.7.8
   Compiling proc-macro-error v1.0.4
   Compiling rustc_version v0.4.1
   Compiling smallstr v0.3.1
   Compiling indexmap v1.9.3
   Compiling flatbuffers v25.12.19
   Compiling wide v1.6.1
   Compiling lexical-write-integer v1.0.6
   Compiling lexical-parse-integer v1.0.6
   Compiling lexical-parse-float v1.0.6
   Compiling lexical-write-float v1.0.6
   Compiling hybrid-array v0.4.14
   Compiling getrandom v0.2.17
   Compiling lexical-core v1.0.6
   Compiling lexical v7.0.5
   Compiling hashbrown v0.12.3
   Compiling json-number v0.4.10
   Compiling block-buffer v0.12.1
   Compiling crypto-common v0.2.2
   Compiling digest v0.11.3
   Compiling sha2 v0.11.0
   Compiling locspan-derive v0.6.0
   Compiling bench-support v0.1.0 (/home/bl/misofm/engine-420/tools/bench-support)
   Compiling json-syntax v0.12.5
   Compiling session v0.1.0 (/home/bl/misofm/engine-420/crates/session)
   Compiling protocol v0.1.0 (/home/bl/misofm/engine-420/crates/protocol)
   Compiling lane v0.1.0 (/home/bl/misofm/engine-420/crates/lane)
   Compiling math v0.1.0 (/home/bl/misofm/engine-420/crates/math)
   Compiling effect-contract v0.1.0 (/home/bl/misofm/engine-420/crates/effect-contract)
   Compiling effect-runtime v0.1.0 (/home/bl/misofm/engine-420/crates/effect-runtime)
   Compiling rack v0.1.0 (/home/bl/misofm/engine-420/crates/rack)
   Compiling soft-clip v0.1.0 (/home/bl/misofm/engine-420/crates/soft-clip)
   Compiling delay v0.1.0 (/home/bl/misofm/engine-420/crates/delay)
   Compiling gate-expander v0.1.0 (/home/bl/misofm/engine-420/crates/gate-expander)
   Compiling transient-shaper v0.1.0 (/home/bl/misofm/engine-420/crates/transient-shaper)
   Compiling compressor v0.1.0 (/home/bl/misofm/engine-420/crates/compressor)
   Compiling true-peak-limiter v0.1.0 (/home/bl/misofm/engine-420/crates/true-peak-limiter)
   Compiling parametric-eq v0.1.0 (/home/bl/misofm/engine-420/crates/parametric-eq)
   Compiling builtins v0.1.0 (/home/bl/misofm/engine-420/crates/builtins)
   Compiling multiband-compressor v0.1.0 (/home/bl/misofm/engine-420/crates/multiband-compressor)
   Compiling conformance v0.1.0 (/home/bl/misofm/engine-420/crates/conformance)
   Compiling rack-compiler v0.1.0 (/home/bl/misofm/engine-420/crates/rack-compiler)
   Compiling graph v0.1.0 (/home/bl/misofm/engine-420/crates/graph)
   Compiling effect-package v0.1.0 (/home/bl/misofm/engine-420/crates/effect-package)
   Compiling builtins-compiler v0.1.0 (/home/bl/misofm/engine-420/crates/builtins-compiler)
   Compiling effect-compiler v0.1.0 (/home/bl/misofm/engine-420/crates/effect-compiler)
   Compiling graph-compiler v0.1.0 (/home/bl/misofm/engine-420/crates/graph-compiler)
   Compiling console-workload v0.1.0 (/home/bl/misofm/engine-420/tools/console-workload)
   Compiling bench v0.1.0 (/home/bl/misofm/engine-420/tools/bench)
    Finished `release` profile [optimized + debuginfo] target(s) in 8.23s
