   Compiling version_check v0.9.5
   Compiling lexical-util v1.0.7
   Compiling proc-macro2 v1.0.107
   Compiling quote v1.0.47
   Compiling unicode-ident v1.0.24
   Compiling syn v1.0.109
   Compiling autocfg v1.5.1
   Compiling once_cell v1.21.4
   Compiling smallvec v1.15.2
   Compiling utf8-decode v1.0.1
   Compiling decoded-char v0.1.1
   Compiling locspan v0.8.2
   Compiling engine v0.1.0 (/home/bl/misofm/engine-420/crates/engine)
   Compiling smallstr v0.3.1
   Compiling ahash v0.7.8
   Compiling proc-macro-error-attr v1.0.4
   Compiling proc-macro-error v1.0.4
   Compiling indexmap v1.9.3
   Compiling hashbrown v0.12.3
   Compiling lexical-write-integer v1.0.6
   Compiling lexical-parse-integer v1.0.6
   Compiling lexical-parse-float v1.0.6
   Compiling lexical-write-float v1.0.6
   Compiling lexical-core v1.0.6
   Compiling lexical v7.0.5
   Compiling json-number v0.4.10
   Compiling locspan-derive v0.6.0
   Compiling json-syntax v0.12.5
   Compiling session v0.1.0 (/home/bl/misofm/engine-420/crates/session)
   Compiling protocol v0.1.0 (/home/bl/misofm/engine-420/crates/protocol)
    Finished `release` profile [optimized + debuginfo] target(s) in 7.05s
scalar_export_decoder_status=0
 - func[469] <main> -> "main"
scalar_export_scan_status=0
scalar_run_status=0 result=main(i32:0, i32:0) => i32:0
   Compiling version_check v0.9.5
   Compiling proc-macro2 v1.0.107
   Compiling lexical-util v1.0.7
   Compiling unicode-ident v1.0.24
   Compiling quote v1.0.47
   Compiling syn v1.0.109
   Compiling autocfg v1.5.1
   Compiling once_cell v1.21.4
   Compiling smallvec v1.15.2
   Compiling utf8-decode v1.0.1
   Compiling locspan v0.8.2
   Compiling decoded-char v0.1.1
   Compiling engine v0.1.0 (/home/bl/misofm/engine-420/crates/engine)
   Compiling smallstr v0.3.1
   Compiling proc-macro-error-attr v1.0.4
   Compiling ahash v0.7.8
   Compiling proc-macro-error v1.0.4
   Compiling indexmap v1.9.3
   Compiling hashbrown v0.12.3
   Compiling lexical-write-integer v1.0.6
   Compiling lexical-parse-integer v1.0.6
   Compiling lexical-parse-float v1.0.6
   Compiling lexical-write-float v1.0.6
   Compiling lexical-core v1.0.6
   Compiling lexical v7.0.5
   Compiling json-number v0.4.10
   Compiling locspan-derive v0.6.0
   Compiling json-syntax v0.12.5
   Compiling session v0.1.0 (/home/bl/misofm/engine-420/crates/session)
   Compiling protocol v0.1.0 (/home/bl/misofm/engine-420/crates/protocol)
    Finished `release` profile [optimized + debuginfo] target(s) in 7.05s
simd_export_decoder_status=0
 - func[469] <main> -> "main"
simd_export_scan_status=0
simd_run_status=0 result=main(i32:0, i32:0) => i32:0
