1ef147e2689eb4081e2f33cead76a498bd75f02355ed5508cc13b203d95aee37  /tmp/463-sol2-candidate-codegen/native.o
495b69754a5fccd6de869f1d357ec99a2f70dd56db79e778952e5c0892784907  /tmp/463-sol2-candidate-codegen/wasm-scalar.o
655ca0e11fd161cd34d3f85783ff138b60668d16869cea9b39923e8c4d1ea6d0  /tmp/463-sol2-candidate-codegen/wasm-simd128.o
7a0164aec7d332070d4a4290e01fc219ad3769bcf2acb852b8c648a8d2144108  /tmp/463-sol2-candidate-native-decode.log
c0bed25af824b473035aac2f24e41331aec866468f1b757d3bd781daaf113f44  /tmp/463-sol2-candidate-native-issue463_mix2x2_scalar.body
32e5583cd34e3a8fe9ab1487e72d9a2cd6f3ceb394304d9eacd8faa7d759f9b5  /tmp/463-sol2-candidate-native-issue463_mix2x2_simd8.body
90af05ccba03f59a09bf24cd7b0d5d6e61c729c6cf5c3bcab87ec548cb8dcb19  /tmp/463-sol2-candidate-native-issue463_sum2_scalar.body
f62cd1a002786c12fd18353d213d3e4df763e8eb344f56824dc925acc16dae84  /tmp/463-sol2-candidate-native-issue463_sum2_simd8.body
84975fe1fd7f0737b69696fe13ce7021818de0bd13a2497d1ddc5b1cd119558b  /tmp/463-sol2-candidate-native-issue463_sum_into_scalar.body
4d92055cb8b67bb3de9504402e7fe34e84a25a0768032e23b022422a2b7ef351  /tmp/463-sol2-candidate-native-issue463_sum_into_simd8.body
306c4e338c024d27dda6d8a1d858738d7be5cb771271b5b66c3837b80ec1064a  /tmp/463-sol2-candidate-wasm-scalar-decode.log
3d72b15b17c6e0f07157dee1b29093a06f803665d6d0f03fcee58db56b35a853  /tmp/463-sol2-candidate-wasm-scalar-issue463_mix2x2_scalar.body
1357bdcf125907fcfb023f18f225f74b81446106137a621eb5ce847e9938095b  /tmp/463-sol2-candidate-wasm-scalar-issue463_mix2x2_simd4.body
8dbd7703eaf47866250adc468dda27614aa647d3015095e31e7b88e969299aeb  /tmp/463-sol2-candidate-wasm-scalar-issue463_sum2_scalar.body
7c63445ed9acbfcbfd3bf1cc126828ca71a583a3fb99d1568353f13c775549ee  /tmp/463-sol2-candidate-wasm-scalar-issue463_sum2_simd4.body
ac6da1b29a37a99ec061bd39bbd30471f7145476f50df8b32ec94fafc74d8995  /tmp/463-sol2-candidate-wasm-scalar-issue463_sum_into_scalar.body
4f7fa2bed1444e3a94c55ef45cbbae67f078620e6726dbbcd74bcc7d4015579f  /tmp/463-sol2-candidate-wasm-scalar-issue463_sum_into_simd4.body
53e01bc6fea02a85c3ca3936c65e4dec8d271119133d0661808ef469217685f9  /tmp/463-sol2-candidate-wasm-simd128-decode.log
65eea1ac1894d6051ee06da1a02b71dbe08f21502ea351fb80412a6d47f3d4e2  /tmp/463-sol2-candidate-wasm-simd128-issue463_mix2x2_scalar.body
97fbd8c3b1d7018e8f70e5e2f98ff9ee30128f52bf1c00920d89bf73c566c524  /tmp/463-sol2-candidate-wasm-simd128-issue463_mix2x2_simd4.body
d7ea5145e58d3c14abcfba8c7e2f96453e6e0467918911b63eea7410ad305fc5  /tmp/463-sol2-candidate-wasm-simd128-issue463_sum2_scalar.body
958d0aec0913fdadb87b435271014c7e5ff1446df225706fa6b01bef4b628c1a  /tmp/463-sol2-candidate-wasm-simd128-issue463_sum2_simd4.body
5ad8cc22f89908f4c02d34ded6313ff68c39c35220750ec0d39ee12b96dfd85f  /tmp/463-sol2-candidate-wasm-simd128-issue463_sum_into_scalar.body
715073611408a4e0be7d6dcfa46e9f8de98403d3e822848b3f75a7d7b2ef7ad3  /tmp/463-sol2-candidate-wasm-simd128-issue463_sum_into_simd4.body
