{"schema_version":1,"kind":"wasm_gates","leg":"native","runtime":"wasmtime 47.0.3","backend":2,"cases":139,"comparisons":349,"minmax_lowering_mismatches":0,"mismatches":[]}
   Compiling lane v0.1.0 (/home/bl/misofm/engine-lane2-plan/crates/lane)
   Compiling math v0.1.0 (/home/bl/misofm/engine-lane2-plan/crates/math)
   Compiling effect-contract v0.1.0 (/home/bl/misofm/engine-lane2-plan/crates/effect-contract)
   Compiling effect-runtime v0.1.0 (/home/bl/misofm/engine-lane2-plan/crates/effect-runtime)
   Compiling parametric-eq v0.1.0 (/home/bl/misofm/engine-lane2-plan/crates/parametric-eq)
   Compiling soft-clip v0.1.0 (/home/bl/misofm/engine-lane2-plan/crates/soft-clip)
   Compiling builtins v0.1.0 (/home/bl/misofm/engine-lane2-plan/crates/builtins)
   Compiling multiband-compressor v0.1.0 (/home/bl/misofm/engine-lane2-plan/crates/multiband-compressor)
   Compiling gate-expander v0.1.0 (/home/bl/misofm/engine-lane2-plan/crates/gate-expander)
   Compiling transient-shaper v0.1.0 (/home/bl/misofm/engine-lane2-plan/crates/transient-shaper)
   Compiling true-peak-limiter v0.1.0 (/home/bl/misofm/engine-lane2-plan/crates/true-peak-limiter)
   Compiling compressor v0.1.0 (/home/bl/misofm/engine-lane2-plan/crates/compressor)
   Compiling delay v0.1.0 (/home/bl/misofm/engine-lane2-plan/crates/delay)
   Compiling wasm-gate-corpus v0.1.0 (/home/bl/misofm/engine-lane2-plan/tools/wasm-gate-corpus)
   Compiling wasm-gate-guest v0.1.0 (/home/bl/misofm/engine-lane2-plan/tools/wasm-gate-guest)
    Finished `release` profile [optimized + debuginfo] target(s) in 9.69s
{"schema_version":1,"kind":"wasm_gates","leg":"wasm","runtime":"wasmtime 47.0.3","backend":0,"cases":139,"comparisons":349,"minmax_lowering_mismatches":0,"mismatches":[]}
   Compiling lane v0.1.0 (/home/bl/misofm/engine-lane2-plan/crates/lane)
   Compiling math v0.1.0 (/home/bl/misofm/engine-lane2-plan/crates/math)
   Compiling effect-contract v0.1.0 (/home/bl/misofm/engine-lane2-plan/crates/effect-contract)
   Compiling effect-runtime v0.1.0 (/home/bl/misofm/engine-lane2-plan/crates/effect-runtime)
   Compiling builtins v0.1.0 (/home/bl/misofm/engine-lane2-plan/crates/builtins)
   Compiling compressor v0.1.0 (/home/bl/misofm/engine-lane2-plan/crates/compressor)
   Compiling parametric-eq v0.1.0 (/home/bl/misofm/engine-lane2-plan/crates/parametric-eq)
   Compiling gate-expander v0.1.0 (/home/bl/misofm/engine-lane2-plan/crates/gate-expander)
   Compiling true-peak-limiter v0.1.0 (/home/bl/misofm/engine-lane2-plan/crates/true-peak-limiter)
   Compiling soft-clip v0.1.0 (/home/bl/misofm/engine-lane2-plan/crates/soft-clip)
   Compiling transient-shaper v0.1.0 (/home/bl/misofm/engine-lane2-plan/crates/transient-shaper)
   Compiling delay v0.1.0 (/home/bl/misofm/engine-lane2-plan/crates/delay)
   Compiling multiband-compressor v0.1.0 (/home/bl/misofm/engine-lane2-plan/crates/multiband-compressor)
   Compiling wasm-gate-corpus v0.1.0 (/home/bl/misofm/engine-lane2-plan/tools/wasm-gate-corpus)
   Compiling wasm-gate-guest v0.1.0 (/home/bl/misofm/engine-lane2-plan/tools/wasm-gate-guest)
    Finished `release` profile [optimized + debuginfo] target(s) in 6.65s
{"schema_version":1,"kind":"wasm_gates","leg":"wasm","runtime":"wasmtime 47.0.3","backend":1,"cases":139,"comparisons":349,"minmax_lowering_mismatches":0,"mismatches":[]}
wasm gates: detector history resident in locals on both guest legs
wasm gates: ok (native + wasm scalar + wasm simd128), evidence in /tmp/463-sol2-candidate-wasm-gates/wasm-gates.jsonl
