   Compiling typenum v1.20.1
   Compiling engine v0.1.0 (/home/bl/misofm/engine-lane2-plan/crates/engine)
   Compiling math v0.1.0 (/home/bl/misofm/engine-lane2-plan/crates/math)
   Compiling cfg-if v1.0.4
   Compiling cpufeatures v0.3.0
   Compiling dsp-reference v0.1.0 (/home/bl/misofm/engine-lane2-plan/crates/dsp-reference)
   Compiling effect-contract v0.1.0 (/home/bl/misofm/engine-lane2-plan/crates/effect-contract)
   Compiling hybrid-array v0.4.14
   Compiling rack v0.1.0 (/home/bl/misofm/engine-lane2-plan/crates/rack)
   Compiling conformance v0.1.0 (/home/bl/misofm/engine-lane2-plan/crates/conformance)
   Compiling crypto-common v0.2.2
   Compiling block-buffer v0.12.1
   Compiling graph v0.1.0 (/home/bl/misofm/engine-lane2-plan/crates/graph)
   Compiling digest v0.11.3
   Compiling sha2 v0.11.0
   Compiling bench-support v0.1.0 (/home/bl/misofm/engine-lane2-plan/tools/bench-support)
    Finished `release` profile [optimized + debuginfo] target(s) in 14.10s
     Running tests/rt1_direct_bank_alloc.rs (/tmp/463-sol2-qualification-target/release/deps/rt1_direct_bank_alloc-7d3f2c0740339fd5)

running 1 test
test direct_bank_graph_render_is_allocation_free_and_bit_exact ... ok

test result: ok. 1 passed; 0 failed; 0 ignored; 0 measured; 0 filtered out; finished in 0.00s

