Diff in /home/bl/misofm/engine-limiter-stationary-dispatch/crates/true-peak-limiter/src/lib.rs:729:
                 (limit.advance(), release.advance())
             }
         }
[31m-        DISPATCH_STATIONARY => {
(B[m[31m-            (limit.resting_value(), release.resting_value())
(B[m[31m-        }
(B[m[32m+        DISPATCH_STATIONARY => (limit.resting_value(), release.resting_value()),
(B[m         DISPATCH_RAMPING => (limit.advance(), release.advance()),
         _ => unreachable!("invalid limiter dispatch"),
     }
Diff in /home/bl/misofm/engine-limiter-stationary-dispatch/crates/true-peak-limiter/src/lib.rs:4769:
             if mono {
                 oracle.process_block_mono_runtime_oracle(&mut oracle_left, FRAMES);
             } else {
[31m-                oracle.process_block_runtime_oracle(
(B[m[31m-                    &mut oracle_left,
(B[m[31m-                    &mut oracle_right,
(B[m[31m-                    FRAMES,
(B[m[31m-                );
(B[m[32m+                oracle.process_block_runtime_oracle(&mut oracle_left, &mut oracle_right, FRAMES);
(B[m             }
             let oracle_observation = dispatch_observation();
 
Diff in /home/bl/misofm/engine-limiter-stationary-dispatch/crates/true-peak-limiter/src/lib.rs:4839:
             }
         }
 
[31m-        assert!(
(B[m[31m-            populated,
(B[m[31m-            "{label}: witness PCM never became populated"
(B[m[31m-        );
(B[m[32m+        assert!(populated, "{label}: witness PCM never became populated");
(B[m     }
 
     /// The candidate and the shared runtime oracle agree on populated PCM and complete state while
Diff in /home/bl/misofm/engine-limiter-stationary-dispatch/crates/true-peak-limiter/tests/mono_collapse.rs:63:
 }
 
 fn has_non_one_word(bytes: &[u8]) -> bool {
[31m-    bytes
(B[m[31m-        .chunks_exact(4)
(B[m[31m-        .any(|word| {
(B[m[31m-            u32::from_le_bytes(word.try_into().expect("four-byte word")) != 1.0_f32.to_bits()
(B[m[31m-        })
(B[m[32m+    bytes.chunks_exact(4).any(|word| {
(B[m[32m+        u32::from_le_bytes(word.try_into().expect("four-byte word")) != 1.0_f32.to_bits()
(B[m[32m+    })
(B[m }
 
 /// The complete payload equality below is the state contract. These narrower checks only prove
