   Compiling compressor v0.1.0 (/home/bl/misofm/engine-native-points/crates/compressor)
    Finished `release` profile [optimized + debuginfo] target(s) in 8.62s
     Running unittests src/lib.rs (target/release/deps/compressor-d08958c13ecfb79c)
     Running tests/conformance.rs (target/release/deps/conformance-2b1f5eb7d25e2be3)
     Running tests/contract.rs (target/release/deps/contract-89ba8ffdf00f0200)
     Running tests/cross_target.rs (target/release/deps/cross_target-7be63acca4ac125a)
     Running tests/identity.rs (target/release/deps/identity-1a65a5dc217b6015)
     Running tests/lane_identity.rs (target/release/deps/lane_identity-c30115632f3d248b)
     Running tests/mono_collapse.rs (target/release/deps/mono_collapse-125c955227a07346)
     Running tests/native_points.rs (target/release/deps/native_points-ca115502a460040c)
     Running tests/nonfinite.rs (target/release/deps/nonfinite-d3ac22738f95288d)
     Running tests/observation.rs (target/release/deps/observation-52a5c458c33d6f89)
     Running tests/oracle.rs (target/release/deps/oracle-82950972cbac5e54)
     Running tests/partition.rs (target/release/deps/partition-53b6cfa0948991b7)
     Running tests/payload.rs (target/release/deps/payload-55496475c904024e)
     Running tests/ramps.rs (target/release/deps/ramps-456f0e7fe950e73a)
     Running tests/silent_fixed_point.rs (target/release/deps/silent_fixed_point-5cd2bdc6f0163b77)
     Running tests/staged_idle.rs (target/release/deps/staged_idle-81632149ee2def4e)
     Running tests/static_curve.rs (target/release/deps/static_curve-3a3ca8c0ff99f993)
   Doc-tests compressor
